Component: ARM Compiler 5.06 update 6 (build 750) Tool: armlink [4d35ed]

==============================================================================

Section Cross References

    main.o(i.advertising_start) refers to nrf_log_frontend.o(i.nrf_log_frontend_std_0) for nrf_log_frontend_std_0
    main.o(i.advertising_start) refers to peer_manager.o(i.pm_peers_delete) for pm_peers_delete
    main.o(i.advertising_start) refers to ble_advertising.o(i.ble_advertising_start) for ble_advertising_start
    main.o(i.advertising_start) refers to app_error.o(i.app_error_handler_bare) for app_error_handler_bare
    main.o(i.advertising_start) refers to nrf_log_frontend.o(log_const_data) for m_nrf_log_app_logs_data_const
    main.o(i.advertising_start) refers to main.o(.bss) for .bss
    main.o(i.assert_nrf_callback) refers to app_error_handler_keil.o(.emb_text) for app_error_handler
    main.o(i.ble_evt_handler) refers to nrf_log_frontend.o(i.nrf_log_frontend_std_0) for nrf_log_frontend_std_0
    main.o(i.ble_evt_handler) refers to bsp.o(i.bsp_indication_set) for bsp_indication_set
    main.o(i.ble_evt_handler) refers to app_error.o(i.app_error_handler_bare) for app_error_handler_bare
    main.o(i.ble_evt_handler) refers to nrf_ble_qwr.o(i.nrf_ble_qwr_conn_handle_assign) for nrf_ble_qwr_conn_handle_assign
    main.o(i.ble_evt_handler) refers to nrf_log_frontend.o(log_const_data) for m_nrf_log_app_logs_data_const
    main.o(i.ble_evt_handler) refers to main.o(.data) for .data
    main.o(i.ble_evt_handler) refers to main.o(.bss) for .bss
    main.o(i.bsp_event_handler) refers to main.o(i.sleep_mode_enter) for sleep_mode_enter
    main.o(i.bsp_event_handler) refers to app_error.o(i.app_error_handler_bare) for app_error_handler_bare
    main.o(i.bsp_event_handler) refers to ble_advertising.o(i.ble_advertising_restart_without_whitelist) for ble_advertising_restart_without_whitelist
    main.o(i.bsp_event_handler) refers to main.o(.data) for .data
    main.o(i.bsp_event_handler) refers to main.o(.bss) for .bss
    main.o(i.conn_params_error_handler) refers to app_error.o(i.app_error_handler_bare) for app_error_handler_bare
    main.o(i.curtain_write_handler) refers to main.o(i.nrf_gpio_pin_set) for nrf_gpio_pin_set
    main.o(i.curtain_write_handler) refers to app_timer2.o(i.app_timer_start) for app_timer_start
    main.o(i.curtain_write_handler) refers to main.o(.data) for .data
    main.o(i.curtain_write_handler) refers to main.o(.constdata) for .constdata
    main.o(i.dong_co_init) refers to main.o(i.nrf_gpio_cfg_output) for nrf_gpio_cfg_output
    main.o(i.dong_co_init) refers to main.o(i.nrf_gpio_pin_clear) for nrf_gpio_pin_clear
    main.o(i.dong_co_init) refers to nrf_log_frontend.o(i.nrf_log_frontend_std_0) for nrf_log_frontend_std_0
    main.o(i.dong_co_init) refers to nrf_log_frontend.o(log_const_data) for m_nrf_log_app_logs_data_const
    main.o(i.main) refers to nrf_log_frontend.o(i.nrf_log_init) for nrf_log_init
    main.o(i.main) refers to app_error.o(i.app_error_handler_bare) for app_error_handler_bare
    main.o(i.main) refers to nrf_log_default_backends.o(i.nrf_log_default_backends_init) for nrf_log_default_backends_init
    main.o(i.main) refers to app_timer2.o(i.app_timer_init) for app_timer_init
    main.o(i.main) refers to app_timer2.o(i.app_timer_create) for app_timer_create
    main.o(i.main) refers to bsp.o(i.bsp_init) for bsp_init
    main.o(i.main) refers to bsp_btn_ble.o(i.bsp_btn_ble_init) for bsp_btn_ble_init
    main.o(i.main) refers to nrf_pwr_mgmt.o(i.nrf_pwr_mgmt_init) for nrf_pwr_mgmt_init
    main.o(i.main) refers to nrf_sdh.o(i.nrf_sdh_enable_request) for nrf_sdh_enable_request
    main.o(i.main) refers to nrf_sdh_ble.o(i.nrf_sdh_ble_default_cfg_set) for nrf_sdh_ble_default_cfg_set
    main.o(i.main) refers to nrf_sdh_ble.o(i.nrf_sdh_ble_enable) for nrf_sdh_ble_enable
    main.o(i.main) refers to nrf_ble_gatt.o(i.nrf_ble_gatt_init) for nrf_ble_gatt_init
    main.o(i.main) refers to main.o(i.dong_co_init) for dong_co_init
    main.o(i.main) refers to nrf_ble_qwr.o(i.nrf_ble_qwr_init) for nrf_ble_qwr_init
    main.o(i.main) refers to our_service.o(i.our_service_init) for our_service_init
    main.o(i.main) refers to memseta.o(.text) for __aeabi_memclr4
    main.o(i.main) refers to ble_advertising.o(i.ble_advertising_init) for ble_advertising_init
    main.o(i.main) refers to ble_advertising.o(i.ble_advertising_conn_cfg_tag_set) for ble_advertising_conn_cfg_tag_set
    main.o(i.main) refers to ble_conn_params.o(i.ble_conn_params_init) for ble_conn_params_init
    main.o(i.main) refers to main.o(i.peer_manager_init) for peer_manager_init
    main.o(i.main) refers to nrf_log_frontend.o(i.nrf_log_frontend_std_0) for nrf_log_frontend_std_0
    main.o(i.main) refers to main.o(i.advertising_start) for advertising_start
    main.o(i.main) refers to nrf_log_frontend.o(i.nrf_log_frontend_dequeue) for nrf_log_frontend_dequeue
[...]
    sdh_stack_observers0$$Base               0x00032b78   Number         0  nrf_sdh_ble.o(sdh_stack_observers0)
    sdh_stack_observers0$$Limit              0x00032b88   Number         0  nrf_sdh_soc.o(sdh_stack_observers0)
    sdh_state_observers0$$Base               0x00032b88   Number         0  nrf_drv_clock.o(sdh_state_observers0)
    sdh_state_observers0$$Limit              0x00032b98   Number         0  nrf_fstorage_sd.o(sdh_state_observers0)
    Image$$RW_IRAM1$$Base                    0x20002270   Number         0  anon$$obj.o ABSOLUTE
    curtain_state_global                     0x20002270   Data           1  main.o(.data)
    nrf_drv_uart_use_easy_dma                0x200022f8   Data           2  nrf_drv_uart.o(.data)
    m_uart                                   0x200023ac   Data          20  nrf_log_backend_uart.o(.data)
    SystemCoreClock                          0x20002420   Data           4  system_nrf52840.o(.data)
    fs_data$$Base                            0x20002424   Number         0  fds.o(fs_data)
    m_fs                                     0x20002424   Data          20  fds.o(fs_data)
    fs_data$$Limit                           0x20002438   Number         0  fds.o(fs_data)
    m_our_service                            0x200028ac   Data          16  main.o(.bss)
    nrf_nvic_state                           0x20002e68   Data          12  app_util_platform.o(.bss)
    __initial_sp                             0x200055d8   Data           0  arm_startup_nrf52840.o(STACK)



==============================================================================

Memory Map of the image

  Image Entry point : 0x00027201

  Load Region LR_IROM1 (Base: 0x00027000, Size: 0x0000bd60, Max: 0x000d9000, ABSOLUTE, COMPRESSED[0x0000bbf8])

    Execution Region ER_IROM1 (Exec base: 0x00027000, Load base: 0x00027000, Size: 0x0000bb98, Max: 0x000d9000, ABSOLUTE)

    Exec Addr    Load Addr    Size         Type   Attr      Idx    E Section Name        Object

    0x00027000   0x00027000   0x00000200   Data   RO         7395    RESET               arm_startup_nrf52840.o
    0x00027200   0x00027200   0x00000000   Code   RO         7451  * .ARM.Collect$$$$00000000  mc_w.l(entry.o)
    0x00027200   0x00027200   0x00000004   Code   RO         7505    .ARM.Collect$$$$00000001  mc_w.l(entry2.o)
    0x00027204   0x00027204   0x00000004   Code   RO         7508    .ARM.Collect$$$$00000004  mc_w.l(entry5.o)
    0x00027208   0x00027208   0x00000000   Code   RO         7510    .ARM.Collect$$$$00000008  mc_w.l(entry7b.o)
    0x00027208   0x00027208   0x00000000   Code   RO         7512    .ARM.Collect$$$$0000000A  mc_w.l(entry8b.o)
    0x00027208   0x00027208   0x00000008   Code   RO         7513    .ARM.Collect$$$$0000000B  mc_w.l(entry9a.o)
    0x00027210   0x00027210   0x00000000   Code   RO         7515    .ARM.Collect$$$$0000000D  mc_w.l(entry10a.o)
    0x00027210   0x00027210   0x00000000   Code   RO         7517    .ARM.Collect$$$$0000000F  mc_w.l(entry11a.o)
    0x00027210   0x00027210   0x00000004   Code   RO         7506    .ARM.Collect$$$$00002712  mc_w.l(entry2.o)
    0x00027214   0x00027214   0x000000c8   Code   RO         5417    .emb_text           nrf_atfifo.o
    0x000272dc   0x000272dc   0x000000e2   Code   RO         5553    .emb_text           nrf_atomic.o
    0x000273be   0x000273be   0x00000002   PAD
    0x000273c0   0x000273c0   0x00000024   Code   RO         7396    .text               arm_startup_nrf52840.o
    0x000273e4   0x000273e4   0x00000062   Code   RO         7459    .text               mc_w.l(uldiv.o)
    0x00027446   0x00027446   0x0000001e   Code   RO         7461    .text               mc_w.l(llshl.o)
    0x00027464   0x00027464   0x00000008   Code   RO         7463    .text               mc_w.l(ctype_o.o)
    0x0002746c   0x0002746c   0x00000024   Code   RO         7491    .text               mc_w.l(memcpya.o)
    0x00027490   0x00027490   0x00000024   Code   RO         7493    .text               mc_w.l(memseta.o)
    0x000274b4   0x000274b4   0x0000000e   Code   RO         7495    .text               mc_w.l(strlen.o)
    0x000274c2   0x000274c2   0x0000001a   Code   RO         7499    .text               mc_w.l(memcmp.o)
    0x000274dc   0x000274dc   0x00000020   Code   RO         7520    .text               mc_w.l(llushr.o)
    0x000274fc   0x000274fc   0x00000024   Code   RO         7523    .text               mc_w.l(init.o)
    0x00027520   0x00027520   0x00000056   Code   RO         7533    .text               mc_w.l(__dczerorl2.o)
    0x00027576   0x00027576   0x00000002   PAD
    0x00027578   0x00027578   0x000000a4   Code   RO         3518    i.GPIOTE_IRQHandler  nrfx_gpiote.o
    0x0002761c   0x0002761c   0x00000058   Code   RO         3379    i.POWER_CLOCK_IRQHandler  nrfx_clock.o
    0x00027674   0x00027674   0x00000010   Code   RO         4881    i.RTC1_IRQHandler   drv_rtc.o
    0x00027684   0x00027684   0x00000004   Code   RO         7136    i.SWI2_EGU2_IRQHandler  nrf_sdh.o
    0x00027688   0x00027688   0x000001d4   Code   RO         7404    i.SystemInit        system_nrf52840.o
    0x0002785c   0x0002785c   0x00000050   Code   RO         4265    i.TIMER4_IRQHandler  nrfx_timer.o
    0x000278ac   0x000278ac   0x0000000c   Code   RO         3843    i.UARTE0_UART0_IRQHandler  nrfx_prs.o
    0x000278b8   0x000278b8   0x0000000e   Code   RO         7527    i.__scatterload_copy  mc_w.l(handlers.o)
    0x000278c6   0x000278c6   0x00000002   Code   RO         7528    i.__scatterload_null  mc_w.l(handlers.o)
    0x000278c8   0x000278c8   0x0000000e   Code   RO         7529    i.__scatterload_zeroinit  mc_w.l(handlers.o)
    0x000278d6   0x000278d6   0x00000002   PAD
    0x000278d8   0x000278d8   0x00000024   Code   RO         7137    i.__sd_nvic_app_accessible_irq  nrf_sdh.o
    0x000278fc   0x000278fc   0x00000026   Code   RO         1601    i.addr_compare      id_manager.o
    0x00027922   0x00027922   0x0000000c   Code   RO         5805    i.addr_is_aligned32  nrf_fstorage.o
    0x0002792e   0x0002792e   0x00000018   Code   RO         5806    i.addr_is_within_bounds  nrf_fstorage.o
    0x00027946   0x00027946   0x00000010   Code   RO          942    i.adv_set_data_size_max_get  ble_advertising.o
    0x00027956   0x00027956   0x00000036   Code   RO          702    i.advertising_buttons_configure  bsp_btn_ble.o
    0x0002798c   0x0002798c   0x00000050   Code   RO            4    i.advertising_start  main.o
    0x000279dc   0x000279dc   0x00000052   Code   RO         1602    i.ah                id_manager.o
    0x00027a2e   0x00027a2e   0x00000006   Code   RO          585    i.alert_timer_handler  bsp.o
    0x00027a34   0x00027a34   0x0000000c   Code   RO         2718    i.allow_repairing   security_dispatcher.o
    0x00027a40   0x00027a40   0x00000024   Code   RO         4395    i.app_button_enable  app_button.o
    0x00027a64   0x00027a64   0x00000080   Code   RO         4396    i.app_button_init   app_button.o
    0x00027ae4   0x00027ae4   0x00000084   Code   RO         4553    i.app_error_fault_handler  app_error_weak.o
    0x00027b68   0x00027b68   0x00000016   Code   RO         4493    i.app_error_handler_bare  app_error.o
    0x00027b7e   0x00027b7e   0x00000002   PAD
    0x00027b80   0x00027b80   0x0000000c   Code   RO         4648    i.app_timer_cnt_get  app_timer2.o
    0x00027b8c   0x00027b8c   0x00000016   Code   RO         4649    i.app_timer_create  app_timer2.o
    0x00027ba2   0x00027ba2   0x00000002   PAD
    0x00027ba4   0x00027ba4   0x0000005c   Code   RO         4650    i.app_timer_init    app_timer2.o
    0x00027c00   0x00027c00   0x00000030   Code   RO         4653    i.app_timer_start   app_timer2.o
    0x00027c30   0x00027c30   0x0000000c   Code   RO         4654    i.app_timer_stop    app_timer2.o
    0x00027c3c   0x00027c3c   0x00000048   Code   RO         4786    i.app_util_critical_region_enter  app_util_platform.o
    0x00027c84   0x00027c84   0x00000034   Code   RO         4787    i.app_util_critical_region_exit  app_util_platform.o
    0x00027cb8   0x00027cb8   0x00000076   Code   RO         3897    i.apply_config      nrfx_uart.o
    0x00027d2e   0x00027d2e   0x00000076   Code   RO         4095    i.apply_config      nrfx_uarte.o
    0x00027da4   0x00027da4   0x00000004   Code   RO         1340    i.apply_pending_handle  gatt_cache_manager.o
    0x00027da8   0x00027da8   0x00000180   Code   RO         2719    i.auth_status_success_process  security_dispatcher.o
    0x00027f28   0x00027f28   0x00000182   Code   RO          836    i.ble_advdata_encode  ble_advdata.o
    0x000280aa   0x000280aa   0x00000020   Code   RO          838    i.ble_advdata_parse  ble_advdata.o
    0x000280ca   0x000280ca   0x00000046   Code   RO          839    i.ble_advdata_search  ble_advdata.o
    0x00028110   0x00028110   0x00000006   Code   RO          944    i.ble_advertising_conn_cfg_tag_set  ble_advertising.o
    0x00028116   0x00028116   0x000000e8   Code   RO          945    i.ble_advertising_init  ble_advertising.o
    0x000281fe   0x000281fe   0x0000006a   Code   RO          947    i.ble_advertising_on_ble_evt  ble_advertising.o
    0x00028268   0x00028268   0x0000003a   Code   RO          949    i.ble_advertising_restart_without_whitelist  ble_advertising.o
    0x000282a2   0x000282a2   0x00000230   Code   RO          950    i.ble_advertising_start  ble_advertising.o
    0x000284d2   0x000284d2   0x00000002   PAD
    0x000284d4   0x000284d4   0x00000068   Code   RO         1035    i.ble_conn_params_init  ble_conn_params.o
    0x0002853c   0x0002853c   0x00000020   Code   RO         1111    i.ble_conn_state_encrypted  ble_conn_state.o
    0x0002855c   0x0002855c   0x0000002c   Code   RO         1113    i.ble_conn_state_for_each_set_user_flag  ble_conn_state.o
    0x00028588   0x00028588   0x00000020   Code   RO         1115    i.ble_conn_state_lesc  ble_conn_state.o
    0x000285a8   0x000285a8   0x00000020   Code   RO         1116    i.ble_conn_state_mitm_protected  ble_conn_state.o
    0x000285c8   0x000285c8   0x00000024   Code   RO         1119    i.ble_conn_state_role  ble_conn_state.o
    0x000285ec   0x000285ec   0x00000024   Code   RO         1120    i.ble_conn_state_status  ble_conn_state.o
    0x00028610   0x00028610   0x00000018   Code   RO         1121    i.ble_conn_state_user_flag_acquire  ble_conn_state.o
    0x00028628   0x00028628   0x00000030   Code   RO         1122    i.ble_conn_state_user_flag_get  ble_conn_state.o
    0x00028658   0x00028658   0x00000038   Code   RO         1123    i.ble_conn_state_user_flag_set  ble_conn_state.o
    0x00028690   0x00028690   0x00000014   Code   RO         1124    i.ble_conn_state_valid  ble_conn_state.o
    0x000286a4   0x000286a4   0x00000060   Code   RO          842    i.ble_device_addr_encode  ble_advdata.o
    0x00028704   0x00028704   0x000000b4   Code   RO            6    i.ble_evt_handler   main.o
    0x000287b8   0x000287b8   0x00000070   Code   RO          703    i.ble_evt_handler   bsp_btn_ble.o
    0x00028828   0x00028828   0x000000fc   Code   RO         1037    i.ble_evt_handler   ble_conn_params.o
    0x00028924   0x00028924   0x00000118   Code   RO         1125    i.ble_evt_handler   ble_conn_state.o
    0x00028a3c   0x00028a3c   0x00000028   Code   RO         2265    i.ble_evt_handler   peer_manager.o
    0x00028a64   0x00028a64   0x00000080   Code   RO         7346    i.ble_our_service_on_ble_evt  our_service.o
    0x00028ae4   0x00028ae4   0x00000008   Code   RO         1280    i.ble_srv_is_notification_enabled  ble_srv_common.o
    0x00028aec   0x00028aec   0x0000000c   Code   RO          467    i.bsp_board_button_idx_to_pin  boards.o
    0x00028af8   0x00028af8   0x00000028   Code   RO          468    i.bsp_board_button_state_get  boards.o
    0x00028b20   0x00028b20   0x00000054   Code   RO          469    i.bsp_board_init    boards.o
    0x00028b74   0x00028b74   0x0000002c   Code   RO          471    i.bsp_board_led_invert  boards.o
    0x00028ba0   0x00028ba0   0x00000010   Code   RO          472    i.bsp_board_led_off  boards.o
    0x00028bb0   0x00028bb0   0x00000010   Code   RO          473    i.bsp_board_led_on  boards.o
    0x00028bc0   0x00028bc0   0x00000028   Code   RO          474    i.bsp_board_led_state_get  boards.o
    0x00028be8   0x00028be8   0x00000012   Code   RO          475    i.bsp_board_leds_off  boards.o
    0x00028bfa   0x00028bfa   0x00000012   Code   RO          476    i.bsp_board_leds_on  boards.o
    0x00028c0c   0x00028c0c   0x00000024   Code   RO          477    i.bsp_board_pin_to_button_idx  boards.o
    0x00028c30   0x00028c30   0x00000038   Code   RO          704    i.bsp_btn_ble_init  bsp_btn_ble.o
    0x00028c68   0x00028c68   0x0000001e   Code   RO          705    i.bsp_btn_ble_sleep_mode_prepare  bsp_btn_ble.o
    0x00028c86   0x00028c86   0x00000002   PAD
    0x00028c88   0x00028c88   0x00000090   Code   RO          586    i.bsp_button_event_handler  bsp.o
    0x00028d18   0x00028d18   0x0000000c   Code   RO          587    i.bsp_button_is_pressed  bsp.o
    0x00028d24   0x00028d24   0x0000004c   Code   RO            7    i.bsp_event_handler  main.o
    0x00028d70   0x00028d70   0x00000044   Code   RO          590    i.bsp_event_to_button_action_assign  bsp.o
    0x00028db4   0x00028db4   0x00000018   Code   RO          591    i.bsp_indication_set  bsp.o
    0x00028dcc   0x00028dcc   0x00000094   Code   RO          592    i.bsp_init          bsp.o
    0x00028e60   0x00028e60   0x000001c8   Code   RO          593    i.bsp_led_indication  bsp.o
    0x00029028   0x00029028   0x00000006   Code   RO          595    i.bsp_wakeup_button_enable  bsp.o
    0x0002902e   0x0002902e   0x00000002   PAD
    0x00029030   0x00029030   0x00000094   Code   RO         6535    i.buf_prealloc      nrf_log_frontend.o
    0x000290c4   0x000290c4   0x0000002e   Code   RO         5765    i.buffer_add        nrf_fprintf_format.o
    0x000290f2   0x000290f2   0x00000002   PAD
    0x000290f4   0x000290f4   0x00000018   Code   RO         6536    i.buffer_is_empty   nrf_log_frontend.o
    0x0002910c   0x0002910c   0x00000028   Code   RO         4398    i.button_get        app_button.o
    0x00029134   0x00029134   0x00000008   Code   RO          596    i.button_timer_handler  bsp.o
    0x0002913c   0x0002913c   0x00000028   Code   RO         1341    i.car_update_needed  gatt_cache_manager.o
    0x00029164   0x00029164   0x00000040   Code   RO         1342    i.car_update_pending_handle  gatt_cache_manager.o
    0x000291a4   0x000291a4   0x0000001c   Code   RO         3519    i.channel_free      nrfx_gpiote.o
    0x000291c0   0x000291c0   0x00000048   Code   RO         3520    i.channel_port_alloc  nrfx_gpiote.o
    0x00029208   0x00029208   0x00000010   Code   RO         3521    i.channel_port_get  nrfx_gpiote.o
    0x00029218   0x00029218   0x0000003e   Code   RO         2175    i.claim             peer_id.o
    0x00029256   0x00029256   0x00000002   PAD
    0x00029258   0x00029258   0x00000028   Code   RO         3034    i.clock_clk_started_notify  nrf_drv_clock.o
    0x00029280   0x00029280   0x0000001c   Code   RO         3035    i.clock_irq_handler  nrf_drv_clock.o
    0x0002929c   0x0002929c   0x00000018   Code   RO         4656    i.compare_func      app_timer2.o
    0x000292b4   0x000292b4   0x0000003e   Code   RO         1126    i.conn_handle_list_get  ble_conn_state.o
    0x000292f2   0x000292f2   0x00000088   Code   RO          843    i.conn_int_encode   ble_advdata.o
    0x0002937a   0x0002937a   0x00000004   Code   RO            8    i.conn_params_error_handler  main.o
    0x0002937e   0x0002937e   0x00000002   PAD
    0x00029380   0x00029380   0x00000048   Code   RO         1038    i.conn_params_negotiation  ble_conn_params.o
    0x000293c8   0x000293c8   0x00000044   Code   RO         2720    i.conn_sec_failure  security_dispatcher.o
    0x0002940c   0x0002940c   0x00000034   Code   RO            9    i.curtain_write_handler  main.o
    0x00029440   0x00029440   0x000000a0   Code   RO         7347    i.da_ghi            our_service.o
    0x000294e0   0x000294e0   0x000000c0   Code   RO         1770    i.data_length_update  nrf_ble_gatt.o
    0x000295a0   0x000295a0   0x00000030   Code   RO         1343    i.db_update_pending_handle  gatt_cache_manager.o
    0x000295d0   0x000295d0   0x0000008c   Code   RO         5050    i.delete_execute    fds.o
    0x0002965c   0x0002965c   0x00000048   Code   RO         4399    i.detection_delay_timeout_handler  app_button.o
    0x000296a4   0x000296a4   0x00000050   Code   RO           10    i.dong_co_init      main.o
    0x000296f4   0x000296f4   0x00000014   Code   RO         6537    i.dropped_sat16_get  nrf_log_frontend.o
    0x00029708   0x00029708   0x00000014   Code   RO         4882    i.drv_rtc_compare_disable  drv_rtc.o
    0x0002971c   0x0002971c   0x0000000e   Code   RO         4885    i.drv_rtc_compare_pending  drv_rtc.o
    0x0002972a   0x0002972a   0x00000050   Code   RO         4886    i.drv_rtc_compare_set  drv_rtc.o
    0x0002977a   0x0002977a   0x00000008   Code   RO         4887    i.drv_rtc_counter_get  drv_rtc.o
    0x00029782   0x00029782   0x00000002   PAD
    0x00029784   0x00029784   0x000000d8   Code   RO         4888    i.drv_rtc_init      drv_rtc.o
    0x0002985c   0x0002985c   0x0000001e   Code   RO         4889    i.drv_rtc_irq_trigger  drv_rtc.o
    0x0002987a   0x0002987a   0x00000008   Code   RO         4891    i.drv_rtc_overflow_enable  drv_rtc.o
    0x00029882   0x00029882   0x00000008   Code   RO         4892    i.drv_rtc_overflow_pending  drv_rtc.o
    0x0002988a   0x0002988a   0x00000008   Code   RO         4893    i.drv_rtc_start     drv_rtc.o
    0x00029892   0x00029892   0x00000008   Code   RO         4894    i.drv_rtc_stop      drv_rtc.o
    0x0002989a   0x0002989a   0x000000de   Code   RO         4899    i.drv_rtc_windowed_compare_set  drv_rtc.o
    0x00029978   0x00029978   0x0000000a   Code   RO         2721    i.encryption_failure  security_dispatcher.o
    0x00029982   0x00029982   0x00000002   PAD
    0x00029984   0x00029984   0x0000004c   Code   RO         5892    i.erase             nrf_fstorage_sd.o
    0x000299d0   0x000299d0   0x00000074   Code   RO         5051    i.event_prepare     fds.o
    0x00029a44   0x00029a44   0x00000020   Code   RO         5052    i.event_send        fds.o
    0x00029a64   0x00029a64   0x00000054   Code   RO         5893    i.event_send        nrf_fstorage_sd.o
    0x00029ab8   0x00029ab8   0x00000098   Code   RO         2859    i.events_send_from_err_code  security_manager.o
    0x00029b50   0x00029b50   0x00000012   Code   RO         4900    i.evt_enable        drv_rtc.o
    0x00029b62   0x00029b62   0x00000002   PAD
    0x00029b64   0x00029b64   0x000000e0   Code   RO         4400    i.evt_handle        app_button.o
    0x00029c44   0x00029c44   0x00000014   Code   RO         4901    i.evt_pending       drv_rtc.o
    0x00029c58   0x00029c58   0x0000001c   Code   RO         1344    i.evt_send          gatt_cache_manager.o
    0x00029c74   0x00029c74   0x0000001c   Code   RO         1506    i.evt_send          gatts_cache_manager.o
    0x00029c90   0x00029c90   0x0000002c   Code   RO         2266    i.evt_send          peer_manager.o
    0x00029cbc   0x00029cbc   0x0000001c   Code   RO         2722    i.evt_send          security_dispatcher.o
    0x00029cd8   0x00029cd8   0x0000000c   Code   RO         2860    i.evt_send          security_manager.o
    0x00029ce4   0x00029ce4   0x000000e0   Code   RO         1913    i.fds_evt_handler   peer_data_storage.o
    0x00029dc4   0x00029dc4   0x00000048   Code   RO         5054    i.fds_file_delete   fds.o
    0x00029e0c   0x00029e0c   0x00000040   Code   RO         5055    i.fds_gc            fds.o
    0x00029e4c   0x00029e4c   0x000000e4   Code   RO         5056    i.fds_init          fds.o
    0x00029f30   0x00029f30   0x00000048   Code   RO         5057    i.fds_record_close  fds.o
    0x00029f78   0x00029f78   0x0000000e   Code   RO         5059    i.fds_record_find   fds.o
    0x00029f86   0x00029f86   0x00000010   Code   RO         5060    i.fds_record_find_by_key  fds.o
    0x00029f96   0x00029f96   0x00000010   Code   RO         5061    i.fds_record_find_in_file  fds.o
    0x00029fa6   0x00029fa6   0x00000012   Code   RO         5062    i.fds_record_id_from_desc  fds.o
    0x00029fb8   0x00029fb8   0x0000004c   Code   RO         5064    i.fds_record_open   fds.o
    0x0002a004   0x0002a004   0x00000010   Code   RO         5065    i.fds_record_update  fds.o
    0x0002a014   0x0002a014   0x00000008   Code   RO         5066    i.fds_record_write  fds.o
    0x0002a01c   0x0002a01c   0x00000030   Code   RO         5068    i.fds_register      fds.o
    0x0002a04c   0x0002a04c   0x00000014   Code   RO         1914    i.file_id_within_pm_range  peer_data_storage.o
    0x0002a060   0x0002a060   0x00000012   Code   RO         2723    i.flag_id_init      security_dispatcher.o
    0x0002a072   0x0002a072   0x00000012   Code   RO         2861    i.flag_id_init      security_manager.o
    0x0002a084   0x0002a084   0x0000000a   Code   RO         1127    i.flag_toggle       ble_conn_state.o
    0x0002a08e   0x0002a08e   0x00000028   Code   RO          952    i.flags_set         ble_advertising.o
    0x0002a0b6   0x0002a0b6   0x00000002   PAD
    0x0002a0b8   0x0002a0b8   0x00000030   Code   RO         2862    i.flags_set_from_err_code  security_manager.o
    0x0002a0e8   0x0002a0e8   0x00000030   Code   RO         1128    i.for_each_set_flag  ble_conn_state.o
    0x0002a118   0x0002a118   0x00000006   Code   RO         5072    i.fs_event_handler  fds.o
    0x0002a11e   0x0002a11e   0x00000002   PAD
    0x0002a120   0x0002a120   0x00000080   Code   RO         5073    i.gc_execute        fds.o
    0x0002a1a0   0x0002a1a0   0x0000004c   Code   RO         5074    i.gc_next_page      fds.o
    0x0002a1ec   0x0002a1ec   0x00000040   Code   RO         5075    i.gc_page_erase     fds.o
    0x0002a22c   0x0002a22c   0x00000034   Code   RO         5076    i.gc_record_copy    fds.o
    0x0002a260   0x0002a260   0x00000024   Code   RO         5077    i.gc_record_find_next  fds.o
    0x0002a284   0x0002a284   0x00000070   Code   RO         5078    i.gc_state_advance  fds.o
    0x0002a2f4   0x0002a2f4   0x00000030   Code   RO         5079    i.gc_swap_pages     fds.o
    0x0002a324   0x0002a324   0x00000230   Code   RO         1345    i.gcm_ble_evt_handler  gatt_cache_manager.o
    0x0002a554   0x0002a554   0x0000003c   Code   RO         1346    i.gcm_im_evt_handler  gatt_cache_manager.o
    0x0002a590   0x0002a590   0x00000094   Code   RO         1347    i.gcm_init          gatt_cache_manager.o
    0x0002a624   0x0002a624   0x00000088   Code   RO         1350    i.gcm_pdb_evt_handler  gatt_cache_manager.o
    0x0002a6ac   0x0002a6ac   0x00000034   Code   RO         4657    i.get_now           app_timer2.o
    0x0002a6e0   0x0002a6e0   0x0000003c   Code   RO         4401    i.gpiote_event_handler  app_button.o
    0x0002a71c   0x0002a71c   0x0000001c   Code   RO         1507    i.gscm_db_change_notification_done  gatts_cache_manager.o
    0x0002a738   0x0002a738   0x00000014   Code   RO         1508    i.gscm_init         gatts_cache_manager.o
    0x0002a74c   0x0002a74c   0x00000090   Code   RO         1510    i.gscm_local_db_cache_apply  gatts_cache_manager.o
    0x0002a7dc   0x0002a7dc   0x000000ac   Code   RO         1511    i.gscm_local_db_cache_update  gatts_cache_manager.o
    0x0002a888   0x0002a888   0x00000018   Code   RO         1512    i.gscm_pdb_evt_handler  gatts_cache_manager.o
    0x0002a8a0   0x0002a8a0   0x0000001e   Code   RO         1513    i.gscm_service_changed_ind_needed  gatts_cache_manager.o
    0x0002a8be   0x0002a8be   0x00000002   PAD
    0x0002a8c0   0x0002a8c0   0x0000005c   Code   RO         1514    i.gscm_service_changed_ind_send  gatts_cache_manager.o
    0x0002a91c   0x0002a91c   0x0000002c   Code   RO         5080    i.header_check      fds.o
    0x0002a948   0x0002a948   0x00000012   Code   RO         5081    i.header_has_next   fds.o
    0x0002a95a   0x0002a95a   0x00000046   Code   RO         1603    i.im_address_resolve  id_manager.o
    0x0002a9a0   0x0002a9a0   0x00000038   Code   RO         1604    i.im_ble_addr_get   id_manager.o
    0x0002a9d8   0x0002a9d8   0x000000dc   Code   RO         1605    i.im_ble_evt_handler  id_manager.o
    0x0002aab4   0x0002aab4   0x00000040   Code   RO         1606    i.im_conn_handle_get  id_manager.o
    0x0002aaf4   0x0002aaf4   0x00000038   Code   RO         1608    i.im_find_duplicate_bonding_data  id_manager.o
    0x0002ab2c   0x0002ab2c   0x00000072   Code   RO         1611    i.im_is_duplicate_bonding_data  id_manager.o
    0x0002ab9e   0x0002ab9e   0x00000018   Code   RO         1612    i.im_master_id_is_valid  id_manager.o
    0x0002abb6   0x0002abb6   0x0000002a   Code   RO         1613    i.im_master_ids_compare  id_manager.o
    0x0002abe0   0x0002abe0   0x00000014   Code   RO         1614    i.im_new_peer_id    id_manager.o
    0x0002abf4   0x0002abf4   0x0000002c   Code   RO         1615    i.im_peer_free      id_manager.o
    0x0002ac20   0x0002ac20   0x00000024   Code   RO         1616    i.im_peer_id_get_by_conn_handle  id_manager.o
    0x0002ac44   0x0002ac44   0x0000003c   Code   RO         1617    i.im_peer_id_get_by_master_id  id_manager.o
    0x0002ac80   0x0002ac80   0x00000034   Code   RO         5894    i.init              nrf_fstorage_sd.o
    0x0002acb4   0x0002acb4   0x000000c8   Code   RO         5082    i.init_execute      fds.o
    0x0002ad7c   0x0002ad7c   0x00000014   Code   RO         1039    i.instance_get      ble_conn_params.o
    0x0002ad90   0x0002ad90   0x000000a6   Code   RO         5766    i.int_print         nrf_fprintf_format.o
    0x0002ae36   0x0002ae36   0x00000002   PAD
    0x0002ae38   0x0002ae38   0x00000088   Code   RO         4096    i.interrupts_enable  nrfx_uarte.o
    0x0002aec0   0x0002aec0   0x00000034   Code   RO         6538    i.invalid_packets_omit  nrf_log_frontend.o
    0x0002aef4   0x0002aef4   0x00000010   Code   RO         5895    i.is_busy           nrf_fstorage_sd.o
    0x0002af04   0x0002af04   0x00000044   Code   RO         1040    i.is_conn_params_ok  ble_conn_params.o
    0x0002af48   0x0002af48   0x00000014   Code   RO         1622    i.is_valid_irk      id_manager.o
    0x0002af5c   0x0002af5c   0x0000000c   Code   RO         5083    i.is_word_aligned   fds.o
    0x0002af68   0x0002af68   0x00000030   Code   RO          597    i.leds_off          bsp.o
    0x0002af98   0x0002af98   0x00000014   Code   RO          598    i.leds_timer_handler  bsp.o
    0x0002afac   0x0002afac   0x00000014   Code   RO         1771    i.link_init         nrf_ble_gatt.o
    0x0002afc0   0x0002afc0   0x000000d0   Code   RO         2863    i.link_secure       security_manager.o
    0x0002b090   0x0002b090   0x0000003c   Code   RO         2724    i.link_secure_failure  security_dispatcher.o
    0x0002b0cc   0x0002b0cc   0x0000002c   Code   RO         2864    i.link_secure_pending_handle  security_manager.o
    0x0002b0f8   0x0002b0f8   0x000000a8   Code   RO         1351    i.local_db_apply_in_evt  gatt_cache_manager.o
    0x0002b1a0   0x0002b1a0   0x00000010   Code   RO         1352    i.local_db_update   gatt_cache_manager.o
    0x0002b1b0   0x0002b1b0   0x0000010c   Code   RO         1353    i.local_db_update_in_evt  gatt_cache_manager.o
    0x0002b2bc   0x0002b2bc   0x000000a4   Code   RO         6539    i.log_skip          nrf_log_frontend.o
    0x0002b360   0x0002b360   0x00000228   Code   RO           11    i.main              main.o
    0x0002b588   0x0002b588   0x00000064   Code   RO          844    i.manuf_specific_data_encode  ble_advdata.o
    0x0002b5ec   0x0002b5ec   0x0000007e   Code   RO         6004    i.memobj_op         nrf_memobj.o
    0x0002b66a   0x0002b66a   0x00000002   PAD
    0x0002b66c   0x0002b66c   0x00000030   Code   RO         6540    i.module_idx_get    nrf_log_frontend.o
    0x0002b69c   0x0002b69c   0x00000008   Code   RO         2671    i.mutex_lock_status_get  pm_buffer.o
    0x0002b6a4   0x0002b6a4   0x000000a6   Code   RO          845    i.name_encode       ble_advdata.o
    0x0002b74a   0x0002b74a   0x00000002   PAD
    0x0002b74c   0x0002b74c   0x00000014   Code   RO         2865    i.new_context_get   security_manager.o
    0x0002b760   0x0002b760   0x00000032   Code   RO         2866    i.new_evt           security_manager.o
    0x0002b792   0x0002b792   0x00000030   Code   RO         2176    i.next_id_get       peer_id.o
    0x0002b7c2   0x0002b7c2   0x00000010   Code   RO         5419    i.nrf_atfifo_clear  nrf_atfifo.o
    0x0002b7d2   0x0002b7d2   0x00000026   Code   RO         5421    i.nrf_atfifo_init   nrf_atfifo.o
    0x0002b7f8   0x0002b7f8   0x00000016   Code   RO         5422    i.nrf_atfifo_item_alloc  nrf_atfifo.o
    0x0002b80e   0x0002b80e   0x00000016   Code   RO         5423    i.nrf_atfifo_item_free  nrf_atfifo.o
    0x0002b824   0x0002b824   0x00000016   Code   RO         5424    i.nrf_atfifo_item_get  nrf_atfifo.o
    0x0002b83a   0x0002b83a   0x00000016   Code   RO         5425    i.nrf_atfifo_item_put  nrf_atfifo.o
    0x0002b850   0x0002b850   0x00000016   Code   RO         5487    i.nrf_atflags_clear  nrf_atflags.o
    0x0002b866   0x0002b866   0x00000020   Code   RO         5489    i.nrf_atflags_fetch_set  nrf_atflags.o
    0x0002b886   0x0002b886   0x0000004a   Code   RO         5491    i.nrf_atflags_find_and_set_flag  nrf_atflags.o
    0x0002b8d0   0x0002b8d0   0x00000016   Code   RO         5492    i.nrf_atflags_get   nrf_atflags.o
    0x0002b8e6   0x0002b8e6   0x00000014   Code   RO         5494    i.nrf_atflags_set   nrf_atflags.o
    0x0002b8fa   0x0002b8fa   0x00000006   Code   RO         5555    i.nrf_atomic_flag_clear_fetch  nrf_atomic.o
    0x0002b900   0x0002b900   0x00000006   Code   RO         5556    i.nrf_atomic_flag_set  nrf_atomic.o
    0x0002b906   0x0002b906   0x00000006   Code   RO         5557    i.nrf_atomic_flag_set_fetch  nrf_atomic.o
    0x0002b90c   0x0002b90c   0x0000000c   Code   RO         5558    i.nrf_atomic_u32_add  nrf_atomic.o
    0x0002b918   0x0002b918   0x0000000c   Code   RO         5559    i.nrf_atomic_u32_and  nrf_atomic.o
    0x0002b924   0x0002b924   0x0000000a   Code   RO         5561    i.nrf_atomic_u32_fetch_add  nrf_atomic.o
    0x0002b92e   0x0002b92e   0x0000000a   Code   RO         5562    i.nrf_atomic_u32_fetch_and  nrf_atomic.o
    0x0002b938   0x0002b938   0x0000000a   Code   RO         5563    i.nrf_atomic_u32_fetch_or  nrf_atomic.o
    0x0002b942   0x0002b942   0x0000000a   Code   RO         5564    i.nrf_atomic_u32_fetch_store  nrf_atomic.o
    0x0002b94c   0x0002b94c   0x0000000c   Code   RO         5568    i.nrf_atomic_u32_or  nrf_atomic.o
    0x0002b958   0x0002b958   0x0000000c   Code   RO         5570    i.nrf_atomic_u32_sub  nrf_atomic.o
    0x0002b964   0x0002b964   0x00000044   Code   RO         5689    i.nrf_balloc_alloc  nrf_balloc.o
    0x0002b9a8   0x0002b9a8   0x00000030   Code   RO         5690    i.nrf_balloc_free   nrf_balloc.o
    0x0002b9d8   0x0002b9d8   0x00000030   Code   RO         5691    i.nrf_balloc_init   nrf_balloc.o
    0x0002ba08   0x0002ba08   0x00000010   Code   RO         3522    i.nrf_bitmask_bit_is_set  nrfx_gpiote.o
    0x0002ba18   0x0002ba18   0x00000022   Code   RO         1777    i.nrf_ble_gatt_init  nrf_ble_gatt.o
    0x0002ba3a   0x0002ba3a   0x00000002   PAD
    0x0002ba3c   0x0002ba3c   0x00000150   Code   RO         1778    i.nrf_ble_gatt_on_ble_evt  nrf_ble_gatt.o
    0x0002bb8c   0x0002bb8c   0x00000016   Code   RO         1872    i.nrf_ble_qwr_conn_handle_assign  nrf_ble_qwr.o
    0x0002bba2   0x0002bba2   0x00000024   Code   RO         1873    i.nrf_ble_qwr_init  nrf_ble_qwr.o
    0x0002bbc6   0x0002bbc6   0x000000b6   Code   RO         1874    i.nrf_ble_qwr_on_ble_evt  nrf_ble_qwr.o
    0x0002bc7c   0x0002bc7c   0x0000000e   Code   RO         3380    i.nrf_clock_event_check  nrfx_clock.o
    0x0002bc8a   0x0002bc8a   0x00000010   Code   RO         3381    i.nrf_clock_event_clear  nrfx_clock.o
    0x0002bc9a   0x0002bc9a   0x00000002   PAD
    0x0002bc9c   0x0002bc9c   0x00000040   Code   RO         3042    i.nrf_drv_clock_init  nrf_drv_clock.o
    0x0002bcdc   0x0002bcdc   0x00000034   Code   RO         3046    i.nrf_drv_clock_lfclk_release  nrf_drv_clock.o
    0x0002bd10   0x0002bd10   0x00000068   Code   RO         3188    i.nrf_drv_uart_init  nrf_drv_uart.o
    0x0002bd78   0x0002bd78   0x0000001a   Code   RO         5726    i.nrf_fprintf       nrf_fprintf.o
    0x0002bd92   0x0002bd92   0x00000018   Code   RO         5727    i.nrf_fprintf_buffer_flush  nrf_fprintf.o
    0x0002bdaa   0x0002bdaa   0x000001da   Code   RO         5767    i.nrf_fprintf_fmt   nrf_fprintf_format.o
    0x0002bf84   0x0002bf84   0x00000138   Code   RO         5807    i.nrf_fstorage_erase  nrf_fstorage.o
    0x0002c0bc   0x0002c0bc   0x00000094   Code   RO         5808    i.nrf_fstorage_init  nrf_fstorage.o
    0x0002c150   0x0002c150   0x00000018   Code   RO         5896    i.nrf_fstorage_sdh_req_handler  nrf_fstorage_sd.o
    0x0002c168   0x0002c168   0x00000020   Code   RO         5897    i.nrf_fstorage_sdh_state_handler  nrf_fstorage_sd.o
    0x0002c188   0x0002c188   0x000000a4   Code   RO         5898    i.nrf_fstorage_sys_evt_handler  nrf_fstorage_sd.o
    0x0002c22c   0x0002c22c   0x000001dc   Code   RO         5814    i.nrf_fstorage_write  nrf_fstorage.o
    0x0002c408   0x0002c408   0x00000032   Code   RO          479    i.nrf_gpio_cfg      boards.o
    0x0002c43a   0x0002c43a   0x00000032   Code   RO         3523    i.nrf_gpio_cfg      nrfx_gpiote.o
    0x0002c46c   0x0002c46c   0x00000032   Code   RO         3898    i.nrf_gpio_cfg      nrfx_uart.o
    0x0002c49e   0x0002c49e   0x00000032   Code   RO         4097    i.nrf_gpio_cfg      nrfx_uarte.o
    0x0002c4d0   0x0002c4d0   0x00000012   Code   RO         3899    i.nrf_gpio_cfg_default  nrfx_uart.o
    0x0002c4e2   0x0002c4e2   0x00000012   Code   RO         4098    i.nrf_gpio_cfg_default  nrfx_uarte.o
    0x0002c4f4   0x0002c4f4   0x00000012   Code   RO         3900    i.nrf_gpio_cfg_input  nrfx_uart.o
    0x0002c506   0x0002c506   0x00000012   Code   RO         4099    i.nrf_gpio_cfg_input  nrfx_uarte.o
    0x0002c518   0x0002c518   0x00000018   Code   RO           12    i.nrf_gpio_cfg_output  main.o
    0x0002c530   0x0002c530   0x00000014   Code   RO         3901    i.nrf_gpio_cfg_output  nrfx_uart.o
    0x0002c544   0x0002c544   0x00000014   Code   RO         4100    i.nrf_gpio_cfg_output  nrfx_uarte.o
    0x0002c558   0x0002c558   0x00000030   Code   RO         3525    i.nrf_gpio_cfg_sense_set  nrfx_gpiote.o
    0x0002c588   0x0002c588   0x00000030   Code   RO         3526    i.nrf_gpio_latches_read_and_clear  nrfx_gpiote.o
    0x0002c5b8   0x0002c5b8   0x00000014   Code   RO           13    i.nrf_gpio_pin_clear  main.o
    0x0002c5cc   0x0002c5cc   0x0000001c   Code   RO           14    i.nrf_gpio_pin_port_decode  main.o
    0x0002c5e8   0x0002c5e8   0x0000001c   Code   RO          480    i.nrf_gpio_pin_port_decode  boards.o
    0x0002c604   0x0002c604   0x0000001c   Code   RO         3528    i.nrf_gpio_pin_port_decode  nrfx_gpiote.o
    0x0002c620   0x0002c620   0x0000001c   Code   RO         3902    i.nrf_gpio_pin_port_decode  nrfx_uart.o
    0x0002c63c   0x0002c63c   0x0000001c   Code   RO         4101    i.nrf_gpio_pin_port_decode  nrfx_uarte.o
    0x0002c658   0x0002c658   0x0000002c   Code   RO         3529    i.nrf_gpio_pin_present_check  nrfx_gpiote.o
    0x0002c684   0x0002c684   0x00000016   Code   RO         3530    i.nrf_gpio_pin_read  nrfx_gpiote.o
    0x0002c69a   0x0002c69a   0x00000014   Code   RO           15    i.nrf_gpio_pin_set  main.o
    0x0002c6ae   0x0002c6ae   0x00000014   Code   RO         3903    i.nrf_gpio_pin_set  nrfx_uart.o
    0x0002c6c2   0x0002c6c2   0x00000014   Code   RO         4102    i.nrf_gpio_pin_set  nrfx_uarte.o
    0x0002c6d6   0x0002c6d6   0x00000026   Code   RO          481    i.nrf_gpio_pin_write  boards.o
    0x0002c6fc   0x0002c6fc   0x00000014   Code   RO         3532    i.nrf_gpiote_event_clear  nrfx_gpiote.o
    0x0002c710   0x0002c710   0x00000010   Code   RO         3533    i.nrf_gpiote_event_is_set  nrfx_gpiote.o
    0x0002c720   0x0002c720   0x0000005c   Code   RO         6541    i.nrf_log_backend_add  nrf_log_frontend.o
    0x0002c77c   0x0002c77c   0x000000c8   Code   RO         6386    i.nrf_log_backend_serial_put  nrf_log_backend_serial.o
    0x0002c844   0x0002c844   0x00000002   Code   RO         6426    i.nrf_log_backend_uart_flush  nrf_log_backend_uart.o
    0x0002c846   0x0002c846   0x00000006   Code   RO         6427    i.nrf_log_backend_uart_init  nrf_log_backend_uart.o
    0x0002c84c   0x0002c84c   0x0000002c   Code   RO         6428    i.nrf_log_backend_uart_panic_set  nrf_log_backend_uart.o
    0x0002c878   0x0002c878   0x00000018   Code   RO         6429    i.nrf_log_backend_uart_put  nrf_log_backend_uart.o
    0x0002c890   0x0002c890   0x00000030   Code   RO         6543    i.nrf_log_color_id_get  nrf_log_frontend.o
    0x0002c8c0   0x0002c8c0   0x0000001c   Code   RO         6499    i.nrf_log_default_backends_init  nrf_log_default_backends.o
    0x0002c8dc   0x0002c8dc   0x00000238   Code   RO         6544    i.nrf_log_frontend_dequeue  nrf_log_frontend.o
    0x0002cb14   0x0002cb14   0x00000008   Code   RO         6546    i.nrf_log_frontend_std_0  nrf_log_frontend.o
    0x0002cb1c   0x0002cb1c   0x0000000e   Code   RO         6547    i.nrf_log_frontend_std_1  nrf_log_frontend.o
    0x0002cb2a   0x0002cb2a   0x00000010   Code   RO         6548    i.nrf_log_frontend_std_2  nrf_log_frontend.o
    0x0002cb3a   0x0002cb3a   0x00000012   Code   RO         6549    i.nrf_log_frontend_std_3  nrf_log_frontend.o
    0x0002cb4c   0x0002cb4c   0x000000b0   Code   RO         6722    i.nrf_log_hexdump_entry_process  nrf_log_str_formatter.o
    0x0002cbfc   0x0002cbfc   0x00000028   Code   RO         6553    i.nrf_log_init      nrf_log_frontend.o
    0x0002cc24   0x0002cc24   0x00000014   Code   RO         6554    i.nrf_log_module_cnt_get  nrf_log_frontend.o
    0x0002cc38   0x0002cc38   0x0000001c   Code   RO         6557    i.nrf_log_module_name_get  nrf_log_frontend.o
    0x0002cc54   0x0002cc54   0x00000028   Code   RO         6558    i.nrf_log_panic     nrf_log_frontend.o
    0x0002cc7c   0x0002cc7c   0x000000b6   Code   RO         6723    i.nrf_log_std_entry_process  nrf_log_str_formatter.o
    0x0002cd32   0x0002cd32   0x00000060   Code   RO         6005    i.nrf_memobj_alloc  nrf_memobj.o
    0x0002cd92   0x0002cd92   0x00000032   Code   RO         6006    i.nrf_memobj_free   nrf_memobj.o
    0x0002cdc4   0x0002cdc4   0x00000008   Code   RO         6007    i.nrf_memobj_get    nrf_memobj.o
    0x0002cdcc   0x0002cdcc   0x00000004   Code   RO         6008    i.nrf_memobj_pool_init  nrf_memobj.o
    0x0002cdd0   0x0002cdd0   0x0000001e   Code   RO         6009    i.nrf_memobj_put    nrf_memobj.o
    0x0002cdee   0x0002cdee   0x00000010   Code   RO         6010    i.nrf_memobj_read   nrf_memobj.o
    0x0002cdfe   0x0002cdfe   0x00000010   Code   RO         6011    i.nrf_memobj_write  nrf_memobj.o
    0x0002ce0e   0x0002ce0e   0x00000002   PAD
    0x0002ce10   0x0002ce10   0x00000028   Code   RO         6083    i.nrf_pwr_mgmt_init  nrf_pwr_mgmt.o
    0x0002ce38   0x0002ce38   0x00000044   Code   RO         6084    i.nrf_pwr_mgmt_run  nrf_pwr_mgmt.o
    0x0002ce7c   0x0002ce7c   0x00000004   Code   RO           16    i.nrf_qwr_error_handler  main.o
    0x0002ce80   0x0002ce80   0x0000001c   Code   RO         6157    i.nrf_ringbuf_init  nrf_ringbuf.o
    0x0002ce9c   0x0002ce9c   0x0000000c   Code   RO         4902    i.nrf_rtc_event_clear  drv_rtc.o
    0x0002cea8   0x0002cea8   0x00000014   Code   RO         7257    i.nrf_sdh_ble_app_ram_start_get  nrf_sdh_ble.o
    0x0002cebc   0x0002cebc   0x00000100   Code   RO         7258    i.nrf_sdh_ble_default_cfg_set  nrf_sdh_ble.o
    0x0002cfbc   0x0002cfbc   0x00000130   Code   RO         7259    i.nrf_sdh_ble_enable  nrf_sdh_ble.o
    0x0002d0ec   0x0002d0ec   0x0000005c   Code   RO         7260    i.nrf_sdh_ble_evts_poll  nrf_sdh_ble.o
    0x0002d148   0x0002d148   0x00000054   Code   RO         7138    i.nrf_sdh_disable_request  nrf_sdh.o
    0x0002d19c   0x0002d19c   0x00000074   Code   RO         7139    i.nrf_sdh_enable_request  nrf_sdh.o
    0x0002d210   0x0002d210   0x00000024   Code   RO         7140    i.nrf_sdh_evts_poll  nrf_sdh.o
    0x0002d234   0x0002d234   0x0000000c   Code   RO         7141    i.nrf_sdh_is_enabled  nrf_sdh.o
    0x0002d240   0x0002d240   0x0000001c   Code   RO         7143    i.nrf_sdh_request_continue  nrf_sdh.o
    0x0002d25c   0x0002d25c   0x0000003c   Code   RO         7311    i.nrf_sdh_soc_evts_poll  nrf_sdh_soc.o
    0x0002d298   0x0002d298   0x0000000a   Code   RO         6215    i.nrf_section_iter_init  nrf_section_iter.o
    0x0002d2a2   0x0002d2a2   0x00000024   Code   RO         6216    i.nrf_section_iter_item_set  nrf_section_iter.o
    0x0002d2c6   0x0002d2c6   0x00000020   Code   RO         6217    i.nrf_section_iter_next  nrf_section_iter.o
    0x0002d2e6   0x0002d2e6   0x00000022   Code   RO         6250    i.nrf_sortlist_add  nrf_sortlist.o
    0x0002d308   0x0002d308   0x00000006   Code   RO         6252    i.nrf_sortlist_peek  nrf_sortlist.o
    0x0002d30e   0x0002d30e   0x0000000e   Code   RO         6253    i.nrf_sortlist_pop  nrf_sortlist.o
    0x0002d31c   0x0002d31c   0x0000001e   Code   RO         6254    i.nrf_sortlist_remove  nrf_sortlist.o
    0x0002d33a   0x0002d33a   0x00000002   PAD
    0x0002d33c   0x0002d33c   0x00000038   Code   RO         6306    i.nrf_strerror_find  nrf_strerror.o
    0x0002d374   0x0002d374   0x00000014   Code   RO         6307    i.nrf_strerror_get  nrf_strerror.o
    0x0002d388   0x0002d388   0x0000000c   Code   RO         4266    i.nrf_timer_event_clear  nrfx_timer.o
    0x0002d394   0x0002d394   0x0000000a   Code   RO         3904    i.nrf_uart_event_check  nrfx_uart.o
    0x0002d39e   0x0002d39e   0x0000000c   Code   RO         3905    i.nrf_uart_event_clear  nrfx_uart.o
    0x0002d3aa   0x0002d3aa   0x0000000c   Code   RO         3906    i.nrf_uart_int_enable_check  nrfx_uart.o
    0x0002d3b6   0x0002d3b6   0x0000000a   Code   RO         4103    i.nrf_uarte_event_check  nrfx_uarte.o
    0x0002d3c0   0x0002d3c0   0x0000000c   Code   RO         4104    i.nrf_uarte_event_clear  nrfx_uarte.o
    0x0002d3cc   0x0002d3cc   0x00000010   Code   RO         3049    i.nrf_wdt_started   nrf_drv_clock.o
    0x0002d3dc   0x0002d3dc   0x0000002c   Code   RO         3386    i.nrfx_clock_enable  nrfx_clock.o
    0x0002d408   0x0002d408   0x00000020   Code   RO         3389    i.nrfx_clock_init   nrfx_clock.o
    0x0002d428   0x0002d428   0x00000030   Code   RO         3392    i.nrfx_clock_lfclk_stop  nrfx_clock.o
    0x0002d458   0x0002d458   0x00000010   Code   RO         4903    i.nrfx_coredep_delay_us  drv_rtc.o
    0x0002d468   0x0002d468   0x00000098   Code   RO         3539    i.nrfx_gpiote_in_event_enable  nrfx_gpiote.o
    0x0002d500   0x0002d500   0x000000d0   Code   RO         3541    i.nrfx_gpiote_in_init  nrfx_gpiote.o
    0x0002d5d0   0x0002d5d0   0x0000000e   Code   RO         3542    i.nrfx_gpiote_in_is_set  nrfx_gpiote.o
    0x0002d5de   0x0002d5de   0x00000002   PAD
    0x0002d5e0   0x0002d5e0   0x00000078   Code   RO         3544    i.nrfx_gpiote_init  nrfx_gpiote.o
    0x0002d658   0x0002d658   0x00000014   Code   RO         3545    i.nrfx_gpiote_is_init  nrfx_gpiote.o
    0x0002d66c   0x0002d66c   0x00000010   Code   RO         4105    i.nrfx_is_in_ram    nrfx_uarte.o
    0x0002d67c   0x0002d67c   0x0000003a   Code   RO         3844    i.nrfx_prs_acquire  nrfx_prs.o
    0x0002d6b6   0x0002d6b6   0x00000012   Code   RO         3845    i.nrfx_prs_release  nrfx_prs.o
    0x0002d6c8   0x0002d6c8   0x00000010   Code   RO         3907    i.nrfx_uart_0_irq_handler  nrfx_uart.o
    0x0002d6d8   0x0002d6d8   0x000000d4   Code   RO         3909    i.nrfx_uart_init    nrfx_uart.o
    0x0002d7ac   0x0002d7ac   0x000000a8   Code   RO         3915    i.nrfx_uart_tx      nrfx_uart.o
    0x0002d854   0x0002d854   0x00000020   Code   RO         3917    i.nrfx_uart_tx_in_progress  nrfx_uart.o
    0x0002d874   0x0002d874   0x000000c0   Code   RO         3918    i.nrfx_uart_uninit  nrfx_uart.o
    0x0002d934   0x0002d934   0x00000010   Code   RO         4106    i.nrfx_uarte_0_irq_handler  nrfx_uarte.o
    0x0002d944   0x0002d944   0x0000006c   Code   RO         4108    i.nrfx_uarte_init   nrfx_uarte.o
    0x0002d9b0   0x0002d9b0   0x000000ac   Code   RO         4112    i.nrfx_uarte_tx     nrfx_uarte.o
    0x0002da5c   0x0002da5c   0x0000001c   Code   RO         4114    i.nrfx_uarte_tx_in_progress  nrfx_uarte.o
    0x0002da78   0x0002da78   0x00000108   Code   RO         4115    i.nrfx_uarte_uninit  nrfx_uarte.o
    0x0002db80   0x0002db80   0x00000054   Code   RO           17    i.on_adv_evt        main.o
    0x0002dbd4   0x0002dbd4   0x0000001c   Code   RO           18    i.on_conn_params_evt  main.o
    0x0002dbf0   0x0002dbf0   0x000000a8   Code   RO         1779    i.on_connected_evt  nrf_ble_gatt.o
    0x0002dc98   0x0002dc98   0x000000ac   Code   RO         1780    i.on_exchange_mtu_request_evt  nrf_ble_gatt.o
    0x0002dd44   0x0002dd44   0x000000a8   Code   RO         7348    i.our_char_add      our_service.o
    0x0002ddec   0x0002ddec   0x00000048   Code   RO         7349    i.our_service_init  our_service.o
    0x0002de34   0x0002de34   0x00000024   Code   RO         5084    i.page_identify     fds.o
    0x0002de58   0x0002de58   0x0000001c   Code   RO         5085    i.page_offsets_update  fds.o
    0x0002de74   0x0002de74   0x0000006c   Code   RO         5086    i.page_scan         fds.o
    0x0002dee0   0x0002dee0   0x0000001c   Code   RO         5087    i.page_tag_write_data  fds.o
    0x0002defc   0x0002defc   0x00000024   Code   RO         5088    i.page_tag_write_swap  fds.o
    0x0002df20   0x0002df20   0x00000130   Code   RO         5089    i.pages_init        fds.o
    0x0002e050   0x0002e050   0x0000000c   Code   RO         2725    i.pairing           security_dispatcher.o
    0x0002e05c   0x0002e05c   0x00000074   Code   RO         2726    i.pairing_failure   security_dispatcher.o
    0x0002e0d0   0x0002e0d0   0x0000002e   Code   RO         2727    i.pairing_success_evt_send  security_dispatcher.o
    0x0002e0fe   0x0002e0fe   0x00000006   Code   RO         2867    i.params_reply_pending_handle  security_manager.o
    0x0002e104   0x0002e104   0x00000020   Code   RO         2868    i.params_req_send   security_manager.o
    0x0002e124   0x0002e124   0x0000001c   Code   RO         2056    i.pdb_evt_send      peer_database.o
    0x0002e140   0x0002e140   0x00000090   Code   RO         2057    i.pdb_init          peer_database.o
    0x0002e1d0   0x0002e1d0   0x0000007c   Code   RO         2058    i.pdb_pds_evt_handler  peer_database.o
    0x0002e24c   0x0002e24c   0x00000006   Code   RO         2059    i.pdb_peer_data_ptr_get  peer_database.o
    0x0002e252   0x0002e252   0x00000002   PAD
    0x0002e254   0x0002e254   0x0000008c   Code   RO         2060    i.pdb_peer_free     peer_database.o
    0x0002e2e0   0x0002e2e0   0x000000dc   Code   RO         2061    i.pdb_write_buf_get  peer_database.o
    0x0002e3bc   0x0002e3bc   0x00000014   Code   RO         2062    i.pdb_write_buf_release  peer_database.o
    0x0002e3d0   0x0002e3d0   0x00000036   Code   RO         2063    i.pdb_write_buf_store  peer_database.o
    0x0002e406   0x0002e406   0x00000002   PAD
    0x0002e408   0x0002e408   0x00000010   Code   RO         1915    i.pds_evt_send      peer_data_storage.o
    0x0002e418   0x0002e418   0x000000dc   Code   RO         1916    i.pds_init          peer_data_storage.o
    0x0002e4f4   0x0002e4f4   0x00000004   Code   RO         1917    i.pds_next_deleted_peer_id_get  peer_data_storage.o
    0x0002e4f8   0x0002e4f8   0x00000004   Code   RO         1918    i.pds_next_peer_id_get  peer_data_storage.o
    0x0002e4fc   0x0002e4fc   0x00000058   Code   RO         1921    i.pds_peer_data_iterate  peer_data_storage.o
    0x0002e554   0x0002e554   0x00000010   Code   RO         1922    i.pds_peer_data_iterate_prepare  peer_data_storage.o
    0x0002e564   0x0002e564   0x00000072   Code   RO         1923    i.pds_peer_data_read  peer_data_storage.o
    0x0002e5d6   0x0002e5d6   0x00000002   PAD
    0x0002e5d8   0x0002e5d8   0x000000b4   Code   RO         1924    i.pds_peer_data_store  peer_data_storage.o
    0x0002e68c   0x0002e68c   0x00000008   Code   RO         1925    i.pds_peer_id_allocate  peer_data_storage.o
    0x0002e694   0x0002e694   0x00000016   Code   RO         1926    i.pds_peer_id_free  peer_data_storage.o
    0x0002e6aa   0x0002e6aa   0x00000004   Code   RO         1927    i.pds_peer_id_is_allocated  peer_data_storage.o
    0x0002e6ae   0x0002e6ae   0x00000002   PAD
    0x0002e6b0   0x0002e6b0   0x000000a8   Code   RO         1929    i.peer_data_delete_process  peer_data_storage.o
    0x0002e758   0x0002e758   0x00000030   Code   RO         1930    i.peer_data_find    peer_data_storage.o
    0x0002e788   0x0002e788   0x00000024   Code   RO         1931    i.peer_data_id_is_valid  peer_data_storage.o
    0x0002e7ac   0x0002e7ac   0x0000001a   Code   RO         2064    i.peer_data_point_to_buffer  peer_database.o
    0x0002e7c6   0x0002e7c6   0x00000002   PAD
    0x0002e7c8   0x0002e7c8   0x0000000c   Code   RO         2177    i.peer_id_allocate  peer_id.o
    0x0002e7d4   0x0002e7d4   0x00000024   Code   RO         2178    i.peer_id_delete    peer_id.o
    0x0002e7f8   0x0002e7f8   0x0000001c   Code   RO         2179    i.peer_id_free      peer_id.o
    0x0002e814   0x0002e814   0x0000000c   Code   RO         2180    i.peer_id_get_next_deleted  peer_id.o
    0x0002e820   0x0002e820   0x00000030   Code   RO         2181    i.peer_id_get_next_used  peer_id.o
    0x0002e850   0x0002e850   0x0000000c   Code   RO         2182    i.peer_id_init      peer_id.o
    0x0002e85c   0x0002e85c   0x00000014   Code   RO         2183    i.peer_id_is_allocated  peer_id.o
    0x0002e870   0x0002e870   0x00000014   Code   RO         2184    i.peer_id_is_deleted  peer_id.o
    0x0002e884   0x0002e884   0x0000006c   Code   RO           19    i.peer_manager_init  main.o
    0x0002e8f0   0x0002e8f0   0x00000016   Code   RO          953    i.phy_is_valid      ble_advertising.o
    0x0002e906   0x0002e906   0x00000002   PAD
    0x0002e908   0x0002e908   0x0000001c   Code   RO         3563    i.pin_configured_set  nrfx_gpiote.o
    0x0002e924   0x0002e924   0x00000018   Code   RO         3564    i.pin_in_use_by_port  nrfx_gpiote.o
    0x0002e93c   0x0002e93c   0x00000018   Code   RO         3565    i.pin_in_use_by_te  nrfx_gpiote.o
    0x0002e954   0x0002e954   0x00000064   Code   RO         2672    i.pm_buffer_block_acquire  pm_buffer.o
    0x0002e9b8   0x0002e9b8   0x00000024   Code   RO         2673    i.pm_buffer_init    pm_buffer.o
    0x0002e9dc   0x0002e9dc   0x00000028   Code   RO         2674    i.pm_buffer_ptr_get  pm_buffer.o
    0x0002ea04   0x0002ea04   0x00000032   Code   RO         2675    i.pm_buffer_release  pm_buffer.o
    0x0002ea36   0x0002ea36   0x0000000a   Code   RO         2269    i.pm_conn_sec_config_reply  peer_manager.o
    0x0002ea40   0x0002ea40   0x000000fc   Code   RO           20    i.pm_evt_handler    main.o
    0x0002eb3c   0x0002eb3c   0x00000004   Code   RO         2274    i.pm_gcm_evt_handler  peer_manager.o
    0x0002eb40   0x0002eb40   0x00000004   Code   RO         2275    i.pm_gscm_evt_handler  peer_manager.o
    0x0002eb44   0x0002eb44   0x00000004   Code   RO         2278    i.pm_im_evt_handler  peer_manager.o
    0x0002eb48   0x0002eb48   0x000001bc   Code   RO         2279    i.pm_init           peer_manager.o
    0x0002ed04   0x0002ed04   0x00000118   Code   RO         2283    i.pm_pdb_evt_handler  peer_manager.o
    0x0002ee1c   0x0002ee1c   0x00000014   Code   RO         2294    i.pm_peer_delete    peer_manager.o
    0x0002ee30   0x0002ee30   0x000000e8   Code   RO         2299    i.pm_peer_ranks_get  peer_manager.o
    0x0002ef18   0x0002ef18   0x00000094   Code   RO         2300    i.pm_peers_delete   peer_manager.o
    0x0002efac   0x0002efac   0x0000002c   Code   RO         2303    i.pm_register       peer_manager.o
    0x0002efd8   0x0002efd8   0x00000014   Code   RO         2305    i.pm_sec_params_set  peer_manager.o
    0x0002efec   0x0002efec   0x0000000a   Code   RO         2306    i.pm_sm_evt_handler  peer_manager.o
    0x0002eff6   0x0002eff6   0x00000002   PAD
    0x0002eff8   0x0002eff8   0x000000d0   Code   RO         3566    i.port_event_handle  nrfx_gpiote.o
    0x0002f0c8   0x0002f0c8   0x00000010   Code   RO         3567    i.port_handler_polarity_get  nrfx_gpiote.o
    0x0002f0d8   0x0002f0d8   0x0000003c   Code   RO         6725    i.postfix_process   nrf_log_str_formatter.o
    0x0002f114   0x0002f114   0x00000098   Code   RO         6726    i.prefix_process    nrf_log_str_formatter.o
    0x0002f1ac   0x0002f1ac   0x00000018   Code   RO         3846    i.prs_box_get       nrfx_prs.o
    0x0002f1c4   0x0002f1c4   0x0000001c   Code   RO         5090    i.queue_buf_get     fds.o
    0x0002f1e0   0x0002f1e0   0x00000010   Code   RO         5091    i.queue_buf_store   fds.o
    0x0002f1f0   0x0002f1f0   0x00000014   Code   RO         5899    i.queue_free        nrf_fstorage_sd.o
    0x0002f204   0x0002f204   0x000000a4   Code   RO         5092    i.queue_process     fds.o
    0x0002f2a8   0x0002f2a8   0x000000a0   Code   RO         5900    i.queue_process     nrf_fstorage_sd.o
    0x0002f348   0x0002f348   0x0000001c   Code   RO         5093    i.queue_start       fds.o
    0x0002f364   0x0002f364   0x00000024   Code   RO         5901    i.queue_start       nrf_fstorage_sd.o
    0x0002f388   0x0002f388   0x00000034   Code   RO         2309    i.rank_vars_update  peer_manager.o
    0x0002f3bc   0x0002f3bc   0x0000000e   Code   RO         5902    i.read              nrf_fstorage_sd.o
    0x0002f3ca   0x0002f3ca   0x00000002   PAD
    0x0002f3cc   0x0002f3cc   0x000000a8   Code   RO         2065    i.reattempt_previous_operations  peer_database.o
    0x0002f474   0x0002f474   0x00000090   Code   RO         5094    i.record_find       fds.o
    0x0002f504   0x0002f504   0x000000a0   Code   RO         5095    i.record_find_by_desc  fds.o
    0x0002f5a4   0x0002f5a4   0x0000005c   Code   RO         5096    i.record_find_next  fds.o
    0x0002f600   0x0002f600   0x0000003c   Code   RO         5097    i.record_header_flag_dirty  fds.o
    0x0002f63c   0x0002f63c   0x00000010   Code   RO         2186    i.release           peer_id.o
    0x0002f64c   0x0002f64c   0x00000004   Code   RO         5903    i.rmap              nrf_fstorage_sd.o
    0x0002f650   0x0002f650   0x0000005c   Code   RO         4658    i.rtc_irq           app_timer2.o
    0x0002f6ac   0x0002f6ac   0x00000064   Code   RO         4659    i.rtc_schedule      app_timer2.o
    0x0002f710   0x0002f710   0x00000074   Code   RO         4660    i.rtc_update        app_timer2.o
    0x0002f784   0x0002f784   0x00000032   Code   RO         3919    i.rx_byte           nrfx_uart.o
    0x0002f7b6   0x0002f7b6   0x00000016   Code   RO         3920    i.rx_done_event     nrfx_uart.o
    0x0002f7cc   0x0002f7cc   0x00000016   Code   RO         4116    i.rx_done_event     nrfx_uarte.o
    0x0002f7e2   0x0002f7e2   0x00000002   PAD
    0x0002f7e4   0x0002f7e4   0x00000024   Code   RO         1354    i.sc_send_pending_handle  gatt_cache_manager.o
    0x0002f808   0x0002f808   0x00000058   Code   RO         3050    i.sd_state_evt_handler  nrf_drv_clock.o
    0x0002f860   0x0002f860   0x00000030   Code   RO         7146    i.sdh_request_observer_notify  nrf_sdh.o
    0x0002f890   0x0002f890   0x0000002c   Code   RO         7147    i.sdh_state_observer_notify  nrf_sdh.o
    0x0002f8bc   0x0002f8bc   0x000000d8   Code   RO         2728    i.sec_info_request_process  security_dispatcher.o
    0x0002f994   0x0002f994   0x000000f4   Code   RO         2729    i.sec_keyset_fill   security_dispatcher.o
    0x0002fa88   0x0002fa88   0x00000076   Code   RO         2869    i.sec_params_verify  security_manager.o
    0x0002fafe   0x0002fafe   0x00000002   PAD
    0x0002fb00   0x0002fb00   0x00000060   Code   RO         2730    i.sec_proc_start    security_dispatcher.o
    0x0002fb60   0x0002fb60   0x0000005c   Code   RO         2870    i.sec_req_process   security_manager.o
    0x0002fbbc   0x0002fbbc   0x00000022   Code   RO         2731    i.send_config_req   security_dispatcher.o
    0x0002fbde   0x0002fbde   0x00000002   PAD
    0x0002fbe0   0x0002fbe0   0x00000010   Code   RO         1041    i.send_error_evt    ble_conn_params.o
    0x0002fbf0   0x0002fbf0   0x00000028   Code   RO         1355    i.send_unexpected_error  gatt_cache_manager.o
    0x0002fc18   0x0002fc18   0x00000028   Code   RO         2732    i.send_unexpected_error  security_dispatcher.o
    0x0002fc40   0x0002fc40   0x00000040   Code   RO         6430    i.serial_tx         nrf_log_backend_uart.o
    0x0002fc80   0x0002fc80   0x00000014   Code   RO         1356    i.service_changed_pending_flags_check  gatt_cache_manager.o
    0x0002fc94   0x0002fc94   0x00000094   Code   RO         1515    i.service_changed_pending_set  gatts_cache_manager.o
    0x0002fd28   0x0002fd28   0x00000168   Code   RO         1357    i.service_changed_send_in_evt  gatt_cache_manager.o
    0x0002fe90   0x0002fe90   0x00000088   Code   RO          846    i.service_data_encode  ble_advdata.o
    0x0002ff18   0x0002ff18   0x00000028   Code   RO           21    i.sleep_mode_enter  main.o
    0x0002ff40   0x0002ff40   0x0000002c   Code   RO         2871    i.sm_ble_evt_handler  security_manager.o
    0x0002ff6c   0x0002ff6c   0x00000004   Code   RO         2872    i.sm_conn_sec_config_reply  security_manager.o
    0x0002ff70   0x0002ff70   0x000000a2   Code   RO         2873    i.sm_conn_sec_status_get  security_manager.o
    0x00030012   0x00030012   0x00000002   PAD
    0x00030014   0x00030014   0x00000058   Code   RO         2874    i.sm_init           security_manager.o
    0x0003006c   0x0003006c   0x00000044   Code   RO         2877    i.sm_pdb_evt_handler  security_manager.o
    0x000300b0   0x000300b0   0x00000028   Code   RO         2878    i.sm_sec_is_sufficient  security_manager.o
    0x000300d8   0x000300d8   0x00000034   Code   RO         2880    i.sm_sec_params_set  security_manager.o
    0x0003010c   0x0003010c   0x0000002c   Code   RO         2881    i.sm_smd_evt_handler  security_manager.o
    0x00030138   0x00030138   0x000000f4   Code   RO         2733    i.smd_ble_evt_handler  security_dispatcher.o
    0x0003022c   0x0003022c   0x00000010   Code   RO         2734    i.smd_conn_sec_config_reply  security_dispatcher.o
    0x0003023c   0x0003023c   0x00000068   Code   RO         2735    i.smd_init          security_dispatcher.o
    0x000302a4   0x000302a4   0x00000028   Code   RO         2736    i.smd_link_secure   security_dispatcher.o
    0x000302cc   0x000302cc   0x000000ac   Code   RO         2737    i.smd_params_reply  security_dispatcher.o
    0x00030378   0x00030378   0x00000040   Code   RO         2882    i.smd_params_reply_perform  security_manager.o
    0x000303b8   0x000303b8   0x00000018   Code   RO         3051    i.soc_evt_handler   nrf_drv_clock.o
    0x000303d0   0x000303d0   0x00000040   Code   RO         7148    i.softdevice_evt_irq_disable  nrf_sdh.o
    0x00030410   0x00030410   0x00000058   Code   RO         7149    i.softdevices_evt_irq_enable  nrf_sdh.o
    0x00030468   0x00030468   0x0000000c   Code   RO         4661    i.sortlist_pop      app_timer2.o
    0x00030474   0x00030474   0x00000030   Code   RO         4402    i.state_set         app_button.o
    0x000304a4   0x000304a4   0x00000094   Code   RO         6560    i.std_n             nrf_log_frontend.o
    0x00030538   0x00030538   0x0000006c   Code   RO         1358    i.store_car_value   gatt_cache_manager.o
    0x000305a4   0x000305a4   0x00000020   Code   RO           22    i.timer_dong_co_handler  main.o
    0x000305c4   0x000305c4   0x00000058   Code   RO         4662    i.timer_expire      app_timer2.o
    0x0003061c   0x0003061c   0x00000078   Code   RO         4663    i.timer_req_process  app_timer2.o
    0x00030694   0x00030694   0x00000038   Code   RO         4664    i.timer_req_schedule  app_timer2.o
    0x000306cc   0x000306cc   0x00000018   Code   RO         4403    i.timer_start       app_button.o
    0x000306e4   0x000306e4   0x00000020   Code   RO         3922    i.tx_byte           nrfx_uart.o
    0x00030704   0x00030704   0x0000001a   Code   RO         3923    i.tx_done_event     nrfx_uart.o
    0x0003071e   0x0003071e   0x0000001a   Code   RO         4117    i.tx_done_event     nrfx_uarte.o
    0x00030738   0x00030738   0x00000030   Code   RO         3189    i.uart_evt_handler  nrf_drv_uart.o
    0x00030768   0x00030768   0x0000000c   Code   RO         6431    i.uart_evt_handler  nrf_log_backend_uart.o
    0x00030774   0x00030774   0x00000050   Code   RO         6432    i.uart_init         nrf_log_backend_uart.o
    0x000307c4   0x000307c4   0x0000012a   Code   RO         3924    i.uart_irq_handler  nrfx_uart.o
    0x000308ee   0x000308ee   0x00000002   PAD
    0x000308f0   0x000308f0   0x00000030   Code   RO         3190    i.uarte_evt_handler  nrf_drv_uart.o
    0x00030920   0x00030920   0x00000112   Code   RO         4118    i.uarte_irq_handler  nrfx_uarte.o
    0x00030a32   0x00030a32   0x0000000a   Code   RO          847    i.uint16_encode     ble_advdata.o
    0x00030a3c   0x00030a3c   0x00000020   Code   RO         5904    i.uninit            nrf_fstorage_sd.o
    0x00030a5c   0x00030a5c   0x000000b4   Code   RO         5768    i.unsigned_print    nrf_fprintf_format.o
    0x00030b10   0x00030b10   0x00000030   Code   RO         1359    i.update_pending_flags_check  gatt_cache_manager.o
    0x00030b40   0x00030b40   0x00000068   Code   RO         1042    i.update_timeout_handler  ble_conn_params.o
    0x00030ba8   0x00030ba8   0x00000018   Code   RO          954    i.use_whitelist     ble_advertising.o
    0x00030bc0   0x00030bc0   0x0000000c   Code   RO         1129    i.user_flag_is_acquired  ble_conn_state.o
    0x00030bcc   0x00030bcc   0x00000024   Code   RO         1875    i.user_mem_reply    nrf_ble_qwr.o
    0x00030bf0   0x00030bf0   0x00000020   Code   RO         4404    i.usr_event         app_button.o
    0x00030c10   0x00030c10   0x00000030   Code   RO          848    i.uuid_list_encode  ble_advdata.o
    0x00030c40   0x00030c40   0x0000009e   Code   RO          849    i.uuid_list_sized_encode  ble_advdata.o
    0x00030cde   0x00030cde   0x00000002   PAD
    0x00030ce0   0x00030ce0   0x0000004c   Code   RO          599    i.wakeup_button_cfg  bsp.o
    0x00030d2c   0x00030d2c   0x00000004   Code   RO         5905    i.wmap              nrf_fstorage_sd.o
    0x00030d30   0x00030d30   0x00000050   Code   RO         5906    i.write             nrf_fstorage_sd.o
    0x00030d80   0x00030d80   0x0000014c   Code   RO         2066    i.write_buf_store   peer_database.o
    0x00030ecc   0x00030ecc   0x00000034   Code   RO         2067    i.write_buffer_record_find  peer_database.o
    0x00030f00   0x00030f00   0x00000030   Code   RO         2068    i.write_buffer_record_find_next  peer_database.o
    0x00030f30   0x00030f30   0x0000001c   Code   RO         2069    i.write_buffer_record_invalidate  peer_database.o
    0x00030f4c   0x00030f4c   0x0000002c   Code   RO         2070    i.write_buffer_record_release  peer_database.o
    0x00030f78   0x00030f78   0x000000f4   Code   RO         5099    i.write_enqueue     fds.o
    0x0003106c   0x0003106c   0x000000f8   Code   RO         5100    i.write_execute     fds.o
    0x00031164   0x00031164   0x00000018   Code   RO         5101    i.write_space_free  fds.o
    0x0003117c   0x0003117c   0x00000060   Code   RO         5102    i.write_space_reserve  fds.o
    0x000311dc   0x000311dc   0x00000004   Data   RO           25    .constdata          main.o
    0x000311e0   0x000311e0   0x00000008   Data   RO          482    .constdata          boards.o
    0x000311e8   0x000311e8   0x0000002c   Data   RO          604    .constdata          bsp.o
    0x00031214   0x00031214   0x0000006c   Data   RO         1360    .constdata          gatt_cache_manager.o
    0x00031280   0x00031280   0x00000004   Data   RO         1516    .constdata          gatts_cache_manager.o
    0x00031284   0x00031284   0x00000010   Data   RO         1517    .constdata          gatts_cache_manager.o
    0x00031294   0x00031294   0x00000004   Data   RO         1518    .constdata          gatts_cache_manager.o
    0x00031298   0x00031298   0x00000008   Data   RO         1625    .constdata          id_manager.o
    0x000312a0   0x000312a0   0x00000016   Data   RO         1781    .constdata          nrf_ble_gatt.o
    0x000312b6   0x000312b6   0x00000002   PAD
    0x000312b8   0x000312b8   0x00000018   Data   RO         1932    .constdata          peer_data_storage.o
    0x000312d0   0x000312d0   0x00000010   Data   RO         2072    .constdata          peer_database.o
    0x000312e0   0x000312e0   0x0000002c   Data   RO         2311    .constdata          peer_manager.o
    0x0003130c   0x0003130c   0x00000078   Data   RO         2739    .constdata          security_dispatcher.o
    0x00031384   0x00031384   0x00000008   Data   RO         2883    .constdata          security_manager.o
    0x0003138c   0x0003138c   0x00000008   Data   RO         3569    .constdata          nrfx_gpiote.o
    0x00031394   0x00031394   0x00000004   Data   RO         3927    .constdata          nrfx_uart.o
    0x00031398   0x00031398   0x00000004   Data   RO         4121    .constdata          nrfx_uarte.o
    0x0003139c   0x0003139c   0x00000008   Data   RO         4407    .constdata          app_button.o
    0x000313a4   0x000313a4   0x00000014   Data   RO         4667    .constdata          app_timer2.o
    0x000313b8   0x000313b8   0x00000008   PAD
    0x000313c0   0x000313c0   0x00000006   Data   RO         4904    .constdata          drv_rtc.o
    0x000313c6   0x000313c6   0x00000002   PAD
    0x000313c8   0x000313c8   0x00000018   Data   RO         5105    .constdata          fds.o
    0x000313e0   0x000313e0   0x00000010   Data   RO         5769    .constdata          nrf_fprintf_format.o
    0x000313f0   0x000313f0   0x0000005e   Data   RO         5815    .constdata          nrf_fstorage.o
    0x0003144e   0x0003144e   0x00000002   PAD
    0x00031450   0x00031450   0x00000010   Data   RO         5909    .constdata          nrf_fstorage_sd.o
    0x00031460   0x00031460   0x00000020   Data   RO         5910    .constdata          nrf_fstorage_sd.o
    0x00031480   0x00031480   0x00000018   Data   RO         6088    .constdata          nrf_pwr_mgmt.o
    0x00031498   0x00031498   0x0000000c   Data   RO         6089    .constdata          nrf_pwr_mgmt.o
    0x000314a4   0x000314a4   0x0000013c   Data   RO         6308    .constdata          nrf_strerror.o
    0x000315e0   0x000315e0   0x0000000c   Data   RO         6434    .constdata          nrf_log_backend_uart.o
    0x000315ec   0x000315ec   0x00000020   Data   RO         6435    .constdata          nrf_log_backend_uart.o
    0x0003160c   0x0003160c   0x0000000c   Data   RO         6565    .constdata          nrf_log_frontend.o
    0x00031618   0x00031618   0x00000010   Data   RO         7150    .constdata          nrf_sdh.o
    0x00031628   0x00031628   0x00000028   Data   RO         7151    .constdata          nrf_sdh.o
    0x00031650   0x00031650   0x00000010   Data   RO         7152    .constdata          nrf_sdh.o
    0x00031660   0x00031660   0x00000010   Data   RO         7153    .constdata          nrf_sdh.o
    0x00031670   0x00031670   0x00000020   Data   RO         7261    .constdata          nrf_sdh_ble.o
    0x00031690   0x00031690   0x00000010   Data   RO         7262    .constdata          nrf_sdh_ble.o
    0x000316a0   0x000316a0   0x00000010   Data   RO         7312    .constdata          nrf_sdh_soc.o
    0x000316b0   0x000316b0   0x0000000c   Data   RO         7313    .constdata          nrf_sdh_soc.o
    0x000316bc   0x000316bc   0x00000020   Data   RO         7351    .constdata          our_service.o
    0x000316dc   0x000316dc   0x00000081   Data   RO         7464    .constdata          mc_w.l(ctype_o.o)
    0x0003175d   0x0003175d   0x00000003   PAD
    0x00031760   0x00031760   0x00000004   Data   RO         7465    .constdata          mc_w.l(ctype_o.o)
    0x00031764   0x00031764   0x000001a4   Data   RO         1361    .conststring        gatt_cache_manager.o
    0x00031908   0x00031908   0x0000019c   Data   RO         1519    .conststring        gatts_cache_manager.o
    0x00031aa4   0x00031aa4   0x000000a2   Data   RO         1782    .conststring        nrf_ble_gatt.o
    0x00031b46   0x00031b46   0x00000002   PAD
    0x00031b48   0x00031b48   0x000000e8   Data   RO         1933    .conststring        peer_data_storage.o
    0x00031c30   0x00031c30   0x00000180   Data   RO         2073    .conststring        peer_database.o
    0x00031db0   0x00031db0   0x00000090   Data   RO         2312    .conststring        peer_manager.o
    0x00031e40   0x00031e40   0x000002b2   Data   RO         2740    .conststring        security_dispatcher.o
    0x000320f2   0x000320f2   0x00000002   PAD
    0x000320f4   0x000320f4   0x0000017b   Data   RO         2884    .conststring        security_manager.o
    0x0003226f   0x0003226f   0x00000001   PAD
    0x00032270   0x00032270   0x0000004f   Data   RO         5816    .conststring        nrf_fstorage.o
    0x000322bf   0x000322bf   0x00000001   PAD
    0x000322c0   0x000322c0   0x000003eb   Data   RO         6309    .conststring        nrf_strerror.o
    0x000326ab   0x000326ab   0x00000001   PAD
    0x000326ac   0x000326ac   0x00000066   Data   RO         6727    .conststring        nrf_log_str_formatter.o
    0x00032712   0x00032712   0x00000002   PAD
    0x00032714   0x00032714   0x00000188   Data   RO         7263    .conststring        nrf_sdh_ble.o
    0x0003289c   0x0003289c   0x00000011   Data   RO         1362    .conststrlit        gatt_cache_manager.o
    0x000328ad   0x000328ad   0x00000003   PAD
    0x000328b0   0x000328b0   0x00000012   Data   RO         1520    .conststrlit        gatts_cache_manager.o
    0x000328c2   0x000328c2   0x00000002   PAD
    0x000328c4   0x000328c4   0x00000010   Data   RO         1627    .conststrlit        id_manager.o
    0x000328d4   0x000328d4   0x0000000d   Data   RO         1783    .conststrlit        nrf_ble_gatt.o
    0x000328e1   0x000328e1   0x00000003   PAD
    0x000328e4   0x000328e4   0x00000011   Data   RO         1934    .conststrlit        peer_data_storage.o
    0x000328f5   0x000328f5   0x00000003   PAD
    0x000328f8   0x000328f8   0x00000011   Data   RO         2074    .conststrlit        peer_database.o
    0x00032909   0x00032909   0x00000003   PAD
    0x0003290c   0x0003290c   0x0000000d   Data   RO         2313    .conststrlit        peer_manager.o
    0x00032919   0x00032919   0x00000003   PAD
    0x0003291c   0x0003291c   0x00000015   Data   RO         2588    .conststrlit        peer_manager_handler.o
    0x00032931   0x00032931   0x00000003   PAD
    0x00032934   0x00032934   0x00000011   Data   RO         2741    .conststrlit        security_dispatcher.o
    0x00032945   0x00032945   0x00000003   PAD
    0x00032948   0x00032948   0x00000010   Data   RO         2885    .conststrlit        security_manager.o
    0x00032958   0x00032958   0x00000006   Data   RO         3057    .conststrlit        nrf_drv_clock.o
    0x0003295e   0x0003295e   0x00000002   PAD
    0x00032960   0x00032960   0x00000006   Data   RO         3396    .conststrlit        nrfx_clock.o
    0x00032966   0x00032966   0x00000002   PAD
    0x00032968   0x00032968   0x00000007   Data   RO         3573    .conststrlit        nrfx_gpiote.o
    0x0003296f   0x0003296f   0x00000001   PAD
    0x00032970   0x00032970   0x00000004   Data   RO         3848    .conststrlit        nrfx_prs.o
    0x00032974   0x00032974   0x00000005   Data   RO         3930    .conststrlit        nrfx_uart.o
    0x00032979   0x00032979   0x00000003   PAD
    0x0003297c   0x0003297c   0x00000006   Data   RO         4124    .conststrlit        nrfx_uarte.o
    0x00032982   0x00032982   0x00000002   PAD
    0x00032984   0x00032984   0x00000006   Data   RO         4283    .conststrlit        nrfx_timer.o
    0x0003298a   0x0003298a   0x00000002   PAD
    0x0003298c   0x0003298c   0x0000000b   Data   RO         4408    .conststrlit        app_button.o
    0x00032997   0x00032997   0x00000001   PAD
    0x00032998   0x00032998   0x0000000a   Data   RO         4668    .conststrlit        app_timer2.o
    0x000329a2   0x000329a2   0x00000002   PAD
    0x000329a4   0x000329a4   0x0000000d   Data   RO         5817    .conststrlit        nrf_fstorage.o
    0x000329b1   0x000329b1   0x00000003   PAD
    0x000329b4   0x000329b4   0x00000009   Data   RO         6090    .conststrlit        nrf_pwr_mgmt.o
    0x000329bd   0x000329bd   0x00000003   PAD
    0x000329c0   0x000329c0   0x00000009   Data   RO         6255    .conststrlit        nrf_sortlist.o
    0x000329c9   0x000329c9   0x00000003   PAD
    0x000329cc   0x000329cc   0x00000011   Data   RO         6500    .conststrlit        nrf_log_default_backends.o
    0x000329dd   0x000329dd   0x00000003   PAD
    0x000329e0   0x000329e0   0x00000004   Data   RO         6566    .conststrlit        nrf_log_frontend.o
    0x000329e4   0x000329e4   0x00000008   Data   RO         7154    .conststrlit        nrf_sdh.o
    0x000329ec   0x000329ec   0x0000000c   Data   RO         7264    .conststrlit        nrf_sdh_ble.o
    0x000329f8   0x000329f8   0x0000000c   Data   RO         7314    .conststrlit        nrf_sdh_soc.o
    0x00032a04   0x00032a04   0x00000020   Data   RO         7525    Region$$Table       anon$$obj.o
    0x00032a24   0x00032a24   0x00000010   Data   RO         6502    log_backends        nrf_log_default_backends.o
    0x00032a34   0x00032a34   0x00000008   Data   RO         1364    log_const_data      gatt_cache_manager.o
    0x00032a3c   0x00032a3c   0x00000008   Data   RO         1522    log_const_data      gatts_cache_manager.o
    0x00032a44   0x00032a44   0x00000008   Data   RO         1629    log_const_data      id_manager.o
    0x00032a4c   0x00032a4c   0x00000008   Data   RO         1784    log_const_data      nrf_ble_gatt.o
    0x00032a54   0x00032a54   0x00000008   Data   RO         1936    log_const_data      peer_data_storage.o
    0x00032a5c   0x00032a5c   0x00000008   Data   RO         2076    log_const_data      peer_database.o
    0x00032a64   0x00032a64   0x00000008   Data   RO         2315    log_const_data      peer_manager.o
    0x00032a6c   0x00032a6c   0x00000008   Data   RO         2591    log_const_data      peer_manager_handler.o
    0x00032a74   0x00032a74   0x00000008   Data   RO         2743    log_const_data      security_dispatcher.o
    0x00032a7c   0x00032a7c   0x00000008   Data   RO         2887    log_const_data      security_manager.o
    0x00032a84   0x00032a84   0x00000008   Data   RO         3058    log_const_data      nrf_drv_clock.o
    0x00032a8c   0x00032a8c   0x00000008   Data   RO         3398    log_const_data      nrfx_clock.o
    0x00032a94   0x00032a94   0x00000008   Data   RO         3574    log_const_data      nrfx_gpiote.o
    0x00032a9c   0x00032a9c   0x00000008   Data   RO         3850    log_const_data      nrfx_prs.o
    0x00032aa4   0x00032aa4   0x00000008   Data   RO         3931    log_const_data      nrfx_uart.o
    0x00032aac   0x00032aac   0x00000008   Data   RO         4125    log_const_data      nrfx_uarte.o
    0x00032ab4   0x00032ab4   0x00000008   Data   RO         4284    log_const_data      nrfx_timer.o
    0x00032abc   0x00032abc   0x00000008   Data   RO         4410    log_const_data      app_button.o
    0x00032ac4   0x00032ac4   0x00000008   Data   RO         4671    log_const_data      app_timer2.o
    0x00032acc   0x00032acc   0x00000008   Data   RO         5818    log_const_data      nrf_fstorage.o
    0x00032ad4   0x00032ad4   0x00000008   Data   RO         6092    log_const_data      nrf_pwr_mgmt.o
    0x00032adc   0x00032adc   0x00000008   Data   RO         6256    log_const_data      nrf_sortlist.o
    0x00032ae4   0x00032ae4   0x00000008   Data   RO         6570    log_const_data      nrf_log_frontend.o
    0x00032aec   0x00032aec   0x00000008   Data   RO         7156    log_const_data      nrf_sdh.o
    0x00032af4   0x00032af4   0x00000008   Data   RO         7266    log_const_data      nrf_sdh_ble.o
    0x00032afc   0x00032afc   0x00000008   Data   RO         7315    log_const_data      nrf_sdh_soc.o
    0x00032b04   0x00032b04   0x00000014   Data   RO         6571    nrf_balloc          nrf_log_frontend.o
    0x00032b18   0x00032b18   0x00000008   Data   RO         1131    sdh_ble_observers0  ble_conn_state.o
    0x00032b20   0x00032b20   0x00000010   Data   RO           27    sdh_ble_observers1  main.o
    0x00032b30   0x00032b30   0x00000008   Data   RO          707    sdh_ble_observers1  bsp_btn_ble.o
    0x00032b38   0x00032b38   0x00000008   Data   RO         1045    sdh_ble_observers1  ble_conn_params.o
    0x00032b40   0x00032b40   0x00000008   Data   RO         2316    sdh_ble_observers1  peer_manager.o
    0x00032b48   0x00032b48   0x00000008   Data   RO           28    sdh_ble_observers2  main.o
    0x00032b50   0x00032b50   0x00000010   Data   RO           29    sdh_ble_observers3  main.o
    0x00032b60   0x00032b60   0x00000008   Data   RO         5912    sdh_req_observers0  nrf_fstorage_sd.o
    0x00032b68   0x00032b68   0x00000008   Data   RO         3059    sdh_soc_observers0  nrf_drv_clock.o
    0x00032b70   0x00032b70   0x00000008   Data   RO         5913    sdh_soc_observers0  nrf_fstorage_sd.o
    0x00032b78   0x00032b78   0x00000008   Data   RO         7267    sdh_stack_observers0  nrf_sdh_ble.o
    0x00032b80   0x00032b80   0x00000008   Data   RO         7316    sdh_stack_observers0  nrf_sdh_soc.o
    0x00032b88   0x00032b88   0x00000008   Data   RO         3060    sdh_state_observers0  nrf_drv_clock.o
    0x00032b90   0x00032b90   0x00000008   Data   RO         5914    sdh_state_observers0  nrf_fstorage_sd.o


    Execution Region RW_IRAM1 (Exec base: 0x20002270, Load base: 0x00032b98, Size: 0x00003368, Max: 0x0003dd90, ABSOLUTE, COMPRESSED[0x00000060])

    Exec Addr    Load Addr    Size         Type   Attr      Idx    E Section Name        Object

    0x20002270   COMPRESSED   0x00000008   Data   RW           26    .data               main.o
    0x20002278   COMPRESSED   0x00000010   Data   RW          605    .data               bsp.o
    0x20002288   COMPRESSED   0x00000008   Data   RW          706    .data               bsp_btn_ble.o
    0x20002290   COMPRESSED   0x00000008   Data   RW         1044    .data               ble_conn_params.o
    0x20002298   COMPRESSED   0x00000010   Data   RW         1363    .data               gatt_cache_manager.o
    0x200022a8   COMPRESSED   0x0000000c   Data   RW         1521    .data               gatts_cache_manager.o
    0x200022b4   COMPRESSED   0x0000000c   Data   RW         1935    .data               peer_data_storage.o
    0x200022c0   COMPRESSED   0x00000008   Data   RW         2075    .data               peer_database.o
    0x200022c8   COMPRESSED   0x00000010   Data   RW         2314    .data               peer_manager.o
    0x200022d8   COMPRESSED   0x00000005   Data   RW         2742    .data               security_dispatcher.o
    0x200022dd   COMPRESSED   0x00000003   PAD
    0x200022e0   COMPRESSED   0x00000015   Data   RW         2886    .data               security_manager.o
    0x200022f5   COMPRESSED   0x00000003   PAD
    0x200022f8   COMPRESSED   0x00000014   Data   RW         3191    .data               nrf_drv_uart.o
    0x2000230c   COMPRESSED   0x00000008   Data   RW         3397    .data               nrfx_clock.o
    0x20002314   COMPRESSED   0x00000008   Data   RW         3849    .data               nrfx_prs.o
    0x2000231c   COMPRESSED   0x00000004   PAD
    0x20002320   COMPRESSED   0x00000018   Data   RW         4409    .data               app_button.o
    0x20002338   COMPRESSED   0x00000020   Data   RW         4669    .data               app_timer2.o
    0x20002358   COMPRESSED   0x00000004   Data   RW         4670    .data               app_timer2.o
    0x2000235c   COMPRESSED   0x0000000c   Data   RW         4905    .data               drv_rtc.o
    0x20002368   COMPRESSED   0x00000030   Data   RW         5106    .data               fds.o
    0x20002398   COMPRESSED   0x00000008   Data   RW         5911    .data               nrf_fstorage_sd.o
    0x200023a0   COMPRESSED   0x00000008   Data   RW         6091    .data               nrf_pwr_mgmt.o
    0x200023a8   COMPRESSED   0x00000018   Data   RW         6436    .data               nrf_log_backend_uart.o
    0x200023c0   COMPRESSED   0x00000008   Data   RW         6501    .data               nrf_log_default_backends.o
    0x200023c8   COMPRESSED   0x00000004   Data   RW         6567    .data               nrf_log_frontend.o
    0x200023cc   COMPRESSED   0x00000008   Data   RW         6568    .data               nrf_log_frontend.o
    0x200023d4   COMPRESSED   0x00000008   Data   RW         6569    .data               nrf_log_frontend.o
    0x200023dc   COMPRESSED   0x00000040   Data   RW         6728    .data               nrf_log_str_formatter.o
    0x2000241c   COMPRESSED   0x00000003   Data   RW         7155    .data               nrf_sdh.o
    0x2000241f   COMPRESSED   0x00000001   Data   RW         7265    .data               nrf_sdh_ble.o
    0x20002420   COMPRESSED   0x00000004   Data   RW         7405    .data               system_nrf52840.o
    0x20002424   COMPRESSED   0x00000014   Data   RW         5107    fs_data             fds.o
    0x20002438        -       0x00000020   Zero   RW           23    .bss                main.o
    0x20002458        -       0x00000464   Zero   RW           24    .bss                main.o
    0x200028bc   COMPRESSED   0x00000004   PAD
    0x200028c0        -       0x00000020   Zero   RW          600    .bss                bsp.o
    0x200028e0        -       0x00000020   Zero   RW          601    .bss                bsp.o
    0x20002900        -       0x0000000c   Zero   RW          602    .bss                bsp.o
    0x2000290c   COMPRESSED   0x00000004   PAD
    0x20002910        -       0x00000020   Zero   RW          603    .bss                bsp.o
    0x20002930        -       0x00000050   Zero   RW         1043    .bss                ble_conn_params.o
    0x20002980        -       0x0000007c   Zero   RW         1130    .bss                ble_conn_state.o
    0x200029fc        -       0x000000d8   Zero   RW         1624    .bss                id_manager.o
    0x20002ad4        -       0x00000180   Zero   RW         2071    .bss                peer_database.o
    0x20002c54        -       0x00000040   Zero   RW         2187    .bss                peer_id.o
    0x20002c94        -       0x0000000c   Zero   RW         2310    .bss                peer_manager.o
    0x20002ca0        -       0x00000040   Zero   RW         2738    .bss                security_dispatcher.o
    0x20002ce0        -       0x00000014   Zero   RW         3052    .bss                nrf_drv_clock.o
    0x20002cf4        -       0x0000006c   Zero   RW         3568    .bss                nrfx_gpiote.o
    0x20002d60        -       0x0000002c   Zero   RW         3925    .bss                nrfx_uart.o
    0x20002d8c        -       0x00000024   Zero   RW         4119    .bss                nrfx_uarte.o
    0x20002db0        -       0x0000000c   Zero   RW         4281    .bss                nrfx_timer.o
    0x20002dbc   COMPRESSED   0x00000004   PAD
    0x20002dc0        -       0x00000020   Zero   RW         4405    .bss                app_button.o
    0x20002de0        -       0x00000020   Zero   RW         4406    .bss                app_button.o
    0x20002e00        -       0x00000010   Zero   RW         4665    .bss                app_timer2.o
    0x20002e10        -       0x00000058   Zero   RW         4666    .bss                app_timer2.o
    0x20002e68        -       0x0000000c   Zero   RW         4792    .bss                app_util_platform.o
    0x20002e74        -       0x00000010   Zero   RW         5103    .bss                fds.o
    0x20002e84        -       0x000000e0   Zero   RW         5104    .bss                fds.o
    0x20002f64        -       0x00000010   Zero   RW         5907    .bss                nrf_fstorage_sd.o
    0x20002f74        -       0x000000a0   Zero   RW         5908    .bss                nrf_fstorage_sd.o
    0x20003014        -       0x0000000c   Zero   RW         6087    .bss                nrf_pwr_mgmt.o
    0x20003020        -       0x00000040   Zero   RW         6433    .bss                nrf_log_backend_uart.o
    0x20003060        -       0x000000c0   Zero   RW         6561    .bss                nrf_log_frontend.o
    0x20003120        -       0x00000080   Zero   RW         6562    .bss                nrf_log_frontend.o
    0x200031a0        -       0x00000018   Zero   RW         6563    .bss                nrf_log_frontend.o
    0x200031b8        -       0x00000420   Zero   RW         6564    .bss                nrf_log_frontend.o
    0x200035d8        -       0x00002000   Zero   RW         7393    STACK               arm_startup_nrf52840.o


==============================================================================

Image component sizes


      Code (inc. data)   RO Data    RW Data    ZI Data      Debug   Object Name

       664         66         27         24         64      17658   app_button.o
        22          0          0          0          0       2497   app_error.o
       132         46          0          0          0      34109   app_error_weak.o
         0          0          0          0          0      37162   app_scheduler.o
       846         88         38         36        104      16449   app_timer2.o
       124         14          0          0         12      10642   app_util_platform.o
        36          8        512          0       8192        924   arm_startup_nrf52840.o
      1338          0          0          0          0      53272   ble_advdata.o
      1064          6          0          0          0      10943   ble_advertising.o
       636         44          8          8         80       9223   ble_conn_params.o
       772         62          8          0        124      15489   ble_conn_state.o
         8          0          0          0          0       1438   ble_srv_common.o
       440         46          8          0          0      14843   boards.o
      1016         90         44         16        108      15875   bsp.o
       252         10          8          8          0       9492   bsp_btn_ble.o
       704         76          6         12          0      48441   drv_rtc.o
      3576        336         24         68        240      48271   fds.o
      2152        552        553         16          0      33639   gatt_cache_manager.o
       686         84        462         12          0      16483   gatts_cache_manager.o
       946         34         32          0        216      16880   id_manager.o
      1664        416         44          8       1156     205562   main.o
       342          0          0          0          0       6638   nrf_atfifo.o
       170          0          0          0          0       4760   nrf_atflags.o
       332          0          0          0          0      10006   nrf_atomic.o
       164          0          0          0          0       3592   nrf_balloc.o
       922        272        205          0          0      37155   nrf_ble_gatt.o
       276          0          0          0          0       4653   nrf_ble_qwr.o
       312         36         30          0         20      43660   nrf_drv_clock.o
       200         26          0         20          0      17724   nrf_drv_uart.o
        50          0          0          0          0       3493   nrf_fprintf.o
       866          4         16          0          0       6502   nrf_fprintf_format.o
       972        432        194          0          0       7940   nrf_fstorage.o
       798         82         72          8        176      15835   nrf_fstorage_sd.o
       200          0          0          0          0      11569   nrf_log_backend_serial.o
       232         44         44         24         64      15798   nrf_log_backend_uart.o
        28          4         33          8          0       3317   nrf_log_default_backends.o
      1496        128         44         20       1400      30479   nrf_log_frontend.o
       570        108        102         64          0       5596   nrf_log_str_formatter.o
       346          0          0          0          0       9479   nrf_memobj.o
       108         16         53          8         12      39994   nrf_pwr_mgmt.o
        28          0          0          0          0       2339   nrf_ringbuf.o
       560         60        104          3          0      45168   nrf_sdh.o
       672        232        468          1          0       5805   nrf_sdh_ble.o
        60          4         56          0          0       2440   nrf_sdh_soc.o
        78          0          0          0          0       2740   nrf_section_iter.o
        84          0         17          0          0       4049   nrf_sortlist.o
        76         10       1319          0          0       2703   nrf_strerror.o
       242         32         14          8          0      46936   nrfx_clock.o
      1386        108         23          0        108      66497   nrfx_gpiote.o
       112         16         12          8          0       4436   nrfx_prs.o
        92         10         14          0         12       9795   nrfx_timer.o
      1354         48         17          0         44      31341   nrfx_uart.o
      1356         48         18          0         36      26815   nrfx_uarte.o
       528        140         32          0          0       5052   our_service.o
      1172        144        281         12          0      18074   peer_data_storage.o
      1434        260        425          8        384      19318   peer_database.o
       314         38          0          0         64       9031   peer_id.o
      1356        364        217         16         12      17745   peer_manager.o
         0          0         29          0          0       2452   peer_manager_handler.o
       234          0          0          0          0       5387   pm_buffer.o
      1960        274        835          5         64      27447   security_dispatcher.o
      1366        122        411         21          0      54348   security_manager.o
       468         62          0          4          0      12787   system_nrf52840.o

    ----------------------------------------------------------------------
     40468       5102       6964        456      12704    1320187   Object Totals
         0          0         32          0          0          0   (incl. Generated)
        74          0         73         10         12          0   (incl. Padding)

    ----------------------------------------------------------------------

      Code (inc. data)   RO Data    RW Data    ZI Data      Debug   Library Member Name

        86          0          0          0          0          0   __dczerorl2.o
         8          4        133          0          0         68   ctype_o.o
         0          0          0          0          0          0   entry.o
         0          0          0          0          0          0   entry10a.o
         0          0          0          0          0          0   entry11a.o
         8          4          0          0          0          0   entry2.o
         4          0          0          0          0          0   entry5.o
         0          0          0          0          0          0   entry7b.o
         0          0          0          0          0          0   entry8b.o
         8          4          0          0          0          0   entry9a.o
        30          0          0          0          0          0   handlers.o
        36          8          0          0          0         68   init.o
        30          0          0          0          0         68   llshl.o
        32          0          0          0          0         68   llushr.o
        26          0          0          0          0         80   memcmp.o
        36          0          0          0          0         68   memcpya.o
        36          0          0          0          0        108   memseta.o
        14          0          0          0          0         68   strlen.o
        98          0          0          0          0         92   uldiv.o

    ----------------------------------------------------------------------
       456         20        136          0          0        688   Library Totals
         4          0          3          0          0          0   (incl. Padding)

    ----------------------------------------------------------------------

      Code (inc. data)   RO Data    RW Data    ZI Data      Debug   Library Name

       452         20        133          0          0        688   mc_w.l

    ----------------------------------------------------------------------
       456         20        136          0          0        688   Library Totals

    ----------------------------------------------------------------------

==============================================================================


      Code (inc. data)   RO Data    RW Data    ZI Data      Debug   

     40924       5122       7100        456      12704    1267351   Grand Totals
     40924       5122       7100         96      12704    1267351   ELF Image Totals (compressed)
     40924       5122       7100         96          0          0   ROM Totals

==============================================================================

    Total RO  Size (Code + RO Data)                48024 (  46.90kB)
    Total RW  Size (RW Data + ZI Data)             13160 (  12.85kB)
    Total ROM Size (Code + RO Data + RW Data)      48120 (  46.99kB)

==============================================================================

