<html>
<body>
<pre>
<h1>µVision Build Log</h1>
<h2>Tool Versions:</h2>
IDE-Version: µVision V5.31.0.0
Copyright (C) 2020 ARM Ltd and ARM Germany GmbH. All rights reserved.
License Information: Kien Pham, Bach Khoa University, LIC=KRMNN-YKHGN-DXEU3-AB322-4ZUPG-2HW7K
 
Tool Versions:
Toolchain:       MDK-ARM Plus  Version: 5.31.0.0
Toolchain Path:  C:\Keil_v5\ARM\ARMCC\Bin
C Compiler:      Armcc.exe V5.06 update 6 (build 750)
Assembler:       Armasm.exe V5.06 update 6 (build 750)
Linker/Locator:  ArmLink.exe V5.06 update 6 (build 750)
Library Manager: ArmAr.exe V5.06 update 6 (build 750)
Hex Converter:   FromElf.exe V5.06 update 6 (build 750)
CPU DLL:         
Dialog DLL:      
Target DLL:      Segger\JL2CM3.dll V2.99.38.0
Dialog DLL:      TCM.DLL V1.46.0.0
 
<h2>Project:</h2>
D:\20201\NRF52\nRF5_SDK_17.0.2_d674dde\examples\ble_peripheral\smart_curtain\pca10056\s140\arm5_no_packs\ble_app_template_pca10056_s140.uvprojx
Project File Date:  11/25/2020

<h2>Output:</h2>
*** Using Compiler 'V5.06 update 6 (build 750)', folder: 'C:\Keil_v5\ARM\ARMCC\Bin'
Build target 'nrf52840_xxaa'
compiling auth_status_tracker.c...
compiling ble_advertising.c...
compiling ble_advdata.c...
compiling boards.c...
compiling bsp_btn_ble.c...
compiling bsp.c...
compiling main.c...
compiling ble_conn_params.c...
compiling ble_conn_state.c...
compiling nrf_ble_gatt.c...
compiling id_manager.c...
compiling gatts_cache_manager.c...
compiling nrf_ble_qwr.c...
compiling gatt_cache_manager.c...
compiling peer_data_storage.c...
compiling pm_buffer.c...
compiling peer_database.c...
compiling peer_manager_handler.c...
compiling peer_id.c...
compiling security_dispatcher.c...
compiling peer_manager.c...
compiling security_manager.c...
compiling nrf_drv_clock.c...
compiling nrfx_atomic.c...
compiling nrfx_clock.c...
compiling nrf_drv_uart.c...
compiling nrfx_prs.c...
compiling nrfx_gpiote.c...
compiling nrfx_uart.c...
compiling app_error_handler_keil.c...
compiling app_error_weak.c...
compiling app_scheduler.c...
compiling nrfx_timer.c...
compiling nrfx_uarte.c...
compiling app_button.c...
compiling app_timer2.c...
compiling crc16.c...
compiling hardfault_implementation.c...
compiling nrf_atflags.c...
compiling nrf_atfifo.c...
compiling fds.c...
compiling drv_rtc.c...
compiling nrf_atomic.c...
compiling nrf_balloc.c...
compiling nrf_fprintf_format.c...
compiling nrf_fprintf.c...
compiling nrf_fstorage.c...
compiling nrf_fstorage_sd.c...
compiling nrf_memobj.c...
compiling nrf_section_iter.c...
compiling nrf_sortlist.c...
compiling nrf_ringbuf.c...
compiling nrf_log_backend_rtt.c...
compiling nrf_strerror.c...
compiling nrf_pwr_mgmt.c...
compiling nrf_log_backend_serial.c...
compiling SEGGER_RTT_printf.c...
compiling nrf_log_default_backends.c...
compiling SEGGER_RTT_Syscalls_KEIL.c...
compiling SEGGER_RTT.c...
compiling nrf_log_str_formatter.c...
compiling nrf_log_frontend.c...
compiling nrf_log_backend_uart.c...
compiling nrf_sdh_soc.c...
compiling nrf_sdh.c...
compiling nrf_sdh_ble.c...
compiling our_service.c...
linking...
Program Size: Code=40924 RO-data=7100 RW-data=456 ZI-data=12704  
FromELF: creating hex file...
".\_build\nrf52840_xxaa.axf" - 0 Error(s), 0 Warning(s).

<h2>Software Packages used:</h2>

Package Vendor: ARM
                http://www.keil.com/pack/ARM.CMSIS.5.6.0.pack
                ARM.CMSIS.5.6.0
                CMSIS (Cortex Microcontroller Software Interface Standard)
   * Component: CORE Version: 5.3.0

Package Vendor: NordicSemiconductor
                http://developer.nordicsemi.com/nRF5_SDK/pieces/nRF_DeviceFamilyPack/NordicSemiconductor.nRF_DeviceFamilyPack.8.35.0.pack
                NordicSemiconductor.nRF_DeviceFamilyPack.8.35.0
                Nordic Semiconductor nRF ARM devices Device Family Pack with BSD license.
   * Component: Startup Version: 8.35.0

<h2>Collection of Component include folders:</h2>
  .\RTE\_nrf52840_xxaa
  C:\Users\Admin\AppData\Local\Arm\Packs\ARM\CMSIS\5.6.0\CMSIS\Core\Include
  C:\Users\Admin\AppData\Local\Arm\Packs\NordicSemiconductor\nRF_DeviceFamilyPack\8.35.0\Device\Include

<h2>Collection of Component Files used:</h2>

   * Component: ARM::CMSIS:CORE:5.3.0

   * Component: NordicSemiconductor::Device:Startup:8.35.0
      Source file:   Device\Source\arm\arm_startup_nrf52840.s
      Source file:   Device\Source\system_nrf52840.c
      Include file:  Device\Include\system_nrf52840.h
      Include file:  Device\Include\system_nrf.h
Build Time Elapsed:  00:01:11
</pre>
</body>
</html>
