Component: ARM Compiler 5.06 update 6 (build 750) Tool: armlink [4d35ed]

==============================================================================

Section Cross References

    .\_build\main.o(i.advertising_start) refers to .\_build\nrf_log_frontend.o(i.nrf_log_frontend_std_0) for nrf_log_frontend_std_0
    .\_build\main.o(i.advertising_start) refers to .\_build\peer_manager.o(i.pm_peers_delete) for pm_peers_delete
    .\_build\main.o(i.advertising_start) refers to .\_build\ble_advertising.o(i.ble_advertising_start) for ble_advertising_start
    .\_build\main.o(i.advertising_start) refers to .\_build\app_error.o(i.app_error_handler_bare) for app_error_handler_bare
    .\_build\main.o(i.advertising_start) refers to .\_build\nrf_log_frontend.o(log_const_data) for m_nrf_log_app_logs_data_const
    .\_build\main.o(i.advertising_start) refers to .\_build\main.o(.bss) for .bss
    .\_build\main.o(i.assert_nrf_callback) refers to .\_build\app_error_handler_keil.o(.emb_text) for app_error_handler
    .\_build\main.o(i.ble_evt_handler) refers to .\_build\nrf_log_frontend.o(i.nrf_log_frontend_std_0) for nrf_log_frontend_std_0
    .\_build\main.o(i.ble_evt_handler) refers to .\_build\bsp.o(i.bsp_indication_set) for bsp_indication_set
    .\_build\main.o(i.ble_evt_handler) refers to .\_build\app_error.o(i.app_error_handler_bare) for app_error_handler_bare
    .\_build\main.o(i.ble_evt_handler) refers to .\_build\nrf_ble_qwr.o(i.nrf_ble_qwr_conn_handle_assign) for nrf_ble_qwr_conn_handle_assign
    .\_build\main.o(i.ble_evt_handler) refers to .\_build\nrf_log_frontend.o(log_const_data) for m_nrf_log_app_logs_data_const
    .\_build\main.o(i.ble_evt_handler) refers to .\_build\main.o(.data) for .data
    .\_build\main.o(i.ble_evt_handler) refers to .\_build\main.o(.bss) for .bss
    .\_build\main.o(i.bsp_event_handler) refers to .\_build\main.o(i.sleep_mode_enter) for sleep_mode_enter
    .\_build\main.o(i.bsp_event_handler) refers to .\_build\app_error.o(i.app_error_handler_bare) for app_error_handler_bare
    .\_build\main.o(i.bsp_event_handler) refers to .\_build\ble_advertising.o(i.ble_advertising_restart_without_whitelist) for ble_advertising_restart_without_whitelist
    .\_build\main.o(i.bsp_event_handler) refers to .\_build\main.o(.data) for .data
    .\_build\main.o(i.bsp_event_handler) refers to .\_build\main.o(.bss) for .bss
    .\_build\main.o(i.close_button_callback) refers to .\_build\queue.o(i.xQueueGenericSend) for xQueueGenericSend
    .\_build\main.o(i.close_button_callback) refers to .\_build\nrf_log_frontend.o(i.nrf_log_frontend_std_0) for nrf_log_frontend_std_0
    .\_build\main.o(i.close_button_callback) refers to .\_build\main.o(.data) for .data
    .\_build\main.o(i.close_button_callback) refers to .\_build\nrf_log_frontend.o(log_const_data) for m_nrf_log_app_logs_data_const
    .\_build\main.o(i.conn_params_error_handler) refers to .\_build\app_error.o(i.app_error_handler_bare) for app_error_handler_bare
    .\_build\main.o(i.curtain_write_handler) refers to .\_build\queue.o(i.xQueueGenericSend) for xQueueGenericSend
    .\_build\main.o(i.curtain_write_handler) refers to .\_build\nrf_log_frontend.o(i.nrf_log_frontend_std_0) for nrf_log_frontend_std_0
    .\_build\main.o(i.curtain_write_handler) refers to .\_build\nrf_log_frontend.o(log_const_data) for m_nrf_log_app_logs_data_const
    .\_build\main.o(i.curtain_write_handler) refers to .\_build\main.o(.data) for .data
    .\_build\main.o(i.dong_co_init) refers to .\_build\main.o(i.nrf_gpio_cfg_output) for nrf_gpio_cfg_output
    .\_build\main.o(i.dong_co_init) refers to .\_build\main.o(i.nrf_gpio_pin_clear) for nrf_gpio_pin_clear
    .\_build\main.o(i.dong_co_init) refers to .\_build\nrf_log_frontend.o(i.nrf_log_frontend_std_0) for nrf_log_frontend_std_0
    .\_build\main.o(i.dong_co_init) refers to .\_build\nrf_log_frontend.o(log_const_data) for m_nrf_log_app_logs_data_const
    .\_build\main.o(i.dong_co_timer_callback) refers to .\_build\main.o(i.nrf_gpio_pin_clear) for nrf_gpio_pin_clear
    .\_build\main.o(i.dong_co_timer_callback) refers to .\_build\main.o(.data) for .data
    .\_build\main.o(i.gpio_init) refers to .\_build\nrfx_gpiote.o(i.nrfx_gpiote_is_init) for nrfx_gpiote_is_init
    .\_build\main.o(i.gpio_init) refers to .\_build\nrfx_gpiote.o(i.nrfx_gpiote_init) for nrfx_gpiote_init
    .\_build\main.o(i.gpio_init) refers to .\_build\app_error.o(i.app_error_handler_bare) for app_error_handler_bare
    .\_build\main.o(i.gpio_init) refers to .\_build\nrfx_gpiote.o(i.nrfx_gpiote_in_init) for nrfx_gpiote_in_init
    .\_build\main.o(i.gpio_init) refers to .\_build\nrfx_gpiote.o(i.nrfx_gpiote_in_event_enable) for nrfx_gpiote_in_event_enable
    .\_build\main.o(i.gpio_init) refers to .\_build\nrf_log_frontend.o(i.nrf_log_frontend_std_0) for nrf_log_frontend_std_0
    .\_build\main.o(i.gpio_init) refers to .\_build\main.o(.constdata) for .constdata
[...]
    0x00029fe8   0x00029fe8   0x00000048   Code   RO         5185    i.fds_file_delete   .\_build\fds.o
    0x0002a030   0x0002a030   0x00000040   Code   RO         5186    i.fds_gc            .\_build\fds.o
    0x0002a070   0x0002a070   0x000000e4   Code   RO         5187    i.fds_init          .\_build\fds.o
    0x0002a154   0x0002a154   0x00000048   Code   RO         5188    i.fds_record_close  .\_build\fds.o
    0x0002a19c   0x0002a19c   0x0000000e   Code   RO         5190    i.fds_record_find   .\_build\fds.o
    0x0002a1aa   0x0002a1aa   0x00000010   Code   RO         5191    i.fds_record_find_by_key  .\_build\fds.o
    0x0002a1ba   0x0002a1ba   0x00000010   Code   RO         5192    i.fds_record_find_in_file  .\_build\fds.o
    0x0002a1ca   0x0002a1ca   0x00000012   Code   RO         5193    i.fds_record_id_from_desc  .\_build\fds.o
    0x0002a1dc   0x0002a1dc   0x0000004c   Code   RO         5195    i.fds_record_open   .\_build\fds.o
    0x0002a228   0x0002a228   0x00000010   Code   RO         5196    i.fds_record_update  .\_build\fds.o
    0x0002a238   0x0002a238   0x00000008   Code   RO         5197    i.fds_record_write  .\_build\fds.o
    0x0002a240   0x0002a240   0x00000030   Code   RO         5199    i.fds_register      .\_build\fds.o
    0x0002a270   0x0002a270   0x00000014   Code   RO         2032    i.file_id_within_pm_range  .\_build\peer_data_storage.o
    0x0002a284   0x0002a284   0x00000012   Code   RO         2841    i.flag_id_init      .\_build\security_dispatcher.o
    0x0002a296   0x0002a296   0x00000012   Code   RO         2979    i.flag_id_init      .\_build\security_manager.o
    0x0002a2a8   0x0002a2a8   0x0000000a   Code   RO         1245    i.flag_toggle       .\_build\ble_conn_state.o
    0x0002a2b2   0x0002a2b2   0x00000028   Code   RO         1070    i.flags_set         .\_build\ble_advertising.o
    0x0002a2da   0x0002a2da   0x00000002   PAD
    0x0002a2dc   0x0002a2dc   0x00000030   Code   RO         2980    i.flags_set_from_err_code  .\_build\security_manager.o
    0x0002a30c   0x0002a30c   0x00000030   Code   RO         1246    i.for_each_set_flag  .\_build\ble_conn_state.o
    0x0002a33c   0x0002a33c   0x00000006   Code   RO         5203    i.fs_event_handler  .\_build\fds.o
    0x0002a342   0x0002a342   0x00000002   PAD
    0x0002a344   0x0002a344   0x00000080   Code   RO         5204    i.gc_execute        .\_build\fds.o
    0x0002a3c4   0x0002a3c4   0x0000004c   Code   RO         5205    i.gc_next_page      .\_build\fds.o
    0x0002a410   0x0002a410   0x00000040   Code   RO         5206    i.gc_page_erase     .\_build\fds.o
    0x0002a450   0x0002a450   0x00000034   Code   RO         5207    i.gc_record_copy    .\_build\fds.o
    0x0002a484   0x0002a484   0x00000024   Code   RO         5208    i.gc_record_find_next  .\_build\fds.o
    0x0002a4a8   0x0002a4a8   0x00000070   Code   RO         5209    i.gc_state_advance  .\_build\fds.o
    0x0002a518   0x0002a518   0x00000030   Code   RO         5210    i.gc_swap_pages     .\_build\fds.o
    0x0002a548   0x0002a548   0x00000230   Code   RO         1463    i.gcm_ble_evt_handler  .\_build\gatt_cache_manager.o
    0x0002a778   0x0002a778   0x0000003c   Code   RO         1464    i.gcm_im_evt_handler  .\_build\gatt_cache_manager.o
    0x0002a7b4   0x0002a7b4   0x00000094   Code   RO         1465    i.gcm_init          .\_build\gatt_cache_manager.o
    0x0002a848   0x0002a848   0x00000088   Code   RO         1468    i.gcm_pdb_evt_handler  .\_build\gatt_cache_manager.o
    0x0002a8d0   0x0002a8d0   0x00000034   Code   RO         6512    i.get_now           .\_build\app_timer2.o
    0x0002a904   0x0002a904   0x00000090   Code   RO           13    i.gpio_init         .\_build\main.o
    0x0002a994   0x0002a994   0x0000003c   Code   RO         4843    i.gpiote_event_handler  .\_build\app_button.o
    0x0002a9d0   0x0002a9d0   0x0000001c   Code   RO         1625    i.gscm_db_change_notification_done  .\_build\gatts_cache_manager.o
    0x0002a9ec   0x0002a9ec   0x00000014   Code   RO         1626    i.gscm_init         .\_build\gatts_cache_manager.o
    0x0002aa00   0x0002aa00   0x00000090   Code   RO         1628    i.gscm_local_db_cache_apply  .\_build\gatts_cache_manager.o
    0x0002aa90   0x0002aa90   0x000000ac   Code   RO         1629    i.gscm_local_db_cache_update  .\_build\gatts_cache_manager.o
    0x0002ab3c   0x0002ab3c   0x00000018   Code   RO         1630    i.gscm_pdb_evt_handler  .\_build\gatts_cache_manager.o
    0x0002ab54   0x0002ab54   0x0000001e   Code   RO         1631    i.gscm_service_changed_ind_needed  .\_build\gatts_cache_manager.o
    0x0002ab72   0x0002ab72   0x00000002   PAD
    0x0002ab74   0x0002ab74   0x0000005c   Code   RO         1632    i.gscm_service_changed_ind_send  .\_build\gatts_cache_manager.o
    0x0002abd0   0x0002abd0   0x0000002c   Code   RO         5211    i.header_check      .\_build\fds.o
    0x0002abfc   0x0002abfc   0x00000012   Code   RO         5212    i.header_has_next   .\_build\fds.o
    0x0002ac0e   0x0002ac0e   0x00000046   Code   RO         1721    i.im_address_resolve  .\_build\id_manager.o
    0x0002ac54   0x0002ac54   0x00000038   Code   RO         1722    i.im_ble_addr_get   .\_build\id_manager.o
    0x0002ac8c   0x0002ac8c   0x000000dc   Code   RO         1723    i.im_ble_evt_handler  .\_build\id_manager.o
    0x0002ad68   0x0002ad68   0x00000040   Code   RO         1724    i.im_conn_handle_get  .\_build\id_manager.o
    0x0002ada8   0x0002ada8   0x00000038   Code   RO         1726    i.im_find_duplicate_bonding_data  .\_build\id_manager.o
    0x0002ade0   0x0002ade0   0x00000072   Code   RO         1729    i.im_is_duplicate_bonding_data  .\_build\id_manager.o
    0x0002ae52   0x0002ae52   0x00000018   Code   RO         1730    i.im_master_id_is_valid  .\_build\id_manager.o
    0x0002ae6a   0x0002ae6a   0x0000002a   Code   RO         1731    i.im_master_ids_compare  .\_build\id_manager.o
    0x0002ae94   0x0002ae94   0x00000014   Code   RO         1732    i.im_new_peer_id    .\_build\id_manager.o
    0x0002aea8   0x0002aea8   0x0000002c   Code   RO         1733    i.im_peer_free      .\_build\id_manager.o
    0x0002aed4   0x0002aed4   0x00000024   Code   RO         1734    i.im_peer_id_get_by_conn_handle  .\_build\id_manager.o
    0x0002aef8   0x0002aef8   0x0000003c   Code   RO         1735    i.im_peer_id_get_by_master_id  .\_build\id_manager.o
    0x0002af34   0x0002af34   0x00000034   Code   RO         6028    i.init              .\_build\nrf_fstorage_sd.o
    0x0002af68   0x0002af68   0x000000c8   Code   RO         5213    i.init_execute      .\_build\fds.o
    0x0002b030   0x0002b030   0x00000014   Code   RO         1157    i.instance_get      .\_build\ble_conn_params.o
    0x0002b044   0x0002b044   0x000000a6   Code   RO         5900    i.int_print         .\_build\nrf_fprintf_format.o
    0x0002b0ea   0x0002b0ea   0x00000002   PAD
    0x0002b0ec   0x0002b0ec   0x00000088   Code   RO         4214    i.interrupts_enable  .\_build\nrfx_uarte.o
    0x0002b174   0x0002b174   0x00000034   Code   RO         6805    i.invalid_packets_omit  .\_build\nrf_log_frontend.o
    0x0002b1a8   0x0002b1a8   0x00000010   Code   RO         6029    i.is_busy           .\_build\nrf_fstorage_sd.o
    0x0002b1b8   0x0002b1b8   0x00000044   Code   RO         1158    i.is_conn_params_ok  .\_build\ble_conn_params.o
    0x0002b1fc   0x0002b1fc   0x00000014   Code   RO         1740    i.is_valid_irk      .\_build\id_manager.o
    0x0002b210   0x0002b210   0x0000000c   Code   RO         5214    i.is_word_aligned   .\_build\fds.o
    0x0002b21c   0x0002b21c   0x00000016   Code   RO         3154    i.item_enqueue      .\_build\nrf_drv_clock.o
    0x0002b232   0x0002b232   0x00000002   PAD
    0x0002b234   0x0002b234   0x00000030   Code   RO          715    i.leds_off          .\_build\bsp.o
    0x0002b264   0x0002b264   0x00000014   Code   RO          716    i.leds_timer_handler  .\_build\bsp.o
    0x0002b278   0x0002b278   0x00000014   Code   RO         1889    i.link_init         .\_build\nrf_ble_gatt.o
    0x0002b28c   0x0002b28c   0x000000d0   Code   RO         2981    i.link_secure       .\_build\security_manager.o
    0x0002b35c   0x0002b35c   0x0000003c   Code   RO         2842    i.link_secure_failure  .\_build\security_dispatcher.o
    0x0002b398   0x0002b398   0x0000002c   Code   RO         2982    i.link_secure_pending_handle  .\_build\security_manager.o
    0x0002b3c4   0x0002b3c4   0x000000a8   Code   RO         1469    i.local_db_apply_in_evt  .\_build\gatt_cache_manager.o
    0x0002b46c   0x0002b46c   0x00000010   Code   RO         1470    i.local_db_update   .\_build\gatt_cache_manager.o
    0x0002b47c   0x0002b47c   0x0000010c   Code   RO         1471    i.local_db_update_in_evt  .\_build\gatt_cache_manager.o
    0x0002b588   0x0002b588   0x000000a4   Code   RO         6806    i.log_skip          .\_build\nrf_log_frontend.o
    0x0002b62c   0x0002b62c   0x0000000e   Code   RO           14    i.logger_thread     .\_build\main.o
    0x0002b63a   0x0002b63a   0x00000002   PAD
    0x0002b63c   0x0002b63c   0x00000330   Code   RO           15    i.main              .\_build\main.o
    0x0002b96c   0x0002b96c   0x00000064   Code   RO          962    i.manuf_specific_data_encode  .\_build\ble_advdata.o
    0x0002b9d0   0x0002b9d0   0x0000007e   Code   RO         6138    i.memobj_op         .\_build\nrf_memobj.o
    0x0002ba4e   0x0002ba4e   0x00000002   PAD
    0x0002ba50   0x0002ba50   0x0000006c   Code   RO           16    i.mode_selec_service_callback  .\_build\main.o
    0x0002babc   0x0002babc   0x00000030   Code   RO         6807    i.module_idx_get    .\_build\nrf_log_frontend.o
    0x0002baec   0x0002baec   0x00000008   Code   RO         2789    i.mutex_lock_status_get  .\_build\pm_buffer.o
    0x0002baf4   0x0002baf4   0x000000a6   Code   RO          963    i.name_encode       .\_build\ble_advdata.o
    0x0002bb9a   0x0002bb9a   0x00000002   PAD
    0x0002bb9c   0x0002bb9c   0x00000014   Code   RO         2983    i.new_context_get   .\_build\security_manager.o
    0x0002bbb0   0x0002bbb0   0x00000032   Code   RO         2984    i.new_evt           .\_build\security_manager.o
    0x0002bbe2   0x0002bbe2   0x00000030   Code   RO         2294    i.next_id_get       .\_build\peer_id.o
    0x0002bc12   0x0002bc12   0x00000010   Code   RO         5553    i.nrf_atfifo_clear  .\_build\nrf_atfifo.o
    0x0002bc22   0x0002bc22   0x00000026   Code   RO         5555    i.nrf_atfifo_init   .\_build\nrf_atfifo.o
    0x0002bc48   0x0002bc48   0x00000016   Code   RO         5556    i.nrf_atfifo_item_alloc  .\_build\nrf_atfifo.o
    0x0002bc5e   0x0002bc5e   0x00000016   Code   RO         5557    i.nrf_atfifo_item_free  .\_build\nrf_atfifo.o
    0x0002bc74   0x0002bc74   0x00000016   Code   RO         5558    i.nrf_atfifo_item_get  .\_build\nrf_atfifo.o
    0x0002bc8a   0x0002bc8a   0x00000016   Code   RO         5559    i.nrf_atfifo_item_put  .\_build\nrf_atfifo.o
    0x0002bca0   0x0002bca0   0x00000016   Code   RO         5621    i.nrf_atflags_clear  .\_build\nrf_atflags.o
    0x0002bcb6   0x0002bcb6   0x00000020   Code   RO         5623    i.nrf_atflags_fetch_set  .\_build\nrf_atflags.o
    0x0002bcd6   0x0002bcd6   0x0000004a   Code   RO         5625    i.nrf_atflags_find_and_set_flag  .\_build\nrf_atflags.o
    0x0002bd20   0x0002bd20   0x00000016   Code   RO         5626    i.nrf_atflags_get   .\_build\nrf_atflags.o
    0x0002bd36   0x0002bd36   0x00000014   Code   RO         5628    i.nrf_atflags_set   .\_build\nrf_atflags.o
    0x0002bd4a   0x0002bd4a   0x00000006   Code   RO         5689    i.nrf_atomic_flag_clear_fetch  .\_build\nrf_atomic.o
    0x0002bd50   0x0002bd50   0x00000006   Code   RO         5690    i.nrf_atomic_flag_set  .\_build\nrf_atomic.o
    0x0002bd56   0x0002bd56   0x00000006   Code   RO         5691    i.nrf_atomic_flag_set_fetch  .\_build\nrf_atomic.o
    0x0002bd5c   0x0002bd5c   0x0000000c   Code   RO         5692    i.nrf_atomic_u32_add  .\_build\nrf_atomic.o
    0x0002bd68   0x0002bd68   0x0000000c   Code   RO         5693    i.nrf_atomic_u32_and  .\_build\nrf_atomic.o
    0x0002bd74   0x0002bd74   0x0000000a   Code   RO         5695    i.nrf_atomic_u32_fetch_add  .\_build\nrf_atomic.o
    0x0002bd7e   0x0002bd7e   0x0000000a   Code   RO         5696    i.nrf_atomic_u32_fetch_and  .\_build\nrf_atomic.o
    0x0002bd88   0x0002bd88   0x0000000a   Code   RO         5697    i.nrf_atomic_u32_fetch_or  .\_build\nrf_atomic.o
    0x0002bd92   0x0002bd92   0x0000000a   Code   RO         5698    i.nrf_atomic_u32_fetch_store  .\_build\nrf_atomic.o
    0x0002bd9c   0x0002bd9c   0x0000000c   Code   RO         5702    i.nrf_atomic_u32_or  .\_build\nrf_atomic.o
    0x0002bda8   0x0002bda8   0x0000000c   Code   RO         5704    i.nrf_atomic_u32_sub  .\_build\nrf_atomic.o
    0x0002bdb4   0x0002bdb4   0x00000044   Code   RO         5823    i.nrf_balloc_alloc  .\_build\nrf_balloc.o
    0x0002bdf8   0x0002bdf8   0x00000030   Code   RO         5824    i.nrf_balloc_free   .\_build\nrf_balloc.o
    0x0002be28   0x0002be28   0x00000030   Code   RO         5825    i.nrf_balloc_init   .\_build\nrf_balloc.o
    0x0002be58   0x0002be58   0x00000010   Code   RO         3640    i.nrf_bitmask_bit_is_set  .\_build\nrfx_gpiote.o
    0x0002be68   0x0002be68   0x00000022   Code   RO         1895    i.nrf_ble_gatt_init  .\_build\nrf_ble_gatt.o
    0x0002be8a   0x0002be8a   0x00000002   PAD
    0x0002be8c   0x0002be8c   0x00000150   Code   RO         1896    i.nrf_ble_gatt_on_ble_evt  .\_build\nrf_ble_gatt.o
    0x0002bfdc   0x0002bfdc   0x00000016   Code   RO         1990    i.nrf_ble_qwr_conn_handle_assign  .\_build\nrf_ble_qwr.o
    0x0002bff2   0x0002bff2   0x00000024   Code   RO         1991    i.nrf_ble_qwr_init  .\_build\nrf_ble_qwr.o
    0x0002c016   0x0002c016   0x000000b6   Code   RO         1992    i.nrf_ble_qwr_on_ble_evt  .\_build\nrf_ble_qwr.o
    0x0002c0cc   0x0002c0cc   0x0000000e   Code   RO         3498    i.nrf_clock_event_check  .\_build\nrfx_clock.o
    0x0002c0da   0x0002c0da   0x00000010   Code   RO         3499    i.nrf_clock_event_clear  .\_build\nrfx_clock.o
    0x0002c0ea   0x0002c0ea   0x00000002   PAD
    0x0002c0ec   0x0002c0ec   0x00000040   Code   RO         3160    i.nrf_drv_clock_init  .\_build\nrf_drv_clock.o
    0x0002c12c   0x0002c12c   0x00000034   Code   RO         3164    i.nrf_drv_clock_lfclk_release  .\_build\nrf_drv_clock.o
    0x0002c160   0x0002c160   0x00000054   Code   RO         3165    i.nrf_drv_clock_lfclk_request  .\_build\nrf_drv_clock.o
    0x0002c1b4   0x0002c1b4   0x00000068   Code   RO         3306    i.nrf_drv_uart_init  .\_build\nrf_drv_uart.o
    0x0002c21c   0x0002c21c   0x0000001a   Code   RO         5860    i.nrf_fprintf       .\_build\nrf_fprintf.o
    0x0002c236   0x0002c236   0x00000018   Code   RO         5861    i.nrf_fprintf_buffer_flush  .\_build\nrf_fprintf.o
    0x0002c24e   0x0002c24e   0x000001da   Code   RO         5901    i.nrf_fprintf_fmt   .\_build\nrf_fprintf_format.o
    0x0002c428   0x0002c428   0x00000138   Code   RO         5941    i.nrf_fstorage_erase  .\_build\nrf_fstorage.o
    0x0002c560   0x0002c560   0x00000094   Code   RO         5942    i.nrf_fstorage_init  .\_build\nrf_fstorage.o
    0x0002c5f4   0x0002c5f4   0x00000018   Code   RO         6030    i.nrf_fstorage_sdh_req_handler  .\_build\nrf_fstorage_sd.o
    0x0002c60c   0x0002c60c   0x00000020   Code   RO         6031    i.nrf_fstorage_sdh_state_handler  .\_build\nrf_fstorage_sd.o
    0x0002c62c   0x0002c62c   0x000000a4   Code   RO         6032    i.nrf_fstorage_sys_evt_handler  .\_build\nrf_fstorage_sd.o
    0x0002c6d0   0x0002c6d0   0x000001dc   Code   RO         5948    i.nrf_fstorage_write  .\_build\nrf_fstorage.o
    0x0002c8ac   0x0002c8ac   0x00000032   Code   RO          597    i.nrf_gpio_cfg      .\_build\boards.o
    0x0002c8de   0x0002c8de   0x00000032   Code   RO         3641    i.nrf_gpio_cfg      .\_build\nrfx_gpiote.o
    0x0002c910   0x0002c910   0x00000032   Code   RO         4016    i.nrf_gpio_cfg      .\_build\nrfx_uart.o
    0x0002c942   0x0002c942   0x00000032   Code   RO         4215    i.nrf_gpio_cfg      .\_build\nrfx_uarte.o
    0x0002c974   0x0002c974   0x00000012   Code   RO         4017    i.nrf_gpio_cfg_default  .\_build\nrfx_uart.o
    0x0002c986   0x0002c986   0x00000012   Code   RO         4216    i.nrf_gpio_cfg_default  .\_build\nrfx_uarte.o
    0x0002c998   0x0002c998   0x00000012   Code   RO         4018    i.nrf_gpio_cfg_input  .\_build\nrfx_uart.o
    0x0002c9aa   0x0002c9aa   0x00000012   Code   RO         4217    i.nrf_gpio_cfg_input  .\_build\nrfx_uarte.o
    0x0002c9bc   0x0002c9bc   0x00000018   Code   RO           17    i.nrf_gpio_cfg_output  .\_build\main.o
    0x0002c9d4   0x0002c9d4   0x00000014   Code   RO         4019    i.nrf_gpio_cfg_output  .\_build\nrfx_uart.o
    0x0002c9e8   0x0002c9e8   0x00000014   Code   RO         4218    i.nrf_gpio_cfg_output  .\_build\nrfx_uarte.o
    0x0002c9fc   0x0002c9fc   0x00000030   Code   RO         3643    i.nrf_gpio_cfg_sense_set  .\_build\nrfx_gpiote.o
    0x0002ca2c   0x0002ca2c   0x00000030   Code   RO         3644    i.nrf_gpio_latches_read_and_clear  .\_build\nrfx_gpiote.o
    0x0002ca5c   0x0002ca5c   0x00000014   Code   RO           18    i.nrf_gpio_pin_clear  .\_build\main.o
    0x0002ca70   0x0002ca70   0x0000001c   Code   RO           19    i.nrf_gpio_pin_port_decode  .\_build\main.o
    0x0002ca8c   0x0002ca8c   0x0000001c   Code   RO          598    i.nrf_gpio_pin_port_decode  .\_build\boards.o
    0x0002caa8   0x0002caa8   0x0000001c   Code   RO         3646    i.nrf_gpio_pin_port_decode  .\_build\nrfx_gpiote.o
    0x0002cac4   0x0002cac4   0x0000001c   Code   RO         4020    i.nrf_gpio_pin_port_decode  .\_build\nrfx_uart.o
    0x0002cae0   0x0002cae0   0x0000001c   Code   RO         4219    i.nrf_gpio_pin_port_decode  .\_build\nrfx_uarte.o
    0x0002cafc   0x0002cafc   0x0000002c   Code   RO         3647    i.nrf_gpio_pin_present_check  .\_build\nrfx_gpiote.o
    0x0002cb28   0x0002cb28   0x00000016   Code   RO         3648    i.nrf_gpio_pin_read  .\_build\nrfx_gpiote.o
    0x0002cb3e   0x0002cb3e   0x00000014   Code   RO           20    i.nrf_gpio_pin_set  .\_build\main.o
    0x0002cb52   0x0002cb52   0x00000014   Code   RO         4021    i.nrf_gpio_pin_set  .\_build\nrfx_uart.o
    0x0002cb66   0x0002cb66   0x00000014   Code   RO         4220    i.nrf_gpio_pin_set  .\_build\nrfx_uarte.o
    0x0002cb7a   0x0002cb7a   0x00000026   Code   RO          599    i.nrf_gpio_pin_write  .\_build\boards.o
    0x0002cba0   0x0002cba0   0x00000014   Code   RO         3650    i.nrf_gpiote_event_clear  .\_build\nrfx_gpiote.o
    0x0002cbb4   0x0002cbb4   0x00000010   Code   RO         3651    i.nrf_gpiote_event_is_set  .\_build\nrfx_gpiote.o
    0x0002cbc4   0x0002cbc4   0x0000005c   Code   RO         6808    i.nrf_log_backend_add  .\_build\nrf_log_frontend.o
    0x0002cc20   0x0002cc20   0x000000c8   Code   RO         6653    i.nrf_log_backend_serial_put  .\_build\nrf_log_backend_serial.o
    0x0002cce8   0x0002cce8   0x00000002   Code   RO         6693    i.nrf_log_backend_uart_flush  .\_build\nrf_log_backend_uart.o
    0x0002ccea   0x0002ccea   0x00000006   Code   RO         6694    i.nrf_log_backend_uart_init  .\_build\nrf_log_backend_uart.o
    0x0002ccf0   0x0002ccf0   0x0000002c   Code   RO         6695    i.nrf_log_backend_uart_panic_set  .\_build\nrf_log_backend_uart.o
    0x0002cd1c   0x0002cd1c   0x00000018   Code   RO         6696    i.nrf_log_backend_uart_put  .\_build\nrf_log_backend_uart.o
    0x0002cd34   0x0002cd34   0x00000030   Code   RO         6810    i.nrf_log_color_id_get  .\_build\nrf_log_frontend.o
    0x0002cd64   0x0002cd64   0x0000001c   Code   RO         6766    i.nrf_log_default_backends_init  .\_build\nrf_log_default_backends.o
    0x0002cd80   0x0002cd80   0x00000238   Code   RO         6811    i.nrf_log_frontend_dequeue  .\_build\nrf_log_frontend.o
    0x0002cfb8   0x0002cfb8   0x00000008   Code   RO         6813    i.nrf_log_frontend_std_0  .\_build\nrf_log_frontend.o
    0x0002cfc0   0x0002cfc0   0x0000000e   Code   RO         6814    i.nrf_log_frontend_std_1  .\_build\nrf_log_frontend.o
    0x0002cfce   0x0002cfce   0x00000010   Code   RO         6815    i.nrf_log_frontend_std_2  .\_build\nrf_log_frontend.o
    0x0002cfde   0x0002cfde   0x00000012   Code   RO         6816    i.nrf_log_frontend_std_3  .\_build\nrf_log_frontend.o
    0x0002cff0   0x0002cff0   0x000000b0   Code   RO         6989    i.nrf_log_hexdump_entry_process  .\_build\nrf_log_str_formatter.o
    0x0002d0a0   0x0002d0a0   0x00000028   Code   RO         6820    i.nrf_log_init      .\_build\nrf_log_frontend.o
    0x0002d0c8   0x0002d0c8   0x00000014   Code   RO         6821    i.nrf_log_module_cnt_get  .\_build\nrf_log_frontend.o
    0x0002d0dc   0x0002d0dc   0x0000001c   Code   RO         6824    i.nrf_log_module_name_get  .\_build\nrf_log_frontend.o
    0x0002d0f8   0x0002d0f8   0x00000028   Code   RO         6825    i.nrf_log_panic     .\_build\nrf_log_frontend.o
    0x0002d120   0x0002d120   0x000000b6   Code   RO         6990    i.nrf_log_std_entry_process  .\_build\nrf_log_str_formatter.o
    0x0002d1d6   0x0002d1d6   0x00000060   Code   RO         6139    i.nrf_memobj_alloc  .\_build\nrf_memobj.o
    0x0002d236   0x0002d236   0x00000032   Code   RO         6140    i.nrf_memobj_free   .\_build\nrf_memobj.o
    0x0002d268   0x0002d268   0x00000008   Code   RO         6141    i.nrf_memobj_get    .\_build\nrf_memobj.o
    0x0002d270   0x0002d270   0x00000004   Code   RO         6142    i.nrf_memobj_pool_init  .\_build\nrf_memobj.o
    0x0002d274   0x0002d274   0x0000001e   Code   RO         6143    i.nrf_memobj_put    .\_build\nrf_memobj.o
    0x0002d292   0x0002d292   0x00000010   Code   RO         6144    i.nrf_memobj_read   .\_build\nrf_memobj.o
    0x0002d2a2   0x0002d2a2   0x00000010   Code   RO         6145    i.nrf_memobj_write  .\_build\nrf_memobj.o
    0x0002d2b2   0x0002d2b2   0x00000002   PAD
    0x0002d2b4   0x0002d2b4   0x00000028   Code   RO         6217    i.nrf_pwr_mgmt_init  .\_build\nrf_pwr_mgmt.o
    0x0002d2dc   0x0002d2dc   0x00000004   Code   RO           21    i.nrf_qwr_error_handler  .\_build\main.o
    0x0002d2e0   0x0002d2e0   0x0000001c   Code   RO         6291    i.nrf_ringbuf_init  .\_build\nrf_ringbuf.o
    0x0002d2fc   0x0002d2fc   0x0000000c   Code   RO         4688    i.nrf_rtc_event_clear  .\_build\drv_rtc.o
    0x0002d308   0x0002d308   0x0000000c   Code   RO         8832    i.nrf_rtc_event_clear  .\_build\port_cmsis_systick.o
    0x0002d314   0x0002d314   0x00000010   Code   RO         4516    i.nrf_saadc_buffer_init  .\_build\nrfx_saadc.o
    0x0002d324   0x0002d324   0x00000014   Code   RO         4517    i.nrf_saadc_channel_input_set  .\_build\nrfx_saadc.o
    0x0002d338   0x0002d338   0x00000010   Code   RO         4518    i.nrf_saadc_event_check  .\_build\nrfx_saadc.o
    0x0002d348   0x0002d348   0x00000014   Code   RO         4519    i.nrf_saadc_event_clear  .\_build\nrfx_saadc.o
    0x0002d35c   0x0002d35c   0x00000014   Code   RO         7519    i.nrf_sdh_ble_app_ram_start_get  .\_build\nrf_sdh_ble.o
    0x0002d370   0x0002d370   0x00000100   Code   RO         7520    i.nrf_sdh_ble_default_cfg_set  .\_build\nrf_sdh_ble.o
    0x0002d470   0x0002d470   0x00000130   Code   RO         7521    i.nrf_sdh_ble_enable  .\_build\nrf_sdh_ble.o
    0x0002d5a0   0x0002d5a0   0x0000005c   Code   RO         7522    i.nrf_sdh_ble_evts_poll  .\_build\nrf_sdh_ble.o
    0x0002d5fc   0x0002d5fc   0x00000054   Code   RO         7404    i.nrf_sdh_disable_request  .\_build\nrf_sdh.o
    0x0002d650   0x0002d650   0x00000074   Code   RO         7405    i.nrf_sdh_enable_request  .\_build\nrf_sdh.o
    0x0002d6c4   0x0002d6c4   0x00000024   Code   RO         7406    i.nrf_sdh_evts_poll  .\_build\nrf_sdh.o
    0x0002d6e8   0x0002d6e8   0x00000070   Code   RO         7609    i.nrf_sdh_freertos_init  .\_build\nrf_sdh_freertos.o
    0x0002d758   0x0002d758   0x0000000c   Code   RO         7407    i.nrf_sdh_is_enabled  .\_build\nrf_sdh.o
    0x0002d764   0x0002d764   0x0000001c   Code   RO         7409    i.nrf_sdh_request_continue  .\_build\nrf_sdh.o
    0x0002d780   0x0002d780   0x0000003c   Code   RO         7573    i.nrf_sdh_soc_evts_poll  .\_build\nrf_sdh_soc.o
    0x0002d7bc   0x0002d7bc   0x0000000a   Code   RO         6349    i.nrf_section_iter_init  .\_build\nrf_section_iter.o
    0x0002d7c6   0x0002d7c6   0x00000024   Code   RO         6350    i.nrf_section_iter_item_set  .\_build\nrf_section_iter.o
    0x0002d7ea   0x0002d7ea   0x00000020   Code   RO         6351    i.nrf_section_iter_next  .\_build\nrf_section_iter.o
    0x0002d80a   0x0002d80a   0x00000022   Code   RO         6384    i.nrf_sortlist_add  .\_build\nrf_sortlist.o
    0x0002d82c   0x0002d82c   0x00000006   Code   RO         6386    i.nrf_sortlist_peek  .\_build\nrf_sortlist.o
    0x0002d832   0x0002d832   0x0000000e   Code   RO         6387    i.nrf_sortlist_pop  .\_build\nrf_sortlist.o
    0x0002d840   0x0002d840   0x0000001e   Code   RO         6388    i.nrf_sortlist_remove  .\_build\nrf_sortlist.o
    0x0002d85e   0x0002d85e   0x00000002   PAD
    0x0002d860   0x0002d860   0x00000038   Code   RO         6440    i.nrf_strerror_find  .\_build\nrf_strerror.o
    0x0002d898   0x0002d898   0x00000014   Code   RO         6441    i.nrf_strerror_get  .\_build\nrf_strerror.o
    0x0002d8ac   0x0002d8ac   0x0000000c   Code   RO         4384    i.nrf_timer_event_clear  .\_build\nrfx_timer.o
    0x0002d8b8   0x0002d8b8   0x0000000a   Code   RO         4022    i.nrf_uart_event_check  .\_build\nrfx_uart.o
    0x0002d8c2   0x0002d8c2   0x0000000c   Code   RO         4023    i.nrf_uart_event_clear  .\_build\nrfx_uart.o
    0x0002d8ce   0x0002d8ce   0x0000000c   Code   RO         4024    i.nrf_uart_int_enable_check  .\_build\nrfx_uart.o
    0x0002d8da   0x0002d8da   0x0000000a   Code   RO         4221    i.nrf_uarte_event_check  .\_build\nrfx_uarte.o
    0x0002d8e4   0x0002d8e4   0x0000000c   Code   RO         4222    i.nrf_uarte_event_clear  .\_build\nrfx_uarte.o
    0x0002d8f0   0x0002d8f0   0x00000010   Code   RO         3167    i.nrf_wdt_started   .\_build\nrf_drv_clock.o
    0x0002d900   0x0002d900   0x0000002c   Code   RO         3504    i.nrfx_clock_enable  .\_build\nrfx_clock.o
    0x0002d92c   0x0002d92c   0x00000020   Code   RO         3507    i.nrfx_clock_init   .\_build\nrfx_clock.o
    0x0002d94c   0x0002d94c   0x00000020   Code   RO         3509    i.nrfx_clock_lfclk_start  .\_build\nrfx_clock.o
    0x0002d96c   0x0002d96c   0x00000030   Code   RO         3510    i.nrfx_clock_lfclk_stop  .\_build\nrfx_clock.o
    0x0002d99c   0x0002d99c   0x00000010   Code   RO         4521    i.nrfx_coredep_delay_us  .\_build\nrfx_saadc.o
    0x0002d9ac   0x0002d9ac   0x00000010   Code   RO         4689    i.nrfx_coredep_delay_us  .\_build\drv_rtc.o
    0x0002d9bc   0x0002d9bc   0x00000098   Code   RO         3657    i.nrfx_gpiote_in_event_enable  .\_build\nrfx_gpiote.o
    0x0002da54   0x0002da54   0x000000d0   Code   RO         3659    i.nrfx_gpiote_in_init  .\_build\nrfx_gpiote.o
    0x0002db24   0x0002db24   0x0000000e   Code   RO         3660    i.nrfx_gpiote_in_is_set  .\_build\nrfx_gpiote.o
    0x0002db32   0x0002db32   0x00000002   PAD
    0x0002db34   0x0002db34   0x00000078   Code   RO         3662    i.nrfx_gpiote_init  .\_build\nrfx_gpiote.o
    0x0002dbac   0x0002dbac   0x00000014   Code   RO         3663    i.nrfx_gpiote_is_init  .\_build\nrfx_gpiote.o
    0x0002dbc0   0x0002dbc0   0x00000010   Code   RO         4223    i.nrfx_is_in_ram    .\_build\nrfx_uarte.o
    0x0002dbd0   0x0002dbd0   0x0000003a   Code   RO         3962    i.nrfx_prs_acquire  .\_build\nrfx_prs.o
    0x0002dc0a   0x0002dc0a   0x00000012   Code   RO         3963    i.nrfx_prs_release  .\_build\nrfx_prs.o
    0x0002dc1c   0x0002dc1c   0x0000008c   Code   RO         4525    i.nrfx_saadc_channel_init  .\_build\nrfx_saadc.o
    0x0002dca8   0x0002dca8   0x00000094   Code   RO         4527    i.nrfx_saadc_init   .\_build\nrfx_saadc.o
    0x0002dd3c   0x0002dd3c   0x000000c0   Code   RO         4531    i.nrfx_saadc_sample_convert  .\_build\nrfx_saadc.o
    0x0002ddfc   0x0002ddfc   0x00000010   Code   RO         4025    i.nrfx_uart_0_irq_handler  .\_build\nrfx_uart.o
    0x0002de0c   0x0002de0c   0x000000d4   Code   RO         4027    i.nrfx_uart_init    .\_build\nrfx_uart.o
    0x0002dee0   0x0002dee0   0x000000a8   Code   RO         4033    i.nrfx_uart_tx      .\_build\nrfx_uart.o
    0x0002df88   0x0002df88   0x00000020   Code   RO         4035    i.nrfx_uart_tx_in_progress  .\_build\nrfx_uart.o
    0x0002dfa8   0x0002dfa8   0x000000c0   Code   RO         4036    i.nrfx_uart_uninit  .\_build\nrfx_uart.o
    0x0002e068   0x0002e068   0x00000010   Code   RO         4224    i.nrfx_uarte_0_irq_handler  .\_build\nrfx_uarte.o
    0x0002e078   0x0002e078   0x0000006c   Code   RO         4226    i.nrfx_uarte_init   .\_build\nrfx_uarte.o
    0x0002e0e4   0x0002e0e4   0x000000ac   Code   RO         4230    i.nrfx_uarte_tx     .\_build\nrfx_uarte.o
    0x0002e190   0x0002e190   0x0000001c   Code   RO         4232    i.nrfx_uarte_tx_in_progress  .\_build\nrfx_uarte.o
    0x0002e1ac   0x0002e1ac   0x00000108   Code   RO         4233    i.nrfx_uarte_uninit  .\_build\nrfx_uarte.o
    0x0002e2b4   0x0002e2b4   0x00000054   Code   RO           22    i.on_adv_evt        .\_build\main.o
    0x0002e308   0x0002e308   0x0000001c   Code   RO           23    i.on_conn_params_evt  .\_build\main.o
    0x0002e324   0x0002e324   0x000000a8   Code   RO         1897    i.on_connected_evt  .\_build\nrf_ble_gatt.o
    0x0002e3cc   0x0002e3cc   0x000000ac   Code   RO         1898    i.on_exchange_mtu_request_evt  .\_build\nrf_ble_gatt.o
    0x0002e478   0x0002e478   0x00000068   Code   RO           24    i.open_button_callback  .\_build\main.o
    0x0002e4e0   0x0002e4e0   0x000000a6   Code   RO         7662    i.our_char_add      .\_build\our_service.o
    0x0002e586   0x0002e586   0x00000062   Code   RO         7663    i.our_service_init  .\_build\our_service.o
    0x0002e5e8   0x0002e5e8   0x00000024   Code   RO         5215    i.page_identify     .\_build\fds.o
    0x0002e60c   0x0002e60c   0x0000001c   Code   RO         5216    i.page_offsets_update  .\_build\fds.o
    0x0002e628   0x0002e628   0x0000006c   Code   RO         5217    i.page_scan         .\_build\fds.o
    0x0002e694   0x0002e694   0x0000001c   Code   RO         5218    i.page_tag_write_data  .\_build\fds.o
    0x0002e6b0   0x0002e6b0   0x00000024   Code   RO         5219    i.page_tag_write_swap  .\_build\fds.o
    0x0002e6d4   0x0002e6d4   0x00000130   Code   RO         5220    i.pages_init        .\_build\fds.o
    0x0002e804   0x0002e804   0x0000000c   Code   RO         2843    i.pairing           .\_build\security_dispatcher.o
    0x0002e810   0x0002e810   0x00000074   Code   RO         2844    i.pairing_failure   .\_build\security_dispatcher.o
    0x0002e884   0x0002e884   0x0000002e   Code   RO         2845    i.pairing_success_evt_send  .\_build\security_dispatcher.o
    0x0002e8b2   0x0002e8b2   0x00000006   Code   RO         2985    i.params_reply_pending_handle  .\_build\security_manager.o
    0x0002e8b8   0x0002e8b8   0x00000020   Code   RO         2986    i.params_req_send   .\_build\security_manager.o
    0x0002e8d8   0x0002e8d8   0x0000001c   Code   RO         2174    i.pdb_evt_send      .\_build\peer_database.o
    0x0002e8f4   0x0002e8f4   0x00000090   Code   RO         2175    i.pdb_init          .\_build\peer_database.o
    0x0002e984   0x0002e984   0x0000007c   Code   RO         2176    i.pdb_pds_evt_handler  .\_build\peer_database.o
    0x0002ea00   0x0002ea00   0x00000006   Code   RO         2177    i.pdb_peer_data_ptr_get  .\_build\peer_database.o
    0x0002ea06   0x0002ea06   0x00000002   PAD
    0x0002ea08   0x0002ea08   0x0000008c   Code   RO         2178    i.pdb_peer_free     .\_build\peer_database.o
    0x0002ea94   0x0002ea94   0x000000dc   Code   RO         2179    i.pdb_write_buf_get  .\_build\peer_database.o
    0x0002eb70   0x0002eb70   0x00000014   Code   RO         2180    i.pdb_write_buf_release  .\_build\peer_database.o
    0x0002eb84   0x0002eb84   0x00000036   Code   RO         2181    i.pdb_write_buf_store  .\_build\peer_database.o
    0x0002ebba   0x0002ebba   0x00000002   PAD
    0x0002ebbc   0x0002ebbc   0x00000010   Code   RO         2033    i.pds_evt_send      .\_build\peer_data_storage.o
    0x0002ebcc   0x0002ebcc   0x000000dc   Code   RO         2034    i.pds_init          .\_build\peer_data_storage.o
    0x0002eca8   0x0002eca8   0x00000004   Code   RO         2035    i.pds_next_deleted_peer_id_get  .\_build\peer_data_storage.o
    0x0002ecac   0x0002ecac   0x00000004   Code   RO         2036    i.pds_next_peer_id_get  .\_build\peer_data_storage.o
    0x0002ecb0   0x0002ecb0   0x00000058   Code   RO         2039    i.pds_peer_data_iterate  .\_build\peer_data_storage.o
    0x0002ed08   0x0002ed08   0x00000010   Code   RO         2040    i.pds_peer_data_iterate_prepare  .\_build\peer_data_storage.o
    0x0002ed18   0x0002ed18   0x00000072   Code   RO         2041    i.pds_peer_data_read  .\_build\peer_data_storage.o
    0x0002ed8a   0x0002ed8a   0x00000002   PAD
    0x0002ed8c   0x0002ed8c   0x000000b4   Code   RO         2042    i.pds_peer_data_store  .\_build\peer_data_storage.o
    0x0002ee40   0x0002ee40   0x00000008   Code   RO         2043    i.pds_peer_id_allocate  .\_build\peer_data_storage.o
    0x0002ee48   0x0002ee48   0x00000016   Code   RO         2044    i.pds_peer_id_free  .\_build\peer_data_storage.o
    0x0002ee5e   0x0002ee5e   0x00000004   Code   RO         2045    i.pds_peer_id_is_allocated  .\_build\peer_data_storage.o
    0x0002ee62   0x0002ee62   0x00000002   PAD
    0x0002ee64   0x0002ee64   0x000000a8   Code   RO         2047    i.peer_data_delete_process  .\_build\peer_data_storage.o
    0x0002ef0c   0x0002ef0c   0x00000030   Code   RO         2048    i.peer_data_find    .\_build\peer_data_storage.o
    0x0002ef3c   0x0002ef3c   0x00000024   Code   RO         2049    i.peer_data_id_is_valid  .\_build\peer_data_storage.o
    0x0002ef60   0x0002ef60   0x0000001a   Code   RO         2182    i.peer_data_point_to_buffer  .\_build\peer_database.o
    0x0002ef7a   0x0002ef7a   0x00000002   PAD
    0x0002ef7c   0x0002ef7c   0x0000000c   Code   RO         2295    i.peer_id_allocate  .\_build\peer_id.o
    0x0002ef88   0x0002ef88   0x00000024   Code   RO         2296    i.peer_id_delete    .\_build\peer_id.o
    0x0002efac   0x0002efac   0x0000001c   Code   RO         2297    i.peer_id_free      .\_build\peer_id.o
    0x0002efc8   0x0002efc8   0x0000000c   Code   RO         2298    i.peer_id_get_next_deleted  .\_build\peer_id.o
    0x0002efd4   0x0002efd4   0x00000030   Code   RO         2299    i.peer_id_get_next_used  .\_build\peer_id.o
    0x0002f004   0x0002f004   0x0000000c   Code   RO         2300    i.peer_id_init      .\_build\peer_id.o
    0x0002f010   0x0002f010   0x00000014   Code   RO         2301    i.peer_id_is_allocated  .\_build\peer_id.o
    0x0002f024   0x0002f024   0x00000014   Code   RO         2302    i.peer_id_is_deleted  .\_build\peer_id.o
    0x0002f038   0x0002f038   0x0000006c   Code   RO           25    i.peer_manager_init  .\_build\main.o
    0x0002f0a4   0x0002f0a4   0x00000016   Code   RO         1071    i.phy_is_valid      .\_build\ble_advertising.o
    0x0002f0ba   0x0002f0ba   0x00000002   PAD
    0x0002f0bc   0x0002f0bc   0x0000001c   Code   RO         3681    i.pin_configured_set  .\_build\nrfx_gpiote.o
    0x0002f0d8   0x0002f0d8   0x00000018   Code   RO         3682    i.pin_in_use_by_port  .\_build\nrfx_gpiote.o
    0x0002f0f0   0x0002f0f0   0x00000018   Code   RO         3683    i.pin_in_use_by_te  .\_build\nrfx_gpiote.o
    0x0002f108   0x0002f108   0x00000064   Code   RO         2790    i.pm_buffer_block_acquire  .\_build\pm_buffer.o
    0x0002f16c   0x0002f16c   0x00000024   Code   RO         2791    i.pm_buffer_init    .\_build\pm_buffer.o
    0x0002f190   0x0002f190   0x00000028   Code   RO         2792    i.pm_buffer_ptr_get  .\_build\pm_buffer.o
    0x0002f1b8   0x0002f1b8   0x00000032   Code   RO         2793    i.pm_buffer_release  .\_build\pm_buffer.o
    0x0002f1ea   0x0002f1ea   0x0000000a   Code   RO         2387    i.pm_conn_sec_config_reply  .\_build\peer_manager.o
    0x0002f1f4   0x0002f1f4   0x000000fc   Code   RO           26    i.pm_evt_handler    .\_build\main.o
    0x0002f2f0   0x0002f2f0   0x00000004   Code   RO         2392    i.pm_gcm_evt_handler  .\_build\peer_manager.o
    0x0002f2f4   0x0002f2f4   0x00000004   Code   RO         2393    i.pm_gscm_evt_handler  .\_build\peer_manager.o
    0x0002f2f8   0x0002f2f8   0x00000004   Code   RO         2396    i.pm_im_evt_handler  .\_build\peer_manager.o
    0x0002f2fc   0x0002f2fc   0x000001bc   Code   RO         2397    i.pm_init           .\_build\peer_manager.o
    0x0002f4b8   0x0002f4b8   0x00000118   Code   RO         2401    i.pm_pdb_evt_handler  .\_build\peer_manager.o
    0x0002f5d0   0x0002f5d0   0x00000014   Code   RO         2412    i.pm_peer_delete    .\_build\peer_manager.o
    0x0002f5e4   0x0002f5e4   0x000000e8   Code   RO         2417    i.pm_peer_ranks_get  .\_build\peer_manager.o
    0x0002f6cc   0x0002f6cc   0x00000094   Code   RO         2418    i.pm_peers_delete   .\_build\peer_manager.o
    0x0002f760   0x0002f760   0x0000002c   Code   RO         2421    i.pm_register       .\_build\peer_manager.o
    0x0002f78c   0x0002f78c   0x00000014   Code   RO         2423    i.pm_sec_params_set  .\_build\peer_manager.o
    0x0002f7a0   0x0002f7a0   0x0000000a   Code   RO         2424    i.pm_sm_evt_handler  .\_build\peer_manager.o
    0x0002f7aa   0x0002f7aa   0x00000002   PAD
    0x0002f7ac   0x0002f7ac   0x000000d0   Code   RO         3684    i.port_event_handle  .\_build\nrfx_gpiote.o
    0x0002f87c   0x0002f87c   0x00000010   Code   RO         3685    i.port_handler_polarity_get  .\_build\nrfx_gpiote.o
    0x0002f88c   0x0002f88c   0x0000003c   Code   RO         6992    i.postfix_process   .\_build\nrf_log_str_formatter.o
    0x0002f8c8   0x0002f8c8   0x00000098   Code   RO         6993    i.prefix_process    .\_build\nrf_log_str_formatter.o
    0x0002f960   0x0002f960   0x00000018   Code   RO         3964    i.prs_box_get       .\_build\nrfx_prs.o
    0x0002f978   0x0002f978   0x00000070   Code   RO         8225    i.prvAddCurrentTaskToDelayedList  .\_build\tasks.o
    0x0002f9e8   0x0002f9e8   0x000000d0   Code   RO         8226    i.prvAddNewTaskToReadyList  .\_build\tasks.o
    0x0002fab8   0x0002fab8   0x00000050   Code   RO         8574    i.prvCheckForValidListAndQueue  .\_build\timers.o
    0x0002fb08   0x0002fb08   0x00000026   Code   RO         7890    i.prvCopyDataFromQueue  .\_build\queue.o
    0x0002fb2e   0x0002fb2e   0x0000006c   Code   RO         7891    i.prvCopyDataToQueue  .\_build\queue.o
    0x0002fb9a   0x0002fb9a   0x00000014   Code   RO         8227    i.prvDeleteTCB      .\_build\tasks.o
    0x0002fbae   0x0002fbae   0x00000002   PAD
    0x0002fbb0   0x0002fbb0   0x00000034   Code   RO         8228    i.prvGetExpectedIdleTime  .\_build\tasks.o
    0x0002fbe4   0x0002fbe4   0x0000007c   Code   RO         8229    i.prvIdleTask       .\_build\tasks.o
    0x0002fc60   0x0002fc60   0x0000008a   Code   RO         8230    i.prvInitialiseNewTask  .\_build\tasks.o
    0x0002fcea   0x0002fcea   0x00000002   PAD
    0x0002fcec   0x0002fcec   0x00000038   Code   RO         8575    i.prvInsertTimerInActiveList  .\_build\timers.o
    0x0002fd24   0x0002fd24   0x0000001c   Code   RO         7892    i.prvIsQueueEmpty   .\_build\queue.o
    0x0002fd40   0x0002fd40   0x000000a4   Code   RO         8576    i.prvProcessReceivedCommands  .\_build\timers.o
    0x0002fde4   0x0002fde4   0x000000a4   Code   RO         8577    i.prvProcessTimerOrBlockTask  .\_build\timers.o
    0x0002fe88   0x0002fe88   0x00000020   Code   RO         8231    i.prvResetNextTaskUnblockTime  .\_build\tasks.o
    0x0002fea8   0x0002fea8   0x00000028   Code   RO         8578    i.prvSampleTimeNow  .\_build\timers.o
    0x0002fed0   0x0002fed0   0x00000058   Code   RO         8579    i.prvSwitchTimerLists  .\_build\timers.o
    0x0002ff28   0x0002ff28   0x00000008   Code   RO         8723    i.prvTaskExitError  .\_build\port_cmsis.o
    0x0002ff30   0x0002ff30   0x00000020   Code   RO         8232    i.prvTaskIsTaskSuspended  .\_build\tasks.o
    0x0002ff50   0x0002ff50   0x00000024   Code   RO         8580    i.prvTimerTask      .\_build\timers.o
    0x0002ff74   0x0002ff74   0x0000006a   Code   RO         7893    i.prvUnlockQueue    .\_build\queue.o
    0x0002ffde   0x0002ffde   0x00000002   PAD
    0x0002ffe0   0x0002ffe0   0x0000004c   Code   RO         8786    i.pvPortMalloc      .\_build\heap_1.o
    0x0003002c   0x0003002c   0x0000002c   Code   RO         8724    i.pxPortInitialiseStack  .\_build\port_cmsis.o
    0x00030058   0x00030058   0x0000001c   Code   RO         5221    i.queue_buf_get     .\_build\fds.o
    0x00030074   0x00030074   0x00000010   Code   RO         5222    i.queue_buf_store   .\_build\fds.o
    0x00030084   0x00030084   0x00000014   Code   RO         6033    i.queue_free        .\_build\nrf_fstorage_sd.o
    0x00030098   0x00030098   0x000000a4   Code   RO         5223    i.queue_process     .\_build\fds.o
    0x0003013c   0x0003013c   0x000000a0   Code   RO         6034    i.queue_process     .\_build\nrf_fstorage_sd.o
    0x000301dc   0x000301dc   0x0000001c   Code   RO         5224    i.queue_start       .\_build\fds.o
    0x000301f8   0x000301f8   0x00000024   Code   RO         6035    i.queue_start       .\_build\nrf_fstorage_sd.o
    0x0003021c   0x0003021c   0x00000034   Code   RO         2427    i.rank_vars_update  .\_build\peer_manager.o
    0x00030250   0x00030250   0x0000000e   Code   RO         6036    i.read              .\_build\nrf_fstorage_sd.o
    0x0003025e   0x0003025e   0x00000002   PAD
    0x00030260   0x00030260   0x000000c0   Code   RO           27    i.read_adc_timer_callback  .\_build\main.o
    0x00030320   0x00030320   0x000000a8   Code   RO         2183    i.reattempt_previous_operations  .\_build\peer_database.o
    0x000303c8   0x000303c8   0x00000090   Code   RO         5225    i.record_find       .\_build\fds.o
    0x00030458   0x00030458   0x000000a0   Code   RO         5226    i.record_find_by_desc  .\_build\fds.o
    0x000304f8   0x000304f8   0x0000005c   Code   RO         5227    i.record_find_next  .\_build\fds.o
    0x00030554   0x00030554   0x0000003c   Code   RO         5228    i.record_header_flag_dirty  .\_build\fds.o
    0x00030590   0x00030590   0x00000010   Code   RO         2304    i.release           .\_build\peer_id.o
    0x000305a0   0x000305a0   0x00000004   Code   RO         6037    i.rmap              .\_build\nrf_fstorage_sd.o
    0x000305a4   0x000305a4   0x0000005c   Code   RO         6513    i.rtc_irq           .\_build\app_timer2.o
    0x00030600   0x00030600   0x00000064   Code   RO         6514    i.rtc_schedule      .\_build\app_timer2.o
    0x00030664   0x00030664   0x00000074   Code   RO         6515    i.rtc_update        .\_build\app_timer2.o
    0x000306d8   0x000306d8   0x00000032   Code   RO         4037    i.rx_byte           .\_build\nrfx_uart.o
    0x0003070a   0x0003070a   0x00000016   Code   RO         4038    i.rx_done_event     .\_build\nrfx_uart.o
    0x00030720   0x00030720   0x00000016   Code   RO         4234    i.rx_done_event     .\_build\nrfx_uarte.o
    0x00030736   0x00030736   0x00000002   Code   RO           28    i.saadc_callback_handler  .\_build\main.o
    0x00030738   0x00030738   0x00000034   Code   RO           29    i.saadc_init        .\_build\main.o
    0x0003076c   0x0003076c   0x00000024   Code   RO         1472    i.sc_send_pending_handle  .\_build\gatt_cache_manager.o
    0x00030790   0x00030790   0x00000058   Code   RO         3168    i.sd_state_evt_handler  .\_build\nrf_drv_clock.o
    0x000307e8   0x000307e8   0x00000030   Code   RO         7412    i.sdh_request_observer_notify  .\_build\nrf_sdh.o
    0x00030818   0x00030818   0x0000002c   Code   RO         7413    i.sdh_state_observer_notify  .\_build\nrf_sdh.o
    0x00030844   0x00030844   0x000000d8   Code   RO         2846    i.sec_info_request_process  .\_build\security_dispatcher.o
    0x0003091c   0x0003091c   0x000000f4   Code   RO         2847    i.sec_keyset_fill   .\_build\security_dispatcher.o
    0x00030a10   0x00030a10   0x00000076   Code   RO         2987    i.sec_params_verify  .\_build\security_manager.o
    0x00030a86   0x00030a86   0x00000002   PAD
    0x00030a88   0x00030a88   0x00000060   Code   RO         2848    i.sec_proc_start    .\_build\security_dispatcher.o
    0x00030ae8   0x00030ae8   0x0000005c   Code   RO         2988    i.sec_req_process   .\_build\security_manager.o
    0x00030b44   0x00030b44   0x00000022   Code   RO         2849    i.send_config_req   .\_build\security_dispatcher.o
    0x00030b66   0x00030b66   0x00000002   PAD
    0x00030b68   0x00030b68   0x00000010   Code   RO         1159    i.send_error_evt    .\_build\ble_conn_params.o
    0x00030b78   0x00030b78   0x00000028   Code   RO         1473    i.send_unexpected_error  .\_build\gatt_cache_manager.o
    0x00030ba0   0x00030ba0   0x00000028   Code   RO         2850    i.send_unexpected_error  .\_build\security_dispatcher.o
    0x00030bc8   0x00030bc8   0x00000040   Code   RO         6697    i.serial_tx         .\_build\nrf_log_backend_uart.o
    0x00030c08   0x00030c08   0x00000014   Code   RO         1474    i.service_changed_pending_flags_check  .\_build\gatt_cache_manager.o
    0x00030c1c   0x00030c1c   0x00000094   Code   RO         1633    i.service_changed_pending_set  .\_build\gatts_cache_manager.o
    0x00030cb0   0x00030cb0   0x00000168   Code   RO         1475    i.service_changed_send_in_evt  .\_build\gatt_cache_manager.o
    0x00030e18   0x00030e18   0x00000088   Code   RO          964    i.service_data_encode  .\_build\ble_advdata.o
    0x00030ea0   0x00030ea0   0x000000e4   Code   RO           30    i.services_init     .\_build\main.o
    0x00030f84   0x00030f84   0x00000028   Code   RO           31    i.sleep_mode_enter  .\_build\main.o
    0x00030fac   0x00030fac   0x0000002c   Code   RO         2989    i.sm_ble_evt_handler  .\_build\security_manager.o
    0x00030fd8   0x00030fd8   0x00000004   Code   RO         2990    i.sm_conn_sec_config_reply  .\_build\security_manager.o
    0x00030fdc   0x00030fdc   0x000000a2   Code   RO         2991    i.sm_conn_sec_status_get  .\_build\security_manager.o
    0x0003107e   0x0003107e   0x00000002   PAD
    0x00031080   0x00031080   0x00000058   Code   RO         2992    i.sm_init           .\_build\security_manager.o
    0x000310d8   0x000310d8   0x00000044   Code   RO         2995    i.sm_pdb_evt_handler  .\_build\security_manager.o
    0x0003111c   0x0003111c   0x00000028   Code   RO         2996    i.sm_sec_is_sufficient  .\_build\security_manager.o
    0x00031144   0x00031144   0x00000034   Code   RO         2998    i.sm_sec_params_set  .\_build\security_manager.o
    0x00031178   0x00031178   0x0000002c   Code   RO         2999    i.sm_smd_evt_handler  .\_build\security_manager.o
    0x000311a4   0x000311a4   0x000000f4   Code   RO         2851    i.smd_ble_evt_handler  .\_build\security_dispatcher.o
    0x00031298   0x00031298   0x00000010   Code   RO         2852    i.smd_conn_sec_config_reply  .\_build\security_dispatcher.o
    0x000312a8   0x000312a8   0x00000068   Code   RO         2853    i.smd_init          .\_build\security_dispatcher.o
    0x00031310   0x00031310   0x00000028   Code   RO         2854    i.smd_link_secure   .\_build\security_dispatcher.o
    0x00031338   0x00031338   0x000000ac   Code   RO         2855    i.smd_params_reply  .\_build\security_dispatcher.o
    0x000313e4   0x000313e4   0x00000040   Code   RO         3000    i.smd_params_reply_perform  .\_build\security_manager.o
    0x00031424   0x00031424   0x00000018   Code   RO         3169    i.soc_evt_handler   .\_build\nrf_drv_clock.o
    0x0003143c   0x0003143c   0x00000040   Code   RO         7414    i.softdevice_evt_irq_disable  .\_build\nrf_sdh.o
    0x0003147c   0x0003147c   0x00000020   Code   RO         7610    i.softdevice_task   .\_build\nrf_sdh_freertos.o
    0x0003149c   0x0003149c   0x00000058   Code   RO         7415    i.softdevices_evt_irq_enable  .\_build\nrf_sdh.o
    0x000314f4   0x000314f4   0x0000000c   Code   RO         6516    i.sortlist_pop      .\_build\app_timer2.o
    0x00031500   0x00031500   0x00000030   Code   RO         4844    i.state_set         .\_build\app_button.o
    0x00031530   0x00031530   0x00000094   Code   RO         6827    i.std_n             .\_build\nrf_log_frontend.o
    0x000315c4   0x000315c4   0x0000006c   Code   RO         1476    i.store_car_value   .\_build\gatt_cache_manager.o
    0x00031630   0x00031630   0x00000058   Code   RO         6517    i.timer_expire      .\_build\app_timer2.o
    0x00031688   0x00031688   0x00000078   Code   RO         6518    i.timer_req_process  .\_build\app_timer2.o
    0x00031700   0x00031700   0x00000038   Code   RO         6519    i.timer_req_schedule  .\_build\app_timer2.o
    0x00031738   0x00031738   0x00000002   Code   RO           32    i.timer_service_callback  .\_build\main.o
    0x0003173a   0x0003173a   0x00000002   PAD
    0x0003173c   0x0003173c   0x00000018   Code   RO         4845    i.timer_start       .\_build\app_button.o
    0x00031754   0x00031754   0x00000080   Code   RO           33    i.timers_init       .\_build\main.o
    0x000317d4   0x000317d4   0x00000020   Code   RO         4040    i.tx_byte           .\_build\nrfx_uart.o
    0x000317f4   0x000317f4   0x0000001a   Code   RO         4041    i.tx_done_event     .\_build\nrfx_uart.o
    0x0003180e   0x0003180e   0x0000001a   Code   RO         4235    i.tx_done_event     .\_build\nrfx_uarte.o
    0x00031828   0x00031828   0x00000030   Code   RO         3307    i.uart_evt_handler  .\_build\nrf_drv_uart.o
    0x00031858   0x00031858   0x0000000c   Code   RO         6698    i.uart_evt_handler  .\_build\nrf_log_backend_uart.o
    0x00031864   0x00031864   0x00000050   Code   RO         6699    i.uart_init         .\_build\nrf_log_backend_uart.o
    0x000318b4   0x000318b4   0x0000012a   Code   RO         4042    i.uart_irq_handler  .\_build\nrfx_uart.o
    0x000319de   0x000319de   0x00000002   PAD
    0x000319e0   0x000319e0   0x00000030   Code   RO         3308    i.uarte_evt_handler  .\_build\nrf_drv_uart.o
    0x00031a10   0x00031a10   0x00000112   Code   RO         4236    i.uarte_irq_handler  .\_build\nrfx_uarte.o
    0x00031b22   0x00031b22   0x0000000a   Code   RO          965    i.uint16_encode     .\_build\ble_advdata.o
    0x00031b2c   0x00031b2c   0x0000000c   Code   RO         7894    i.ulPortRaiseBASEPRI  .\_build\queue.o
    0x00031b38   0x00031b38   0x0000000c   Code   RO         8234    i.ulPortRaiseBASEPRI  .\_build\tasks.o
    0x00031b44   0x00031b44   0x0000006c   Code   RO         8235    i.ulTaskNotifyTake  .\_build\tasks.o
    0x00031bb0   0x00031bb0   0x00000020   Code   RO         6038    i.uninit            .\_build\nrf_fstorage_sd.o
    0x00031bd0   0x00031bd0   0x000000b4   Code   RO         5902    i.unsigned_print    .\_build\nrf_fprintf_format.o
    0x00031c84   0x00031c84   0x00000030   Code   RO         1477    i.update_pending_flags_check  .\_build\gatt_cache_manager.o
    0x00031cb4   0x00031cb4   0x00000068   Code   RO         1160    i.update_timeout_handler  .\_build\ble_conn_params.o
    0x00031d1c   0x00031d1c   0x00000018   Code   RO         1072    i.use_whitelist     .\_build\ble_advertising.o
    0x00031d34   0x00031d34   0x0000000c   Code   RO         1247    i.user_flag_is_acquired  .\_build\ble_conn_state.o
    0x00031d40   0x00031d40   0x00000024   Code   RO         1993    i.user_mem_reply    .\_build\nrf_ble_qwr.o
    0x00031d64   0x00031d64   0x00000020   Code   RO         4846    i.usr_event         .\_build\app_button.o
    0x00031d84   0x00031d84   0x00000030   Code   RO          966    i.uuid_list_encode  .\_build\ble_advdata.o
    0x00031db4   0x00031db4   0x0000009e   Code   RO          967    i.uuid_list_sized_encode  .\_build\ble_advdata.o
    0x00031e52   0x00031e52   0x00000026   Code   RO         7838    i.uxListRemove      .\_build\list.o
    0x00031e78   0x00031e78   0x0000000c   Code   RO           34    i.vApplicationIdleHook  .\_build\main.o
    0x00031e84   0x00031e84   0x00000100   Code   RO           35    i.vControlMotorTask  .\_build\main.o
    0x00031f84   0x00031f84   0x00000016   Code   RO         7839    i.vListInitialise   .\_build\list.o
    0x00031f9a   0x00031f9a   0x00000006   Code   RO         7840    i.vListInitialiseItem  .\_build\list.o
    0x00031fa0   0x00031fa0   0x00000030   Code   RO         7841    i.vListInsert       .\_build\list.o
    0x00031fd0   0x00031fd0   0x00000018   Code   RO         7842    i.vListInsertEnd    .\_build\list.o
    0x00031fe8   0x00031fe8   0x00000014   Code   RO         8726    i.vPortEnterCritical  .\_build\port_cmsis.o
    0x00031ffc   0x00031ffc   0x00000014   Code   RO         8727    i.vPortExitCritical  .\_build\port_cmsis.o
    0x00032010   0x00032010   0x00000002   Code   RO         8787    i.vPortFree         .\_build\heap_1.o
    0x00032012   0x00032012   0x00000002   PAD
    0x00032014   0x00032014   0x00000040   Code   RO         8833    i.vPortSetupTimerInterrupt  .\_build\port_cmsis_systick.o
    0x00032054   0x00032054   0x00000110   Code   RO         8834    i.vPortSuppressTicksAndSleep  .\_build\port_cmsis_systick.o
    0x00032164   0x00032164   0x00000028   Code   RO         7898    i.vQueueAddToRegistry  .\_build\queue.o
    0x0003218c   0x0003218c   0x00000044   Code   RO         7901    i.vQueueWaitForMessageRestricted  .\_build\queue.o
    0x000321d0   0x000321d0   0x00000010   Code   RO         8245    i.vTaskInternalSetTimeOutState  .\_build\tasks.o
    0x000321e0   0x000321e0   0x0000000c   Code   RO         8246    i.vTaskMissedYield  .\_build\tasks.o
    0x000321ec   0x000321ec   0x00000084   Code   RO         8247    i.vTaskNotifyGiveFromISR  .\_build\tasks.o
    0x00032270   0x00032270   0x00000020   Code   RO         8248    i.vTaskPlaceOnEventList  .\_build\tasks.o
    0x00032290   0x00032290   0x00000028   Code   RO         8249    i.vTaskPlaceOnEventListRestricted  .\_build\tasks.o
    0x000322b8   0x000322b8   0x00000070   Code   RO         8254    i.vTaskResume       .\_build\tasks.o
    0x00032328   0x00032328   0x00000050   Code   RO         8256    i.vTaskStartScheduler  .\_build\tasks.o
    0x00032378   0x00032378   0x00000010   Code   RO         8257    i.vTaskStepTick     .\_build\tasks.o
    0x00032388   0x00032388   0x000000a8   Code   RO         8258    i.vTaskSuspend      .\_build\tasks.o
    0x00032430   0x00032430   0x00000010   Code   RO         8259    i.vTaskSuspendAll   .\_build\tasks.o
    0x00032440   0x00032440   0x00000044   Code   RO         8260    i.vTaskSwitchContext  .\_build\tasks.o
    0x00032484   0x00032484   0x0000004c   Code   RO          717    i.wakeup_button_cfg  .\_build\bsp.o
    0x000324d0   0x000324d0   0x00000004   Code   RO         6039    i.wmap              .\_build\nrf_fstorage_sd.o
    0x000324d4   0x000324d4   0x00000050   Code   RO         6040    i.write             .\_build\nrf_fstorage_sd.o
    0x00032524   0x00032524   0x0000014c   Code   RO         2184    i.write_buf_store   .\_build\peer_database.o
    0x00032670   0x00032670   0x00000034   Code   RO         2185    i.write_buffer_record_find  .\_build\peer_database.o
    0x000326a4   0x000326a4   0x00000030   Code   RO         2186    i.write_buffer_record_find_next  .\_build\peer_database.o
    0x000326d4   0x000326d4   0x0000001c   Code   RO         2187    i.write_buffer_record_invalidate  .\_build\peer_database.o
    0x000326f0   0x000326f0   0x0000002c   Code   RO         2188    i.write_buffer_record_release  .\_build\peer_database.o
    0x0003271c   0x0003271c   0x000000f4   Code   RO         5230    i.write_enqueue     .\_build\fds.o
    0x00032810   0x00032810   0x000000f8   Code   RO         5231    i.write_execute     .\_build\fds.o
    0x00032908   0x00032908   0x00000018   Code   RO         5232    i.write_space_free  .\_build\fds.o
    0x00032920   0x00032920   0x00000060   Code   RO         5233    i.write_space_reserve  .\_build\fds.o
    0x00032980   0x00032980   0x0000004c   Code   RO         8728    i.xPortStartScheduler  .\_build\port_cmsis.o
    0x000329cc   0x000329cc   0x00000036   Code   RO         7904    i.xQueueGenericCreate  .\_build\queue.o
    0x00032a02   0x00032a02   0x00000002   PAD
    0x00032a04   0x00032a04   0x00000078   Code   RO         7905    i.xQueueGenericReset  .\_build\queue.o
    0x00032a7c   0x00032a7c   0x000000fc   Code   RO         7906    i.xQueueGenericSend  .\_build\queue.o
    0x00032b78   0x00032b78   0x00000064   Code   RO         7907    i.xQueueGenericSendFromISR  .\_build\queue.o
    0x00032bdc   0x00032bdc   0x000000f4   Code   RO         7914    i.xQueueReceive     .\_build\queue.o
    0x00032cd0   0x00032cd0   0x00000050   Code   RO         8261    i.xTaskCheckForTimeOut  .\_build\tasks.o
    0x00032d20   0x00032d20   0x00000056   Code   RO         8262    i.xTaskCreate       .\_build\tasks.o
    0x00032d76   0x00032d76   0x00000002   PAD
    0x00032d78   0x00032d78   0x0000001c   Code   RO         8267    i.xTaskGetSchedulerState  .\_build\tasks.o
    0x00032d94   0x00032d94   0x0000000c   Code   RO         8268    i.xTaskGetTickCount  .\_build\tasks.o
    0x00032da0   0x00032da0   0x000000a0   Code   RO         8270    i.xTaskIncrementTick  .\_build\tasks.o
    0x00032e40   0x00032e40   0x00000070   Code   RO         8273    i.xTaskPriorityDisinherit  .\_build\tasks.o
    0x00032eb0   0x00032eb0   0x0000006c   Code   RO         8275    i.xTaskRemoveFromEventList  .\_build\tasks.o
    0x00032f1c   0x00032f1c   0x000000b4   Code   RO         8276    i.xTaskResumeAll    .\_build\tasks.o
    0x00032fd0   0x00032fd0   0x00000038   Code   RO         8583    i.xTimerCreate      .\_build\timers.o
    0x00033008   0x00033008   0x0000003c   Code   RO         8584    i.xTimerCreateTimerTask  .\_build\timers.o
    0x00033044   0x00033044   0x00000050   Code   RO         8585    i.xTimerGenericCommand  .\_build\timers.o
    0x00033094   0x00033094   0x00000041   Data   RO           37    .constdata          .\_build\main.o
    0x000330d5   0x000330d5   0x00000008   Data   RO          600    .constdata          .\_build\boards.o
    0x000330dd   0x000330dd   0x00000003   PAD
    0x000330e0   0x000330e0   0x0000002c   Data   RO          722    .constdata          .\_build\bsp.o
    0x0003310c   0x0003310c   0x0000006c   Data   RO         1478    .constdata          .\_build\gatt_cache_manager.o
    0x00033178   0x00033178   0x00000004   Data   RO         1634    .constdata          .\_build\gatts_cache_manager.o
    0x0003317c   0x0003317c   0x00000010   Data   RO         1635    .constdata          .\_build\gatts_cache_manager.o
    0x0003318c   0x0003318c   0x00000004   Data   RO         1636    .constdata          .\_build\gatts_cache_manager.o
    0x00033190   0x00033190   0x00000008   Data   RO         1743    .constdata          .\_build\id_manager.o
    0x00033198   0x00033198   0x00000016   Data   RO         1899    .constdata          .\_build\nrf_ble_gatt.o
    0x000331ae   0x000331ae   0x00000002   PAD
    0x000331b0   0x000331b0   0x00000018   Data   RO         2050    .constdata          .\_build\peer_data_storage.o
    0x000331c8   0x000331c8   0x00000010   Data   RO         2190    .constdata          .\_build\peer_database.o
    0x000331d8   0x000331d8   0x0000002c   Data   RO         2429    .constdata          .\_build\peer_manager.o
    0x00033204   0x00033204   0x00000078   Data   RO         2857    .constdata          .\_build\security_dispatcher.o
    0x0003327c   0x0003327c   0x00000008   Data   RO         3001    .constdata          .\_build\security_manager.o
    0x00033284   0x00033284   0x00000008   Data   RO         3687    .constdata          .\_build\nrfx_gpiote.o
    0x0003328c   0x0003328c   0x00000004   Data   RO         4045    .constdata          .\_build\nrfx_uart.o
    0x00033290   0x00033290   0x00000004   Data   RO         4239    .constdata          .\_build\nrfx_uarte.o
    0x00033294   0x00033294   0x0000000c   PAD
    0x000332a0   0x000332a0   0x00000006   Data   RO         4535    .constdata          .\_build\nrfx_saadc.o
    0x000332a6   0x000332a6   0x0000000a   PAD
    0x000332b0   0x000332b0   0x00000006   Data   RO         4690    .constdata          .\_build\drv_rtc.o
    0x000332b6   0x000332b6   0x00000002   PAD
    0x000332b8   0x000332b8   0x00000008   Data   RO         4849    .constdata          .\_build\app_button.o
    0x000332c0   0x000332c0   0x00000018   Data   RO         5236    .constdata          .\_build\fds.o
    0x000332d8   0x000332d8   0x00000010   Data   RO         5903    .constdata          .\_build\nrf_fprintf_format.o
    0x000332e8   0x000332e8   0x0000005e   Data   RO         5949    .constdata          .\_build\nrf_fstorage.o
    0x00033346   0x00033346   0x00000002   PAD
    0x00033348   0x00033348   0x00000010   Data   RO         6043    .constdata          .\_build\nrf_fstorage_sd.o
    0x00033358   0x00033358   0x00000020   Data   RO         6044    .constdata          .\_build\nrf_fstorage_sd.o
    0x00033378   0x00033378   0x00000018   Data   RO         6222    .constdata          .\_build\nrf_pwr_mgmt.o
    0x00033390   0x00033390   0x0000000c   Data   RO         6223    .constdata          .\_build\nrf_pwr_mgmt.o
    0x0003339c   0x0003339c   0x0000013c   Data   RO         6442    .constdata          .\_build\nrf_strerror.o
    0x000334d8   0x000334d8   0x00000014   Data   RO         6522    .constdata          .\_build\app_timer2.o
    0x000334ec   0x000334ec   0x0000000c   Data   RO         6701    .constdata          .\_build\nrf_log_backend_uart.o
    0x000334f8   0x000334f8   0x00000020   Data   RO         6702    .constdata          .\_build\nrf_log_backend_uart.o
    0x00033518   0x00033518   0x0000000c   Data   RO         6832    .constdata          .\_build\nrf_log_frontend.o
    0x00033524   0x00033524   0x00000010   Data   RO         7416    .constdata          .\_build\nrf_sdh.o
    0x00033534   0x00033534   0x00000028   Data   RO         7417    .constdata          .\_build\nrf_sdh.o
    0x0003355c   0x0003355c   0x00000010   Data   RO         7418    .constdata          .\_build\nrf_sdh.o
    0x0003356c   0x0003356c   0x00000010   Data   RO         7419    .constdata          .\_build\nrf_sdh.o
    0x0003357c   0x0003357c   0x00000020   Data   RO         7523    .constdata          .\_build\nrf_sdh_ble.o
    0x0003359c   0x0003359c   0x00000010   Data   RO         7524    .constdata          .\_build\nrf_sdh_ble.o
    0x000335ac   0x000335ac   0x00000010   Data   RO         7574    .constdata          .\_build\nrf_sdh_soc.o
    0x000335bc   0x000335bc   0x0000000c   Data   RO         7575    .constdata          .\_build\nrf_sdh_soc.o
    0x000335c8   0x000335c8   0x00000004   Data   RO         8729    .constdata          .\_build\port_cmsis.o
    0x000335cc   0x000335cc   0x00000081   Data   RO         8955    .constdata          C:\Keil_v5\ARM\ARMCC\Bin\..\lib\armlib\mc_w.l(ctype_o.o)
    0x0003364d   0x0003364d   0x00000003   PAD
    0x00033650   0x00033650   0x00000004   Data   RO         8956    .constdata          C:\Keil_v5\ARM\ARMCC\Bin\..\lib\armlib\mc_w.l(ctype_o.o)
    0x00033654   0x00033654   0x000001a4   Data   RO         1479    .conststring        .\_build\gatt_cache_manager.o
    0x000337f8   0x000337f8   0x0000019c   Data   RO         1637    .conststring        .\_build\gatts_cache_manager.o
    0x00033994   0x00033994   0x000000a2   Data   RO         1900    .conststring        .\_build\nrf_ble_gatt.o
    0x00033a36   0x00033a36   0x00000002   PAD
    0x00033a38   0x00033a38   0x000000e8   Data   RO         2051    .conststring        .\_build\peer_data_storage.o
    0x00033b20   0x00033b20   0x00000180   Data   RO         2191    .conststring        .\_build\peer_database.o
    0x00033ca0   0x00033ca0   0x00000090   Data   RO         2430    .conststring        .\_build\peer_manager.o
    0x00033d30   0x00033d30   0x000002b2   Data   RO         2858    .conststring        .\_build\security_dispatcher.o
    0x00033fe2   0x00033fe2   0x00000002   PAD
    0x00033fe4   0x00033fe4   0x0000017b   Data   RO         3002    .conststring        .\_build\security_manager.o
    0x0003415f   0x0003415f   0x00000001   PAD
    0x00034160   0x00034160   0x0000004f   Data   RO         5950    .conststring        .\_build\nrf_fstorage.o
    0x000341af   0x000341af   0x00000001   PAD
    0x000341b0   0x000341b0   0x000003eb   Data   RO         6443    .conststring        .\_build\nrf_strerror.o
    0x0003459b   0x0003459b   0x00000001   PAD
    0x0003459c   0x0003459c   0x00000066   Data   RO         6994    .conststring        .\_build\nrf_log_str_formatter.o
    0x00034602   0x00034602   0x00000002   PAD
    0x00034604   0x00034604   0x00000188   Data   RO         7525    .conststring        .\_build\nrf_sdh_ble.o
    0x0003478c   0x0003478c   0x00000011   Data   RO         1480    .conststrlit        .\_build\gatt_cache_manager.o
    0x0003479d   0x0003479d   0x00000003   PAD
    0x000347a0   0x000347a0   0x00000012   Data   RO         1638    .conststrlit        .\_build\gatts_cache_manager.o
    0x000347b2   0x000347b2   0x00000002   PAD
    0x000347b4   0x000347b4   0x00000010   Data   RO         1745    .conststrlit        .\_build\id_manager.o
    0x000347c4   0x000347c4   0x0000000d   Data   RO         1901    .conststrlit        .\_build\nrf_ble_gatt.o
    0x000347d1   0x000347d1   0x00000003   PAD
    0x000347d4   0x000347d4   0x00000011   Data   RO         2052    .conststrlit        .\_build\peer_data_storage.o
    0x000347e5   0x000347e5   0x00000003   PAD
    0x000347e8   0x000347e8   0x00000011   Data   RO         2192    .conststrlit        .\_build\peer_database.o
    0x000347f9   0x000347f9   0x00000003   PAD
    0x000347fc   0x000347fc   0x0000000d   Data   RO         2431    .conststrlit        .\_build\peer_manager.o
    0x00034809   0x00034809   0x00000003   PAD
    0x0003480c   0x0003480c   0x00000015   Data   RO         2706    .conststrlit        .\_build\peer_manager_handler.o
    0x00034821   0x00034821   0x00000003   PAD
    0x00034824   0x00034824   0x00000011   Data   RO         2859    .conststrlit        .\_build\security_dispatcher.o
    0x00034835   0x00034835   0x00000003   PAD
    0x00034838   0x00034838   0x00000010   Data   RO         3003    .conststrlit        .\_build\security_manager.o
    0x00034848   0x00034848   0x00000006   Data   RO         3175    .conststrlit        .\_build\nrf_drv_clock.o
    0x0003484e   0x0003484e   0x00000002   PAD
    0x00034850   0x00034850   0x00000006   Data   RO         3514    .conststrlit        .\_build\nrfx_clock.o
    0x00034856   0x00034856   0x00000002   PAD
    0x00034858   0x00034858   0x00000007   Data   RO         3691    .conststrlit        .\_build\nrfx_gpiote.o
    0x0003485f   0x0003485f   0x00000001   PAD
    0x00034860   0x00034860   0x00000004   Data   RO         3966    .conststrlit        .\_build\nrfx_prs.o
    0x00034864   0x00034864   0x00000005   Data   RO         4048    .conststrlit        .\_build\nrfx_uart.o
    0x00034869   0x00034869   0x00000003   PAD
    0x0003486c   0x0003486c   0x00000006   Data   RO         4242    .conststrlit        .\_build\nrfx_uarte.o
    0x00034872   0x00034872   0x00000002   PAD
    0x00034874   0x00034874   0x00000006   Data   RO         4401    .conststrlit        .\_build\nrfx_timer.o
    0x0003487a   0x0003487a   0x00000002   PAD
    0x0003487c   0x0003487c   0x00000006   Data   RO         4543    .conststrlit        .\_build\nrfx_saadc.o
    0x00034882   0x00034882   0x00000002   PAD
    0x00034884   0x00034884   0x0000000b   Data   RO         4850    .conststrlit        .\_build\app_button.o
    0x0003488f   0x0003488f   0x00000001   PAD
    0x00034890   0x00034890   0x0000000d   Data   RO         5951    .conststrlit        .\_build\nrf_fstorage.o
    0x0003489d   0x0003489d   0x00000003   PAD
    0x000348a0   0x000348a0   0x00000009   Data   RO         6224    .conststrlit        .\_build\nrf_pwr_mgmt.o
    0x000348a9   0x000348a9   0x00000003   PAD
    0x000348ac   0x000348ac   0x00000009   Data   RO         6389    .conststrlit        .\_build\nrf_sortlist.o
    0x000348b5   0x000348b5   0x00000003   PAD
    0x000348b8   0x000348b8   0x0000000a   Data   RO         6523    .conststrlit        .\_build\app_timer2.o
    0x000348c2   0x000348c2   0x00000002   PAD
    0x000348c4   0x000348c4   0x00000011   Data   RO         6767    .conststrlit        .\_build\nrf_log_default_backends.o
    0x000348d5   0x000348d5   0x00000003   PAD
    0x000348d8   0x000348d8   0x00000004   Data   RO         6833    .conststrlit        .\_build\nrf_log_frontend.o
    0x000348dc   0x000348dc   0x00000008   Data   RO         7420    .conststrlit        .\_build\nrf_sdh.o
    0x000348e4   0x000348e4   0x0000000c   Data   RO         7526    .conststrlit        .\_build\nrf_sdh_ble.o
    0x000348f0   0x000348f0   0x0000000c   Data   RO         7576    .conststrlit        .\_build\nrf_sdh_soc.o
    0x000348fc   0x000348fc   0x00000011   Data   RO         7611    .conststrlit        .\_build\nrf_sdh_freertos.o
    0x0003490d   0x0003490d   0x00000003   PAD
    0x00034910   0x00034910   0x00000020   Data   RO         9014    Region$$Table       anon$$obj.o
    0x00034930   0x00034930   0x00000010   Data   RO         6769    log_backends        .\_build\nrf_log_default_backends.o
    0x00034940   0x00034940   0x00000008   Data   RO         1482    log_const_data      .\_build\gatt_cache_manager.o
    0x00034948   0x00034948   0x00000008   Data   RO         1640    log_const_data      .\_build\gatts_cache_manager.o
    0x00034950   0x00034950   0x00000008   Data   RO         1747    log_const_data      .\_build\id_manager.o
    0x00034958   0x00034958   0x00000008   Data   RO         1902    log_const_data      .\_build\nrf_ble_gatt.o
    0x00034960   0x00034960   0x00000008   Data   RO         2054    log_const_data      .\_build\peer_data_storage.o
    0x00034968   0x00034968   0x00000008   Data   RO         2194    log_const_data      .\_build\peer_database.o
    0x00034970   0x00034970   0x00000008   Data   RO         2433    log_const_data      .\_build\peer_manager.o
    0x00034978   0x00034978   0x00000008   Data   RO         2709    log_const_data      .\_build\peer_manager_handler.o
    0x00034980   0x00034980   0x00000008   Data   RO         2861    log_const_data      .\_build\security_dispatcher.o
    0x00034988   0x00034988   0x00000008   Data   RO         3005    log_const_data      .\_build\security_manager.o
    0x00034990   0x00034990   0x00000008   Data   RO         3176    log_const_data      .\_build\nrf_drv_clock.o
    0x00034998   0x00034998   0x00000008   Data   RO         3516    log_const_data      .\_build\nrfx_clock.o
    0x000349a0   0x000349a0   0x00000008   Data   RO         3692    log_const_data      .\_build\nrfx_gpiote.o
    0x000349a8   0x000349a8   0x00000008   Data   RO         3968    log_const_data      .\_build\nrfx_prs.o
    0x000349b0   0x000349b0   0x00000008   Data   RO         4049    log_const_data      .\_build\nrfx_uart.o
    0x000349b8   0x000349b8   0x00000008   Data   RO         4243    log_const_data      .\_build\nrfx_uarte.o
    0x000349c0   0x000349c0   0x00000008   Data   RO         4402    log_const_data      .\_build\nrfx_timer.o
    0x000349c8   0x000349c8   0x00000008   Data   RO         4544    log_const_data      .\_build\nrfx_saadc.o
    0x000349d0   0x000349d0   0x00000008   Data   RO         4852    log_const_data      .\_build\app_button.o
    0x000349d8   0x000349d8   0x00000008   Data   RO         5952    log_const_data      .\_build\nrf_fstorage.o
    0x000349e0   0x000349e0   0x00000008   Data   RO         6226    log_const_data      .\_build\nrf_pwr_mgmt.o
    0x000349e8   0x000349e8   0x00000008   Data   RO         6390    log_const_data      .\_build\nrf_sortlist.o
    0x000349f0   0x000349f0   0x00000008   Data   RO         6526    log_const_data      .\_build\app_timer2.o
    0x000349f8   0x000349f8   0x00000008   Data   RO         6837    log_const_data      .\_build\nrf_log_frontend.o
    0x00034a00   0x00034a00   0x00000008   Data   RO         7422    log_const_data      .\_build\nrf_sdh.o
    0x00034a08   0x00034a08   0x00000008   Data   RO         7528    log_const_data      .\_build\nrf_sdh_ble.o
    0x00034a10   0x00034a10   0x00000008   Data   RO         7577    log_const_data      .\_build\nrf_sdh_soc.o
    0x00034a18   0x00034a18   0x00000008   Data   RO         7613    log_const_data      .\_build\nrf_sdh_freertos.o
    0x00034a20   0x00034a20   0x00000014   Data   RO         6838    nrf_balloc          .\_build\nrf_log_frontend.o
    0x00034a34   0x00034a34   0x00000008   Data   RO         1249    sdh_ble_observers0  .\_build\ble_conn_state.o
    0x00034a3c   0x00034a3c   0x00000010   Data   RO           39    sdh_ble_observers1  .\_build\main.o
    0x00034a4c   0x00034a4c   0x00000008   Data   RO          825    sdh_ble_observers1  .\_build\bsp_btn_ble.o
    0x00034a54   0x00034a54   0x00000008   Data   RO         1163    sdh_ble_observers1  .\_build\ble_conn_params.o
    0x00034a5c   0x00034a5c   0x00000008   Data   RO         2434    sdh_ble_observers1  .\_build\peer_manager.o
    0x00034a64   0x00034a64   0x00000008   Data   RO           40    sdh_ble_observers2  .\_build\main.o
    0x00034a6c   0x00034a6c   0x00000020   Data   RO           41    sdh_ble_observers3  .\_build\main.o
    0x00034a8c   0x00034a8c   0x00000008   Data   RO         6046    sdh_req_observers0  .\_build\nrf_fstorage_sd.o
    0x00034a94   0x00034a94   0x00000008   Data   RO         3177    sdh_soc_observers0  .\_build\nrf_drv_clock.o
    0x00034a9c   0x00034a9c   0x00000008   Data   RO         6047    sdh_soc_observers0  .\_build\nrf_fstorage_sd.o
    0x00034aa4   0x00034aa4   0x00000008   Data   RO         7529    sdh_stack_observers0  .\_build\nrf_sdh_ble.o
    0x00034aac   0x00034aac   0x00000008   Data   RO         7578    sdh_stack_observers0  .\_build\nrf_sdh_soc.o
    0x00034ab4   0x00034ab4   0x00000008   Data   RO         3178    sdh_state_observers0  .\_build\nrf_drv_clock.o
    0x00034abc   0x00034abc   0x00000008   Data   RO         6048    sdh_state_observers0  .\_build\nrf_fstorage_sd.o


    Execution Region RW_IRAM1 (Exec base: 0x20002290, Load base: 0x00034ac4, Size: 0x000044e8, Max: 0x0003dd70, ABSOLUTE, COMPRESSED[0x00000068])

    Exec Addr    Load Addr    Size         Type   Attr      Idx    E Section Name        Object

    0x20002290   COMPRESSED   0x00000020   Data   RW           38    .data               .\_build\main.o
    0x200022b0   COMPRESSED   0x00000010   Data   RW          723    .data               .\_build\bsp.o
    0x200022c0   COMPRESSED   0x00000008   Data   RW          824    .data               .\_build\bsp_btn_ble.o
    0x200022c8   COMPRESSED   0x00000008   Data   RW         1162    .data               .\_build\ble_conn_params.o
    0x200022d0   COMPRESSED   0x00000010   Data   RW         1481    .data               .\_build\gatt_cache_manager.o
    0x200022e0   COMPRESSED   0x0000000c   Data   RW         1639    .data               .\_build\gatts_cache_manager.o
    0x200022ec   COMPRESSED   0x0000000c   Data   RW         2053    .data               .\_build\peer_data_storage.o
    0x200022f8   COMPRESSED   0x00000008   Data   RW         2193    .data               .\_build\peer_database.o
    0x20002300   COMPRESSED   0x00000010   Data   RW         2432    .data               .\_build\peer_manager.o
    0x20002310   COMPRESSED   0x00000005   Data   RW         2860    .data               .\_build\security_dispatcher.o
    0x20002315   COMPRESSED   0x00000003   PAD
    0x20002318   COMPRESSED   0x00000015   Data   RW         3004    .data               .\_build\security_manager.o
    0x2000232d   COMPRESSED   0x00000003   PAD
    0x20002330   COMPRESSED   0x00000014   Data   RW         3309    .data               .\_build\nrf_drv_uart.o
    0x20002344   COMPRESSED   0x00000008   Data   RW         3515    .data               .\_build\nrfx_clock.o
    0x2000234c   COMPRESSED   0x00000008   Data   RW         3967    .data               .\_build\nrfx_prs.o
    0x20002354   COMPRESSED   0x0000000c   Data   RW         4691    .data               .\_build\drv_rtc.o
    0x20002360   COMPRESSED   0x00000018   Data   RW         4851    .data               .\_build\app_button.o
    0x20002378   COMPRESSED   0x00000030   Data   RW         5237    .data               .\_build\fds.o
    0x200023a8   COMPRESSED   0x00000008   Data   RW         6045    .data               .\_build\nrf_fstorage_sd.o
    0x200023b0   COMPRESSED   0x00000008   Data   RW         6225    .data               .\_build\nrf_pwr_mgmt.o
    0x200023b8   COMPRESSED   0x00000020   Data   RW         6524    .data               .\_build\app_timer2.o
    0x200023d8   COMPRESSED   0x00000004   Data   RW         6525    .data               .\_build\app_timer2.o
    0x200023dc   COMPRESSED   0x00000018   Data   RW         6703    .data               .\_build\nrf_log_backend_uart.o
    0x200023f4   COMPRESSED   0x00000008   Data   RW         6768    .data               .\_build\nrf_log_default_backends.o
    0x200023fc   COMPRESSED   0x00000004   Data   RW         6834    .data               .\_build\nrf_log_frontend.o
    0x20002400   COMPRESSED   0x00000008   Data   RW         6835    .data               .\_build\nrf_log_frontend.o
    0x20002408   COMPRESSED   0x00000008   Data   RW         6836    .data               .\_build\nrf_log_frontend.o
    0x20002410   COMPRESSED   0x00000040   Data   RW         6995    .data               .\_build\nrf_log_str_formatter.o
    0x20002450   COMPRESSED   0x00000003   Data   RW         7421    .data               .\_build\nrf_sdh.o
    0x20002453   COMPRESSED   0x00000001   Data   RW         7527    .data               .\_build\nrf_sdh_ble.o
    0x20002454   COMPRESSED   0x00000008   Data   RW         7612    .data               .\_build\nrf_sdh_freertos.o
    0x2000245c   COMPRESSED   0x0000003c   Data   RW         8279    .data               .\_build\tasks.o
    0x20002498   COMPRESSED   0x00000014   Data   RW         8593    .data               .\_build\timers.o
    0x200024ac   COMPRESSED   0x00000004   Data   RW         8730    .data               .\_build\port_cmsis.o
    0x200024b0   COMPRESSED   0x00000008   Data   RW         8791    .data               .\_build\heap_1.o
    0x200024b8   COMPRESSED   0x00000004   Data   RW         8898    .data               .\_build\system_nrf52840.o
    0x200024bc   COMPRESSED   0x00000014   Data   RW         5238    fs_data             .\_build\fds.o
    0x200024d0        -       0x00000484   Zero   RW           36    .bss                .\_build\main.o
    0x20002954   COMPRESSED   0x00000004   PAD
    0x20002958        -       0x00000020   Zero   RW          718    .bss                .\_build\bsp.o
    0x20002978        -       0x00000020   Zero   RW          719    .bss                .\_build\bsp.o
    0x20002998        -       0x0000000c   Zero   RW          720    .bss                .\_build\bsp.o
    0x200029a4   COMPRESSED   0x00000004   PAD
    0x200029a8        -       0x00000020   Zero   RW          721    .bss                .\_build\bsp.o
    0x200029c8        -       0x00000050   Zero   RW         1161    .bss                .\_build\ble_conn_params.o
    0x20002a18        -       0x0000007c   Zero   RW         1248    .bss                .\_build\ble_conn_state.o
    0x20002a94        -       0x000000d8   Zero   RW         1742    .bss                .\_build\id_manager.o
    0x20002b6c        -       0x00000180   Zero   RW         2189    .bss                .\_build\peer_database.o
    0x20002cec        -       0x00000040   Zero   RW         2305    .bss                .\_build\peer_id.o
    0x20002d2c        -       0x0000000c   Zero   RW         2428    .bss                .\_build\peer_manager.o
    0x20002d38        -       0x00000040   Zero   RW         2856    .bss                .\_build\security_dispatcher.o
    0x20002d78        -       0x00000014   Zero   RW         3170    .bss                .\_build\nrf_drv_clock.o
    0x20002d8c        -       0x0000006c   Zero   RW         3686    .bss                .\_build\nrfx_gpiote.o
    0x20002df8        -       0x0000002c   Zero   RW         4043    .bss                .\_build\nrfx_uart.o
    0x20002e24        -       0x00000024   Zero   RW         4237    .bss                .\_build\nrfx_uarte.o
    0x20002e48        -       0x0000000c   Zero   RW         4399    .bss                .\_build\nrfx_timer.o
    0x20002e54        -       0x00000030   Zero   RW         4534    .bss                .\_build\nrfx_saadc.o
    0x20002e84   COMPRESSED   0x00000004   PAD
    0x20002e88        -       0x00000020   Zero   RW         4847    .bss                .\_build\app_button.o
    0x20002ea8        -       0x00000020   Zero   RW         4848    .bss                .\_build\app_button.o
    0x20002ec8        -       0x0000000c   Zero   RW         5092    .bss                .\_build\app_util_platform.o
    0x20002ed4        -       0x00000010   Zero   RW         5234    .bss                .\_build\fds.o
    0x20002ee4        -       0x000000e0   Zero   RW         5235    .bss                .\_build\fds.o
    0x20002fc4        -       0x00000010   Zero   RW         6041    .bss                .\_build\nrf_fstorage_sd.o
    0x20002fd4        -       0x000000a0   Zero   RW         6042    .bss                .\_build\nrf_fstorage_sd.o
    0x20003074        -       0x0000000c   Zero   RW         6221    .bss                .\_build\nrf_pwr_mgmt.o
    0x20003080        -       0x00000010   Zero   RW         6520    .bss                .\_build\app_timer2.o
    0x20003090        -       0x00000058   Zero   RW         6521    .bss                .\_build\app_timer2.o
    0x200030e8        -       0x00000040   Zero   RW         6700    .bss                .\_build\nrf_log_backend_uart.o
    0x20003128        -       0x000000c0   Zero   RW         6828    .bss                .\_build\nrf_log_frontend.o
    0x200031e8        -       0x00000080   Zero   RW         6829    .bss                .\_build\nrf_log_frontend.o
    0x20003268        -       0x00000018   Zero   RW         6830    .bss                .\_build\nrf_log_frontend.o
    0x20003280        -       0x00000420   Zero   RW         6831    .bss                .\_build\nrf_log_frontend.o
    0x200036a0        -       0x00000010   Zero   RW         7918    .bss                .\_build\queue.o
    0x200036b0        -       0x000000a0   Zero   RW         8278    .bss                .\_build\tasks.o
    0x20003750        -       0x00000028   Zero   RW         8592    .bss                .\_build\timers.o
    0x20003778        -       0x00001000   Zero   RW         8790    .bss                .\_build\heap_1.o
    0x20004778        -       0x00002000   Zero   RW         8886    STACK               .\_build\arm_startup_nrf52840.o


==============================================================================

Image component sizes


      Code (inc. data)   RO Data    RW Data    ZI Data      Debug   Object Name

       664         66         27         24         64      14226   .\_build\app_button.o
        22          0          0          0          0       2497   .\_build\app_error.o
       132         46          0          0          0      34109   .\_build\app_error_weak.o
         0          0          0          0          0      37162   .\_build\app_scheduler.o
       846         90         38         36        104      13125   .\_build\app_timer2.o
       124         14          0          0         12      10642   .\_build\app_util_platform.o
        36          8        512          0       8192        924   .\_build\arm_startup_nrf52840.o
      1338          0          0          0          0      53272   .\_build\ble_advdata.o
      1064          6          0          0          0      10943   .\_build\ble_advertising.o
       636         44          8          8         80       9223   .\_build\ble_conn_params.o
       772         62          8          0        124      15489   .\_build\ble_conn_state.o
         8          0          0          0          0       1438   .\_build\ble_srv_common.o
       440         46          8          0          0      14843   .\_build\boards.o
       988         96         44         16        108      15871   .\_build\bsp.o
       252         10          8          8          0       9492   .\_build\bsp_btn_ble.o
       688         72          6         12          0      48551   .\_build\drv_rtc.o
         0          0          0          0          0      13548   .\_build\event_groups.o
      3576        336         24         68        240      50239   .\_build\fds.o
      2152        552        553         16          0      33639   .\_build\gatt_cache_manager.o
       686         84        462         12          0      16483   .\_build\gatts_cache_manager.o
        78          8          0          8       4096       2447   .\_build\heap_1.o
       946         34         32          0        216      16880   .\_build\id_manager.o
       138          0          0          0          0       3906   .\_build\list.o
      3342       1070        121         32       1156     248415   .\_build\main.o
       342          0          0          0          0       6638   .\_build\nrf_atfifo.o
       170          0          0          0          0       4760   .\_build\nrf_atflags.o
       332          0          0          0          0      10006   .\_build\nrf_atomic.o
       164          0          0          0          0       3592   .\_build\nrf_balloc.o
       922        272        205          0          0      37155   .\_build\nrf_ble_gatt.o
       276          0          0          0          0       4653   .\_build\nrf_ble_qwr.o
       418         42         30          0         20      45174   .\_build\nrf_drv_clock.o
       200         26          0         20          0      17724   .\_build\nrf_drv_uart.o
        50          0          0          0          0       3493   .\_build\nrf_fprintf.o
       866          4         16          0          0       6502   .\_build\nrf_fprintf_format.o
       972        432        194          0          0       7940   .\_build\nrf_fstorage.o
       798         82         72          8        176      15835   .\_build\nrf_fstorage_sd.o
       200          0          0          0          0      11569   .\_build\nrf_log_backend_serial.o
       232         44         44         24         64      15798   .\_build\nrf_log_backend_uart.o
        28          4         33          8          0       3317   .\_build\nrf_log_default_backends.o
      1496        128         44         20       1400      30479   .\_build\nrf_log_frontend.o
       570        108        102         64          0       5596   .\_build\nrf_log_str_formatter.o
       346          0          0          0          0       9479   .\_build\nrf_memobj.o
        40         12         53          8         12       3560   .\_build\nrf_pwr_mgmt.o
        28          0          0          0          0       2339   .\_build\nrf_ringbuf.o
       556         60        104          3          0      44559   .\_build\nrf_sdh.o
       672        230        468          1          0       5805   .\_build\nrf_sdh_ble.o
       196         68         25          8          0       3288   .\_build\nrf_sdh_freertos.o
        60          4         56          0          0       2440   .\_build\nrf_sdh_soc.o
        78          0          0          0          0       2740   .\_build\nrf_section_iter.o
        84          0         17          0          0       4049   .\_build\nrf_sortlist.o
        76         10       1319          0          0       2703   .\_build\nrf_strerror.o
       274         38         14          8          0      47653   .\_build\nrfx_clock.o
      1386        108         23          0        108      66497   .\_build\nrfx_gpiote.o
       112         16         12          8          0       4436   .\_build\nrfx_prs.o
       896         66         20          0         48      19006   .\_build\nrfx_saadc.o
        92         10         14          0         12       9795   .\_build\nrfx_timer.o
      1354         48         17          0         44      31341   .\_build\nrfx_uart.o
      1356         48         18          0         36      26815   .\_build\nrfx_uarte.o
       380          0          0          0          0       6708   .\_build\our_service.o
      1172        144        281         12          0      18074   .\_build\peer_data_storage.o
      1434        260        425          8        384      19318   .\_build\peer_database.o
       314         38          0          0         64       9031   .\_build\peer_id.o
      1356        364        217         16         12      17745   .\_build\peer_manager.o
         0          0         29          0          0       2452   .\_build\peer_manager_handler.o
       234          0          0          0          0       5387   .\_build\pm_buffer.o
       160         14          0          0          0        684   .\_build\port.o
       168         34          4          4          0      40666   .\_build\port_cmsis.o
       452         36          0          0          0      46410   .\_build\port_cmsis_systick.o
      1170         22          0          0         16      14234   .\_build\queue.o
      1960        274        835          5         64      27447   .\_build\security_dispatcher.o
      1366        122        411         21          0      54348   .\_build\security_manager.o
       468         62          0          4          0      12787   .\_build\system_nrf52840.o
      2344        222          0         60        160      28354   .\_build\tasks.o
       824         82          0         20         40      10694   .\_build\timers.o

    ----------------------------------------------------------------------
     48460       6178       7080        576      17064    1508439   Object Totals
         0          0         32          0          0          0   (incl. Generated)
        88          0         95          6         12          0   (incl. Padding)

    ----------------------------------------------------------------------

      Code (inc. data)   RO Data    RW Data    ZI Data      Debug   Library Member Name

        86          0          0          0          0          0   C:\Keil_v5\ARM\ARMCC\Bin\..\lib\armlib\mc_w.l(__dczerorl2.o)
         8          4        133          0          0         68   C:\Keil_v5\ARM\ARMCC\Bin\..\lib\armlib\mc_w.l(ctype_o.o)
         0          0          0          0          0          0   C:\Keil_v5\ARM\ARMCC\Bin\..\lib\armlib\mc_w.l(entry.o)
         0          0          0          0          0          0   C:\Keil_v5\ARM\ARMCC\Bin\..\lib\armlib\mc_w.l(entry10a.o)
         0          0          0          0          0          0   C:\Keil_v5\ARM\ARMCC\Bin\..\lib\armlib\mc_w.l(entry11a.o)
         8          4          0          0          0          0   C:\Keil_v5\ARM\ARMCC\Bin\..\lib\armlib\mc_w.l(entry2.o)
         4          0          0          0          0          0   C:\Keil_v5\ARM\ARMCC\Bin\..\lib\armlib\mc_w.l(entry5.o)
         0          0          0          0          0          0   C:\Keil_v5\ARM\ARMCC\Bin\..\lib\armlib\mc_w.l(entry7b.o)
         0          0          0          0          0          0   C:\Keil_v5\ARM\ARMCC\Bin\..\lib\armlib\mc_w.l(entry8b.o)
         8          4          0          0          0          0   C:\Keil_v5\ARM\ARMCC\Bin\..\lib\armlib\mc_w.l(entry9a.o)
        30          0          0          0          0          0   C:\Keil_v5\ARM\ARMCC\Bin\..\lib\armlib\mc_w.l(handlers.o)
        36          8          0          0          0         68   C:\Keil_v5\ARM\ARMCC\Bin\..\lib\armlib\mc_w.l(init.o)
        30          0          0          0          0         68   C:\Keil_v5\ARM\ARMCC\Bin\..\lib\armlib\mc_w.l(llshl.o)
        26          0          0          0          0         80   C:\Keil_v5\ARM\ARMCC\Bin\..\lib\armlib\mc_w.l(memcmp.o)
        36          0          0          0          0         68   C:\Keil_v5\ARM\ARMCC\Bin\..\lib\armlib\mc_w.l(memcpya.o)
        36          0          0          0          0        108   C:\Keil_v5\ARM\ARMCC\Bin\..\lib\armlib\mc_w.l(memseta.o)
        14          0          0          0          0         68   C:\Keil_v5\ARM\ARMCC\Bin\..\lib\armlib\mc_w.l(strlen.o)

    ----------------------------------------------------------------------
       328         20        136          0          0        528   Library Totals
         6          0          3          0          0          0   (incl. Padding)

    ----------------------------------------------------------------------

      Code (inc. data)   RO Data    RW Data    ZI Data      Debug   Library Name

       322         20        133          0          0        528   C:\Keil_v5\ARM\ARMCC\Bin\..\lib\armlib\mc_w.l

    ----------------------------------------------------------------------
       328         20        136          0          0        528   Library Totals

    ----------------------------------------------------------------------

==============================================================================


      Code (inc. data)   RO Data    RW Data    ZI Data      Debug   

     48788       6198       7216        576      17064    1445895   Grand Totals
     48788       6198       7216        104      17064    1445895   ELF Image Totals (compressed)
     48788       6198       7216        104          0          0   ROM Totals

==============================================================================

    Total RO  Size (Code + RO Data)                56004 (  54.69kB)
    Total RW  Size (RW Data + ZI Data)             17640 (  17.23kB)
    Total ROM Size (Code + RO Data + RW Data)      56108 (  54.79kB)

==============================================================================

